******************************************************************************
                  TI ARM Linker Unix v16.9.3                   
******************************************************************************
>> Linked Mon Jan 22 22:07:07 2018

OUTPUT FILE NAME:   <final.out>
ENTRY POINT SYMBOL: "_c_int00"  address: 00001249


MEMORY CONFIGURATION

         name            origin    length      used     unused   attr    fill
----------------------  --------  ---------  --------  --------  ----  --------
  MAIN                  00000000   00040000  0000140c  0003ebf4  R  X
  INFO                  00200000   00004000  00000000  00004000  R  X
  SRAM_CODE             01000000   00010000  00000652  0000f9ae  RW X
  SRAM_DATA             20000000   00010000  00000652  0000f9ae  RW  


SEGMENT ALLOCATION MAP

run origin  load origin   length   init length attrs members
----------  ----------- ---------- ----------- ----- -------
00000000    00000000    00001410   00001410    r-x
  00000000    00000000    000000e4   000000e4    r-- .intvecs
  000000e4    000000e4    000012e8   000012e8    r-x .text
  000013d0    000013d0    00000040   00000040    r-- .cinit
20000000    20000000    00000454   00000000    rw-
  20000000    20000000    00000400   00000000    rw- .sysmem
  20000400    20000400    00000032   00000000    rw- .bss
  20000434    20000434    00000020   00000000    rw- .data
2000fe00    2000fe00    00000200   00000000    rw-
  2000fe00    2000fe00    00000200   00000000    rw- .stack


SECTION ALLOCATION MAP

 output                                  attributes/
section   page    origin      length       input sections
--------  ----  ----------  ----------   ----------------
.intvecs   0    00000000    000000e4     
                  00000000    000000e4     startup_msp432p401r_ccs.obj (.intvecs:retain)

.text      0    000000e4    000012e8     
                  000000e4    00000338     main.obj (.text)
                  0000041c    0000032c     system_msp432p401r.obj (.text)
                  00000748    000002c0     adc.obj (.text)
                  00000a08    000001b6     rtsv7M4_T_le_v4SPD16_eabi.lib : fd_add_t2.obj (.text)
                  00000bbe    00000002                                   : mpu_init.obj (.text)
                  00000bc0    00000170                                   : e_sqrt.obj (.text)
                  00000d30    00000136                                   : fd_div_t2.obj (.text)
                  00000e66    000000fc                                   : fd_mul_t2.obj (.text)
                  00000f62    0000009c                                   : memcpy_t2.obj (.text)
                  00000ffe    00000086                                   : fd_cmp_t2.obj (.text:__aeabi_cdrcmple)
                  00001084    0000007a                                   : memset_t2.obj (.text)
                  000010fe    00000002                                   : startup.obj (.text)
                  00001100    00000070                                   : autoinit.obj (.text)
                  00001170    0000006e                                   : fd_tos_t2.obj (.text)
                  000011de    00000068                                   : copy_decompress_lzss.obj (.text:decompress:lzss)
                  00001246    00000002     --HOLE-- [fill = 0]
                  00001248    00000054                                   : boot.obj (.text)
                  0000129c    00000054                                   : exit.obj (.text)
                  000012f0    0000004c                                   : cpy_tbl.obj (.text)
                  0000133c    00000038                                   : fs_tod_t2.obj (.text)
                  00001374    00000018                                   : args_main.obj (.text)
                  0000138c    00000014                                   : _lock.obj (.text)
                  000013a0    0000000e                                   : copy_decompress_none.obj (.text:decompress:none)
                  000013ae    0000000e     startup_msp432p401r_ccs.obj (.text)
                  000013bc    0000000c     rtsv7M4_T_le_v4SPD16_eabi.lib : copy_zero_init.obj (.text:decompress:ZI)
                  000013c8    00000004                                   : pre_init.obj (.text)

.cinit     0    000013d0    00000040     
                  000013d0    00000015     (.cinit..data.load) [load image, compression = lzss]
                  000013e5    00000003     --HOLE-- [fill = 0]
                  000013e8    0000000c     (__TI_handler_table)
                  000013f4    00000004     --HOLE-- [fill = 0]
                  000013f8    00000008     (.cinit..bss.load) [load image, compression = zero_init]
                  00001400    00000010     (__TI_cinit_table)

.init_array 
*          0    00000000    00000000     UNINITIALIZED

.binit     0    00000000    00000000     

.sysmem    0    20000000    00000400     UNINITIALIZED
                  20000000    00000008     rtsv7M4_T_le_v4SPD16_eabi.lib : memory.obj (.sysmem)
                  20000008    000003f8     --HOLE--

.bss       0    20000400    00000032     UNINITIALIZED
                  20000400    00000004     (.common:Nadc1)
                  20000404    00000004     (.common:Nadc2)
                  20000408    00000004     (.common:Nadc5)
                  2000040c    00000004     (.common:convert1)
                  20000410    00000004     (.common:convert2)
                  20000414    00000004     (.common:convert3)
                  20000418    00000004     (.common:coppm)
                  2000041c    00000004     (.common:lpgppm)
                  20000420    00000004     (.common:temp)
                  20000424    00000004     (.common:vadc)
                  20000428    00000004     (.common:vadc2)
                  2000042c    00000004     (.common:vadc5)
                  20000430    00000002     (.common:i)

.data      0    20000434    00000020     UNINITIALIZED
                  20000434    0000000c     rtsv7M4_T_le_v4SPD16_eabi.lib : exit.obj (.data:$O1$$)
                  20000440    00000008                                   : _lock.obj (.data:$O1$$)
                  20000448    00000004                                   : errno.obj (.data)
                  2000044c    00000004                                   : stkdepth_vars.obj (.data)
                  20000450    00000004     system_msp432p401r.obj (.data)

.stack     0    2000fe00    00000200     UNINITIALIZED
                  2000fe00    00000200     --HOLE--

MODULE SUMMARY

       Module                        code   ro data   rw data
       ------                        ----   -------   -------
    ./
       main.obj                      824    0         100    
       system_msp432p401r.obj        812    0         8      
       adc.obj                       704    0         0      
       startup_msp432p401r_ccs.obj   14     228       0      
    +--+-----------------------------+------+---------+---------+
       Total:                        2354   228       108    
                                                             
    /Applications/ti/ccsv7/tools/compiler/ti-cgt-arm_16.9.3.LTS/lib/rtsv7M4_T_le_v4SPD16_eabi.lib
       fd_add_t2.obj                 438    0         0      
       e_sqrt.obj                    368    0         0      
       fd_div_t2.obj                 310    0         0      
       fd_mul_t2.obj                 252    0         0      
       memcpy_t2.obj                 156    0         0      
       fd_cmp_t2.obj                 134    0         0      
       memset_t2.obj                 122    0         0      
       autoinit.obj                  112    0         0      
       fd_tos_t2.obj                 110    0         0      
       exit.obj                      84     0         24     
       copy_decompress_lzss.obj      104    0         0      
       boot.obj                      84     0         0      
       cpy_tbl.obj                   76     0         0      
       fs_tod_t2.obj                 56     0         0      
       _lock.obj                     20     0         16     
       args_main.obj                 24     0         0      
       copy_decompress_none.obj      14     0         0      
       copy_zero_init.obj            12     0         0      
       errno.obj                     0      0         8      
       stkdepth_vars.obj             0      0         8      
       pre_init.obj                  4      0         0      
       mpu_init.obj                  2      0         0      
       startup.obj                   2      0         0      
    +--+-----------------------------+------+---------+---------+
       Total:                        2484   0         56     
                                                             
       Heap:                         0      0         2048   
       Stack:                        0      0         1024   
       Linker Generated:             0      57        0      
    +--+-----------------------------+------+---------+---------+
       Grand Total:                  4838   285       3236   


LINKER GENERATED COPY TABLES

__TI_cinit_table @ 00001400 records: 2, size/record: 8, table size: 16
	.data: load addr=000013d0, load size=00000015 bytes, run addr=20000434, run size=00000020 bytes, compression=lzss
	.bss: load addr=000013f8, load size=00000008 bytes, run addr=20000400, run size=00000032 bytes, compression=zero_init


LINKER GENERATED HANDLER TABLE

__TI_handler_table @ 000013e8 records: 3, size/record: 4, table size: 12
	index: 0, handler: __TI_decompress_lzss
	index: 1, handler: __TI_decompress_none
	index: 2, handler: __TI_zero_init


GLOBAL SYMBOLS: SORTED ALPHABETICALLY BY Name 

address   name                           
-------   ----                           
00000939  ADC14_IRQHandler               
00000939  ADC14_IRQHandler               
000013bb  AES256_IRQHandler              
000013bb  BusFault_Handler               
0000129d  C$$EXIT                        
000013bb  COMP_E0_IRQHandler             
000013bb  COMP_E1_IRQHandler             
000013bb  CS_IRQHandler                  
000013bb  DMA_ERR_IRQHandler             
000013bb  DMA_INT0_IRQHandler            
000013bb  DMA_INT1_IRQHandler            
000013bb  DMA_INT2_IRQHandler            
000013bb  DMA_INT3_IRQHandler            
000013bb  DebugMon_Handler               
000013bb  Default_Handler                
000013bb  EUSCIA0_IRQHandler             
000013bb  EUSCIA1_IRQHandler             
000013bb  EUSCIA2_IRQHandler             
000013bb  EUSCIA3_IRQHandler             
000013bb  EUSCIB0_IRQHandler             
000013bb  EUSCIB1_IRQHandler             
000013bb  EUSCIB2_IRQHandler             
000013bb  EUSCIB3_IRQHandler             
000013bb  FLCTL_IRQHandler               
000013bb  FPU_IRQHandler                 
000013bb  HardFault_Handler              
000013bb  MemManage_Handler              
000013bb  NMI_Handler                    
20000400  Nadc1                          
20000404  Nadc2                          
20000408  Nadc5                          
000013bb  PCM_IRQHandler                 
000013bb  PORT1_IRQHandler               
000013bb  PORT2_IRQHandler               
000013bb  PORT3_IRQHandler               
000013bb  PORT4_IRQHandler               
000013bb  PORT5_IRQHandler               
000013bb  PORT6_IRQHandler               
000013bb  PSS_IRQHandler                 
000013bb  PendSV_Handler                 
000013bb  RTC_C_IRQHandler               
000013af  Reset_Handler                  
UNDEFED   SHT$$INIT_ARRAY$$Base          
UNDEFED   SHT$$INIT_ARRAY$$Limit         
000013bb  SVC_Handler                    
000013bb  SysTick_Handler                
20000450  SystemCoreClock                
0000041d  SystemCoreClockUpdate          
00000691  SystemInit                     
000013bb  T32_INT1_IRQHandler            
000013bb  T32_INT2_IRQHandler            
000013bb  T32_INTC_IRQHandler            
000013bb  TA0_0_IRQHandler               
000013bb  TA0_N_IRQHandler               
000013bb  TA1_0_IRQHandler               
000013bb  TA1_N_IRQHandler               
000013bb  TA2_0_IRQHandler               
000013bb  TA2_N_IRQHandler               
000013bb  TA3_0_IRQHandler               
000013bb  TA3_N_IRQHandler               
000013bb  UsageFault_Handler             
4000480c  WDTCTL_SYM                     
000013bb  WDT_A_IRQHandler               
20010000  __STACK_END                    
00000200  __STACK_SIZE                   
00000400  __SYSMEM_SIZE                  
00001400  __TI_CINIT_Base                
00001410  __TI_CINIT_Limit               
000013e8  __TI_Handler_Table_Base        
000013f4  __TI_Handler_Table_Limit       
00001101  __TI_auto_init                 
20000434  __TI_cleanup_ptr               
000011df  __TI_decompress_lzss           
000013a1  __TI_decompress_none           
20000438  __TI_dtors_ptr                 
2000043c  __TI_enable_exit_profile_output
ffffffff  __TI_pprof_out_hndl            
ffffffff  __TI_prof_data_size            
ffffffff  __TI_prof_data_start           
00000000  __TI_static_base__             
000013bd  __TI_zero_init                 
00000fff  __aeabi_cdrcmple               
00001171  __aeabi_d2f                    
00000a13  __aeabi_dadd                   
00000d31  __aeabi_ddiv                   
00000e67  __aeabi_dmul                   
00000a09  __aeabi_dsub                   
0000133d  __aeabi_f2d                    
00001085  __aeabi_memclr                 
00001085  __aeabi_memclr4                
00001085  __aeabi_memclr8                
00000f63  __aeabi_memcpy                 
00000f63  __aeabi_memcpy4                
00000f63  __aeabi_memcpy8                
00001087  __aeabi_memset                 
00001087  __aeabi_memset4                
00001087  __aeabi_memset8                
ffffffff  __binit__                      
ffffffff  __c_args__                     
00000bbf  __mpu_init                     
2000fe00  __stack                        
00001375  _args_main                     
00001249  _c_int00                       
20000440  _lock                          
0000139b  _nop                           
00001393  _register_lock                 
0000138d  _register_unlock               
20000000  _sys_memory                    
000010ff  _system_post_cinit             
000013c9  _system_pre_init               
20000444  _unlock                        
000012a1  abort                          
ffffffff  binit                          
00000775  configureADC                   
00000847  configureADC2                  
000008bd  configureADC5                  
2000040c  convert1                       
20000410  convert2                       
20000414  convert3                       
20000418  coppm                          
000012f1  copy_in                        
20000448  errno                          
000012a9  exit                           
20000430  i                              
00000000  interruptVectors               
2000041c  lpgppm                         
000000e5  main                           
2000044c  main_func_sp                   
00000f63  memcpy                         
0000108d  memset                         
00000bc1  sqrt                           
00000bc1  sqrtl                          
20000420  temp                           
20000424  vadc                           
20000428  vadc2                          
2000042c  vadc5                          


GLOBAL SYMBOLS: SORTED BY Symbol Address 

address   name                           
-------   ----                           
00000000  __TI_static_base__             
00000000  interruptVectors               
000000e5  main                           
00000200  __STACK_SIZE                   
00000400  __SYSMEM_SIZE                  
0000041d  SystemCoreClockUpdate          
00000691  SystemInit                     
00000775  configureADC                   
00000847  configureADC2                  
000008bd  configureADC5                  
00000939  ADC14_IRQHandler               
00000939  ADC14_IRQHandler               
00000a09  __aeabi_dsub                   
00000a13  __aeabi_dadd                   
00000bbf  __mpu_init                     
00000bc1  sqrt                           
00000bc1  sqrtl                          
00000d31  __aeabi_ddiv                   
00000e67  __aeabi_dmul                   
00000f63  __aeabi_memcpy                 
00000f63  __aeabi_memcpy4                
00000f63  __aeabi_memcpy8                
00000f63  memcpy                         
00000fff  __aeabi_cdrcmple               
00001085  __aeabi_memclr                 
00001085  __aeabi_memclr4                
00001085  __aeabi_memclr8                
00001087  __aeabi_memset                 
00001087  __aeabi_memset4                
00001087  __aeabi_memset8                
0000108d  memset                         
000010ff  _system_post_cinit             
00001101  __TI_auto_init                 
00001171  __aeabi_d2f                    
000011df  __TI_decompress_lzss           
00001249  _c_int00                       
0000129d  C$$EXIT                        
000012a1  abort                          
000012a9  exit                           
000012f1  copy_in                        
0000133d  __aeabi_f2d                    
00001375  _args_main                     
0000138d  _register_unlock               
00001393  _register_lock                 
0000139b  _nop                           
000013a1  __TI_decompress_none           
000013af  Reset_Handler                  
000013bb  AES256_IRQHandler              
000013bb  BusFault_Handler               
000013bb  COMP_E0_IRQHandler             
000013bb  COMP_E1_IRQHandler             
000013bb  CS_IRQHandler                  
000013bb  DMA_ERR_IRQHandler             
000013bb  DMA_INT0_IRQHandler            
000013bb  DMA_INT1_IRQHandler            
000013bb  DMA_INT2_IRQHandler            
000013bb  DMA_INT3_IRQHandler            
000013bb  DebugMon_Handler               
000013bb  Default_Handler                
000013bb  EUSCIA0_IRQHandler             
000013bb  EUSCIA1_IRQHandler             
000013bb  EUSCIA2_IRQHandler             
000013bb  EUSCIA3_IRQHandler             
000013bb  EUSCIB0_IRQHandler             
000013bb  EUSCIB1_IRQHandler             
000013bb  EUSCIB2_IRQHandler             
000013bb  EUSCIB3_IRQHandler             
000013bb  FLCTL_IRQHandler               
000013bb  FPU_IRQHandler                 
000013bb  HardFault_Handler              
000013bb  MemManage_Handler              
000013bb  NMI_Handler                    
000013bb  PCM_IRQHandler                 
000013bb  PORT1_IRQHandler               
000013bb  PORT2_IRQHandler               
000013bb  PORT3_IRQHandler               
000013bb  PORT4_IRQHandler               
000013bb  PORT5_IRQHandler               
000013bb  PORT6_IRQHandler               
000013bb  PSS_IRQHandler                 
000013bb  PendSV_Handler                 
000013bb  RTC_C_IRQHandler               
000013bb  SVC_Handler                    
000013bb  SysTick_Handler                
000013bb  T32_INT1_IRQHandler            
000013bb  T32_INT2_IRQHandler            
000013bb  T32_INTC_IRQHandler            
000013bb  TA0_0_IRQHandler               
000013bb  TA0_N_IRQHandler               
000013bb  TA1_0_IRQHandler               
000013bb  TA1_N_IRQHandler               
000013bb  TA2_0_IRQHandler               
000013bb  TA2_N_IRQHandler               
000013bb  TA3_0_IRQHandler               
000013bb  TA3_N_IRQHandler               
000013bb  UsageFault_Handler             
000013bb  WDT_A_IRQHandler               
000013bd  __TI_zero_init                 
000013c9  _system_pre_init               
000013e8  __TI_Handler_Table_Base        
000013f4  __TI_Handler_Table_Limit       
00001400  __TI_CINIT_Base                
00001410  __TI_CINIT_Limit               
20000000  _sys_memory                    
20000400  Nadc1                          
20000404  Nadc2                          
20000408  Nadc5                          
2000040c  convert1                       
20000410  convert2                       
20000414  convert3                       
20000418  coppm                          
2000041c  lpgppm                         
20000420  temp                           
20000424  vadc                           
20000428  vadc2                          
2000042c  vadc5                          
20000430  i                              
20000434  __TI_cleanup_ptr               
20000438  __TI_dtors_ptr                 
2000043c  __TI_enable_exit_profile_output
20000440  _lock                          
20000444  _unlock                        
20000448  errno                          
2000044c  main_func_sp                   
20000450  SystemCoreClock                
2000fe00  __stack                        
20010000  __STACK_END                    
4000480c  WDTCTL_SYM                     
ffffffff  __TI_pprof_out_hndl            
ffffffff  __TI_prof_data_size            
ffffffff  __TI_prof_data_start           
ffffffff  __binit__                      
ffffffff  __c_args__                     
ffffffff  binit                          
UNDEFED   SHT$$INIT_ARRAY$$Base          
UNDEFED   SHT$$INIT_ARRAY$$Limit         

[136 symbols]
