******************************************************************************
                  TI ARM Linker Unix v16.9.3                   
******************************************************************************
>> Linked Sun Oct  8 18:49:57 2017

OUTPUT FILE NAME:   <lab3.out>
ENTRY POINT SYMBOL: "_c_int00"  address: 00000dbd


MEMORY CONFIGURATION

         name            origin    length      used     unused   attr    fill
----------------------  --------  ---------  --------  --------  ----  --------
  MAIN                  00000000   00040000  00000f5a  0003f0a6  R  X
  INFO                  00200000   00004000  00000000  00004000  R  X
  SRAM_CODE             01000000   00010000  00000664  0000f99c  RW X
  SRAM_DATA             20000000   00010000  00000664  0000f99c  RW  


SEGMENT ALLOCATION MAP

run origin  load origin   length   init length attrs members
----------  ----------- ---------- ----------- ----- -------
00000000    00000000    00000f60   00000f60    r-x
  00000000    00000000    000000e4   000000e4    r-- .intvecs
  000000e4    000000e4    00000e26   00000e26    r-x .text
  00000f10    00000f10    00000050   00000050    r-- .cinit
20000000    20000000    00000464   00000000    rw-
  20000000    20000000    00000400   00000000    rw- .sysmem
  20000400    20000400    00000054   00000000    rw- .data
  20000454    20000454    00000010   00000000    rw- .bss
2000fe00    2000fe00    00000200   00000000    rw-
  2000fe00    2000fe00    00000200   00000000    rw- .stack


SECTION ALLOCATION MAP

 output                                  attributes/
section   page    origin      length       input sections
--------  ----  ----------  ----------   ----------------
.intvecs   0    00000000    000000e4     
                  00000000    000000e4     startup_msp432p401r_ccs.obj (.intvecs:retain)

.text      0    000000e4    00000e26     
                  000000e4    000003d0     rtsv7M4_T_le_v4SPD16_eabi.lib : memory.obj (.text)
                  000004b4    0000032c     system_msp432p401r.obj (.text)
                  000007e0    00000174     circbuf.obj (.text)
                  00000954    00000134     uart.obj (.text)
                  00000a88    000000bc     main.obj (.text)
                  00000b44    0000009c     rtsv7M4_T_le_v4SPD16_eabi.lib : memcpy_t2.obj (.text)
                  00000be0    00000088     Lab3.obj (.text)
                  00000c68    0000007a     rtsv7M4_T_le_v4SPD16_eabi.lib : memset_t2.obj (.text)
                  00000ce2    00000002                                   : mpu_init.obj (.text)
                  00000ce4    00000070                                   : autoinit.obj (.text)
                  00000d54    00000068                                   : copy_decompress_lzss.obj (.text:decompress:lzss)
                  00000dbc    00000054                                   : boot.obj (.text)
                  00000e10    00000054                                   : exit.obj (.text)
                  00000e64    0000004c                                   : cpy_tbl.obj (.text)
                  00000eb0    00000018                                   : args_main.obj (.text)
                  00000ec8    00000014                                   : _lock.obj (.text)
                  00000edc    0000000e                                   : copy_decompress_none.obj (.text:decompress:none)
                  00000eea    0000000e     startup_msp432p401r_ccs.obj (.text)
                  00000ef8    0000000c     rtsv7M4_T_le_v4SPD16_eabi.lib : copy_zero_init.obj (.text:decompress:ZI)
                  00000f04    00000004                                   : pre_init.obj (.text)
                  00000f08    00000002                                   : startup.obj (.text)

.cinit     0    00000f10    00000050     
                  00000f10    00000025     (.cinit..data.load) [load image, compression = lzss]
                  00000f35    00000003     --HOLE-- [fill = 0]
                  00000f38    0000000c     (__TI_handler_table)
                  00000f44    00000004     --HOLE-- [fill = 0]
                  00000f48    00000008     (.cinit..bss.load) [load image, compression = zero_init]
                  00000f50    00000010     (__TI_cinit_table)

.init_array 
*          0    00000000    00000000     UNINITIALIZED

.binit     0    00000000    00000000     

.sysmem    0    20000000    00000400     UNINITIALIZED
                  20000000    00000008     rtsv7M4_T_le_v4SPD16_eabi.lib : memory.obj (.sysmem)
                  20000008    000003f8     --HOLE--

.data      0    20000400    00000054     UNINITIALIZED
                  20000400    00000018     main.obj (.data)
                  20000418    00000014     Lab3.obj (.data)
                  2000042c    0000000c     rtsv7M4_T_le_v4SPD16_eabi.lib : exit.obj (.data:$O1$$)
                  20000438    0000000c                                   : memory.obj (.data:$O1$$)
                  20000444    00000008                                   : _lock.obj (.data:$O1$$)
                  2000044c    00000004                                   : stkdepth_vars.obj (.data)
                  20000450    00000004     system_msp432p401r.obj (.data)

.bss       0    20000454    00000010     UNINITIALIZED
                  20000454    00000010     (.common:buffer)

.stack     0    2000fe00    00000200     UNINITIALIZED
                  2000fe00    00000200     --HOLE--

MODULE SUMMARY

       Module                        code   ro data   rw data
       ------                        ----   -------   -------
    ./
       system_msp432p401r.obj        812    0         8      
       circbuf.obj                   372    0         0      
       uart.obj                      308    0         0      
       main.obj                      188    0         80     
       startup_msp432p401r_ccs.obj   14     228       0      
       Lab3.obj                      136    0         40     
    +--+-----------------------------+------+---------+---------+
       Total:                        1830   228       128    
                                                             
    /Applications/ti/ccsv7/tools/compiler/ti-cgt-arm_16.9.3.LTS/lib/rtsv7M4_T_le_v4SPD16_eabi.lib
       memory.obj                    976    0         24     
       memcpy_t2.obj                 156    0         0      
       memset_t2.obj                 122    0         0      
       autoinit.obj                  112    0         0      
       exit.obj                      84     0         24     
       copy_decompress_lzss.obj      104    0         0      
       boot.obj                      84     0         0      
       cpy_tbl.obj                   76     0         0      
       _lock.obj                     20     0         16     
       args_main.obj                 24     0         0      
       copy_decompress_none.obj      14     0         0      
       copy_zero_init.obj            12     0         0      
       stkdepth_vars.obj             0      0         8      
       pre_init.obj                  4      0         0      
       mpu_init.obj                  2      0         0      
       startup.obj                   2      0         0      
    +--+-----------------------------+------+---------+---------+
       Total:                        1792   0         72     
                                                             
       Heap:                         0      0         2048   
       Stack:                        0      0         1024   
       Linker Generated:             0      73        0      
    +--+-----------------------------+------+---------+---------+
       Grand Total:                  3622   301       3272   


LINKER GENERATED COPY TABLES

__TI_cinit_table @ 00000f50 records: 2, size/record: 8, table size: 16
	.data: load addr=00000f10, load size=00000025 bytes, run addr=20000400, run size=00000054 bytes, compression=lzss
	.bss: load addr=00000f48, load size=00000008 bytes, run addr=20000454, run size=00000010 bytes, compression=zero_init


LINKER GENERATED HANDLER TABLE

__TI_handler_table @ 00000f38 records: 3, size/record: 4, table size: 12
	index: 0, handler: __TI_decompress_lzss
	index: 1, handler: __TI_decompress_none
	index: 2, handler: __TI_zero_init


GLOBAL SYMBOLS: SORTED ALPHABETICALLY BY Name 

address   name                           
-------   ----                           
00000ef7  ADC14_IRQHandler               
00000ef7  AES256_IRQHandler              
00000ef7  BusFault_Handler               
00000e11  C$$EXIT                        
000008cf  CB_add_item_to_buffer          
0000082d  CB_clear_buffer                
00000851  CB_delete_buffer               
000007e1  CB_initialize_buffer           
0000089d  CB_is_buffer_empty             
0000085d  CB_is_buffer_full              
00000ef7  COMP_E0_IRQHandler             
00000ef7  COMP_E1_IRQHandler             
00000ef7  CS_IRQHandler                  
00000ef7  DMA_ERR_IRQHandler             
00000ef7  DMA_INT0_IRQHandler            
00000ef7  DMA_INT1_IRQHandler            
00000ef7  DMA_INT2_IRQHandler            
00000ef7  DMA_INT3_IRQHandler            
00000ef7  DebugMon_Handler               
00000ef7  Default_Handler                
00000ef7  EUSCIA0_IRQHandler             
00000ef7  EUSCIA1_IRQHandler             
00000ef7  EUSCIA2_IRQHandler             
00000ef7  EUSCIA3_IRQHandler             
00000ef7  EUSCIB0_IRQHandler             
00000ef7  EUSCIB1_IRQHandler             
00000ef7  EUSCIB2_IRQHandler             
00000ef7  EUSCIB3_IRQHandler             
00000ef7  FLCTL_IRQHandler               
00000ef7  FPU_IRQHandler                 
00000ef7  HardFault_Handler              
00000ef7  MemManage_Handler              
00000ef7  NMI_Handler                    
00000ef7  PCM_IRQHandler                 
00000be1  PORT1_IRQHandler               
00000be1  PORT1_IRQHandler               
00000ef7  PORT2_IRQHandler               
00000ef7  PORT3_IRQHandler               
00000ef7  PORT4_IRQHandler               
00000ef7  PORT5_IRQHandler               
00000ef7  PORT6_IRQHandler               
00000ef7  PSS_IRQHandler                 
00000ef7  PendSV_Handler                 
00000ef7  RTC_C_IRQHandler               
00000eeb  Reset_Handler                  
UNDEFED   SHT$$INIT_ARRAY$$Base          
UNDEFED   SHT$$INIT_ARRAY$$Limit         
00000ef7  SVC_Handler                    
00000ef7  SysTick_Handler                
20000450  SystemCoreClock                
000004b5  SystemCoreClockUpdate          
00000729  SystemInit                     
00000ef7  T32_INT1_IRQHandler            
00000ef7  T32_INT2_IRQHandler            
00000ef7  T32_INTC_IRQHandler            
00000ef7  TA0_0_IRQHandler               
00000ef7  TA0_N_IRQHandler               
00000ef7  TA1_0_IRQHandler               
00000ef7  TA1_N_IRQHandler               
00000ef7  TA2_0_IRQHandler               
00000ef7  TA2_N_IRQHandler               
00000ef7  TA3_0_IRQHandler               
00000ef7  TA3_N_IRQHandler               
00000981  UART_Configure                 
00000a13  UART_send_byte                 
00000a2f  UART_send_n                    
00000ef7  UsageFault_Handler             
4000480c  WDTCTL_SYM                     
00000ef7  WDT_A_IRQHandler               
20010000  __STACK_END                    
00000200  __STACK_SIZE                   
00000400  __SYSMEM_SIZE                  
00000f50  __TI_CINIT_Base                
00000f60  __TI_CINIT_Limit               
00000f38  __TI_Handler_Table_Base        
00000f44  __TI_Handler_Table_Limit       
00000ce5  __TI_auto_init                 
2000042c  __TI_cleanup_ptr               
00000d55  __TI_decompress_lzss           
00000edd  __TI_decompress_none           
20000430  __TI_dtors_ptr                 
20000434  __TI_enable_exit_profile_output
ffffffff  __TI_pprof_out_hndl            
ffffffff  __TI_prof_data_size            
ffffffff  __TI_prof_data_start           
00000000  __TI_static_base__             
00000ef9  __TI_zero_init                 
00000c69  __aeabi_memclr                 
00000c69  __aeabi_memclr4                
00000c69  __aeabi_memclr8                
00000b45  __aeabi_memcpy                 
00000b45  __aeabi_memcpy4                
00000b45  __aeabi_memcpy8                
00000c6b  __aeabi_memset                 
00000c6b  __aeabi_memset4                
00000c6b  __aeabi_memset8                
ffffffff  __binit__                      
ffffffff  __c_args__                     
00000ce3  __mpu_init                     
2000fe00  __stack                        
00000eb1  _args_main                     
00000dbd  _c_int00                       
20000444  _lock                          
00000ed7  _nop                           
00000ecf  _register_lock                 
00000ec9  _register_unlock               
20000000  _sys_memory                    
00000f09  _system_post_cinit             
00000f05  _system_pre_init               
20000448  _unlock                        
00000e15  abort                          
ffffffff  binit                          
20000454  buffer                         
00000485  calloc                         
00000e65  copy_in                        
20000418  countwave                      
2000041c  diameter                       
20000420  distance                       
20000424  distance1                      
00000e1d  exit                           
000001cf  free                           
00000000  interruptVectors               
00000af3  main                           
2000044c  main_func_sp                   
00000165  malloc                         
00000399  memalign                       
00000b45  memcpy                         
00000c71  memset                         
000000e5  minit                          
20000428  pi                             
20000414  pointer1                       
00000291  realloc                        
00000923  remove_item_from_buffer        


GLOBAL SYMBOLS: SORTED BY Symbol Address 

address   name                           
-------   ----                           
00000000  __TI_static_base__             
00000000  interruptVectors               
000000e5  minit                          
00000165  malloc                         
000001cf  free                           
00000200  __STACK_SIZE                   
00000291  realloc                        
00000399  memalign                       
00000400  __SYSMEM_SIZE                  
00000485  calloc                         
000004b5  SystemCoreClockUpdate          
00000729  SystemInit                     
000007e1  CB_initialize_buffer           
0000082d  CB_clear_buffer                
00000851  CB_delete_buffer               
0000085d  CB_is_buffer_full              
0000089d  CB_is_buffer_empty             
000008cf  CB_add_item_to_buffer          
00000923  remove_item_from_buffer        
00000981  UART_Configure                 
00000a13  UART_send_byte                 
00000a2f  UART_send_n                    
00000af3  main                           
00000b45  __aeabi_memcpy                 
00000b45  __aeabi_memcpy4                
00000b45  __aeabi_memcpy8                
00000b45  memcpy                         
00000be1  PORT1_IRQHandler               
00000be1  PORT1_IRQHandler               
00000c69  __aeabi_memclr                 
00000c69  __aeabi_memclr4                
00000c69  __aeabi_memclr8                
00000c6b  __aeabi_memset                 
00000c6b  __aeabi_memset4                
00000c6b  __aeabi_memset8                
00000c71  memset                         
00000ce3  __mpu_init                     
00000ce5  __TI_auto_init                 
00000d55  __TI_decompress_lzss           
00000dbd  _c_int00                       
00000e11  C$$EXIT                        
00000e15  abort                          
00000e1d  exit                           
00000e65  copy_in                        
00000eb1  _args_main                     
00000ec9  _register_unlock               
00000ecf  _register_lock                 
00000ed7  _nop                           
00000edd  __TI_decompress_none           
00000eeb  Reset_Handler                  
00000ef7  ADC14_IRQHandler               
00000ef7  AES256_IRQHandler              
00000ef7  BusFault_Handler               
00000ef7  COMP_E0_IRQHandler             
00000ef7  COMP_E1_IRQHandler             
00000ef7  CS_IRQHandler                  
00000ef7  DMA_ERR_IRQHandler             
00000ef7  DMA_INT0_IRQHandler            
00000ef7  DMA_INT1_IRQHandler            
00000ef7  DMA_INT2_IRQHandler            
00000ef7  DMA_INT3_IRQHandler            
00000ef7  DebugMon_Handler               
00000ef7  Default_Handler                
00000ef7  EUSCIA0_IRQHandler             
00000ef7  EUSCIA1_IRQHandler             
00000ef7  EUSCIA2_IRQHandler             
00000ef7  EUSCIA3_IRQHandler             
00000ef7  EUSCIB0_IRQHandler             
00000ef7  EUSCIB1_IRQHandler             
00000ef7  EUSCIB2_IRQHandler             
00000ef7  EUSCIB3_IRQHandler             
00000ef7  FLCTL_IRQHandler               
00000ef7  FPU_IRQHandler                 
00000ef7  HardFault_Handler              
00000ef7  MemManage_Handler              
00000ef7  NMI_Handler                    
00000ef7  PCM_IRQHandler                 
00000ef7  PORT2_IRQHandler               
00000ef7  PORT3_IRQHandler               
00000ef7  PORT4_IRQHandler               
00000ef7  PORT5_IRQHandler               
00000ef7  PORT6_IRQHandler               
00000ef7  PSS_IRQHandler                 
00000ef7  PendSV_Handler                 
00000ef7  RTC_C_IRQHandler               
00000ef7  SVC_Handler                    
00000ef7  SysTick_Handler                
00000ef7  T32_INT1_IRQHandler            
00000ef7  T32_INT2_IRQHandler            
00000ef7  T32_INTC_IRQHandler            
00000ef7  TA0_0_IRQHandler               
00000ef7  TA0_N_IRQHandler               
00000ef7  TA1_0_IRQHandler               
00000ef7  TA1_N_IRQHandler               
00000ef7  TA2_0_IRQHandler               
00000ef7  TA2_N_IRQHandler               
00000ef7  TA3_0_IRQHandler               
00000ef7  TA3_N_IRQHandler               
00000ef7  UsageFault_Handler             
00000ef7  WDT_A_IRQHandler               
00000ef9  __TI_zero_init                 
00000f05  _system_pre_init               
00000f09  _system_post_cinit             
00000f38  __TI_Handler_Table_Base        
00000f44  __TI_Handler_Table_Limit       
00000f50  __TI_CINIT_Base                
00000f60  __TI_CINIT_Limit               
20000000  _sys_memory                    
20000414  pointer1                       
20000418  countwave                      
2000041c  diameter                       
20000420  distance                       
20000424  distance1                      
20000428  pi                             
2000042c  __TI_cleanup_ptr               
20000430  __TI_dtors_ptr                 
20000434  __TI_enable_exit_profile_output
20000444  _lock                          
20000448  _unlock                        
2000044c  main_func_sp                   
20000450  SystemCoreClock                
20000454  buffer                         
2000fe00  __stack                        
20010000  __STACK_END                    
4000480c  WDTCTL_SYM                     
ffffffff  __TI_pprof_out_hndl            
ffffffff  __TI_prof_data_size            
ffffffff  __TI_prof_data_start           
ffffffff  __binit__                      
ffffffff  __c_args__                     
ffffffff  binit                          
UNDEFED   SHT$$INIT_ARRAY$$Base          
UNDEFED   SHT$$INIT_ARRAY$$Limit         

[133 symbols]
