<?xml version="1.0"?>
<link_info>
   <banner>TI ARM Linker Unix v16.9.3.LTS</banner>
   <copyright>Copyright (c) 1996-2017 Texas Instruments Incorporated</copyright>
   <link_time>0x5adcf0c2</link_time>
   <link_errors>0x1</link_errors>
   <output_file>Voice Recognition.out</output_file>
   <entry_point>
      <name>_c_int00</name>
      <address>0x4751</address>
   </entry_point>
   <input_file_list>
      <input_file id="fl-2">
         <path>./</path>
         <kind>object</kind>
         <file>adc.obj</file>
         <name>adc.obj</name>
      </input_file>
      <input_file id="fl-3">
         <path>./</path>
         <kind>object</kind>
         <file>circbuf.obj</file>
         <name>circbuf.obj</name>
      </input_file>
      <input_file id="fl-4">
         <path>./</path>
         <kind>object</kind>
         <file>compute.obj</file>
         <name>compute.obj</name>
      </input_file>
      <input_file id="fl-5">
         <path>./</path>
         <kind>object</kind>
         <file>configure.obj</file>
         <name>configure.obj</name>
      </input_file>
      <input_file id="fl-6">
         <path>./</path>
         <kind>object</kind>
         <file>fft.obj</file>
         <name>fft.obj</name>
      </input_file>
      <input_file id="fl-7">
         <path>./</path>
         <kind>object</kind>
         <file>gpio.obj</file>
         <name>gpio.obj</name>
      </input_file>
      <input_file id="fl-8">
         <path>./</path>
         <kind>object</kind>
         <file>main.obj</file>
         <name>main.obj</name>
      </input_file>
      <input_file id="fl-9">
         <path>./</path>
         <kind>object</kind>
         <file>pwm.obj</file>
         <name>pwm.obj</name>
      </input_file>
      <input_file id="fl-a">
         <path>./</path>
         <kind>object</kind>
         <file>startup_msp432p401r_ccs.obj</file>
         <name>startup_msp432p401r_ccs.obj</name>
      </input_file>
      <input_file id="fl-b">
         <path>./</path>
         <kind>object</kind>
         <file>system_msp432p401r.obj</file>
         <name>system_msp432p401r.obj</name>
      </input_file>
      <input_file id="fl-c">
         <path>./</path>
         <kind>object</kind>
         <file>timer.obj</file>
         <name>timer.obj</name>
      </input_file>
      <input_file id="fl-d">
         <path>./</path>
         <kind>object</kind>
         <file>uart.obj</file>
         <name>uart.obj</name>
      </input_file>
      <input_file id="fl-11">
         <kind>object</kind>
         <file>&lt;internal&gt;</file>
         <name>&lt;internal&gt;</name>
      </input_file>
      <input_file id="fl-c7">
         <path>/Applications/ti/ccsv7/tools/compiler/ti-cgt-arm_16.9.3.LTS/lib/</path>
         <kind>archive</kind>
         <file>rtsv7M4_T_le_v4SPD16_eabi.lib</file>
         <name>boot.obj</name>
      </input_file>
      <input_file id="fl-c8">
         <path>/Applications/ti/ccsv7/tools/compiler/ti-cgt-arm_16.9.3.LTS/lib/</path>
         <kind>archive</kind>
         <file>rtsv7M4_T_le_v4SPD16_eabi.lib</file>
         <name>copy_decompress_lzss.obj</name>
      </input_file>
      <input_file id="fl-c9">
         <path>/Applications/ti/ccsv7/tools/compiler/ti-cgt-arm_16.9.3.LTS/lib/</path>
         <kind>archive</kind>
         <file>rtsv7M4_T_le_v4SPD16_eabi.lib</file>
         <name>copy_decompress_none.obj</name>
      </input_file>
      <input_file id="fl-ca">
         <path>/Applications/ti/ccsv7/tools/compiler/ti-cgt-arm_16.9.3.LTS/lib/</path>
         <kind>archive</kind>
         <file>rtsv7M4_T_le_v4SPD16_eabi.lib</file>
         <name>copy_zero_init.obj</name>
      </input_file>
      <input_file id="fl-cb">
         <path>/Applications/ti/ccsv7/tools/compiler/ti-cgt-arm_16.9.3.LTS/lib/</path>
         <kind>archive</kind>
         <file>rtsv7M4_T_le_v4SPD16_eabi.lib</file>
         <name>e_pow.obj</name>
      </input_file>
      <input_file id="fl-cc">
         <path>/Applications/ti/ccsv7/tools/compiler/ti-cgt-arm_16.9.3.LTS/lib/</path>
         <kind>archive</kind>
         <file>rtsv7M4_T_le_v4SPD16_eabi.lib</file>
         <name>e_sqrt.obj</name>
      </input_file>
      <input_file id="fl-cd">
         <path>/Applications/ti/ccsv7/tools/compiler/ti-cgt-arm_16.9.3.LTS/lib/</path>
         <kind>archive</kind>
         <file>rtsv7M4_T_le_v4SPD16_eabi.lib</file>
         <name>errno.obj</name>
      </input_file>
      <input_file id="fl-ce">
         <path>/Applications/ti/ccsv7/tools/compiler/ti-cgt-arm_16.9.3.LTS/lib/</path>
         <kind>archive</kind>
         <file>rtsv7M4_T_le_v4SPD16_eabi.lib</file>
         <name>exit.obj</name>
      </input_file>
      <input_file id="fl-cf">
         <path>/Applications/ti/ccsv7/tools/compiler/ti-cgt-arm_16.9.3.LTS/lib/</path>
         <kind>archive</kind>
         <file>rtsv7M4_T_le_v4SPD16_eabi.lib</file>
         <name>fd_add_t2.obj</name>
      </input_file>
      <input_file id="fl-d0">
         <path>/Applications/ti/ccsv7/tools/compiler/ti-cgt-arm_16.9.3.LTS/lib/</path>
         <kind>archive</kind>
         <file>rtsv7M4_T_le_v4SPD16_eabi.lib</file>
         <name>fd_cmp_t2.obj</name>
      </input_file>
      <input_file id="fl-d1">
         <path>/Applications/ti/ccsv7/tools/compiler/ti-cgt-arm_16.9.3.LTS/lib/</path>
         <kind>archive</kind>
         <file>rtsv7M4_T_le_v4SPD16_eabi.lib</file>
         <name>fd_div_t2.obj</name>
      </input_file>
      <input_file id="fl-d2">
         <path>/Applications/ti/ccsv7/tools/compiler/ti-cgt-arm_16.9.3.LTS/lib/</path>
         <kind>archive</kind>
         <file>rtsv7M4_T_le_v4SPD16_eabi.lib</file>
         <name>fd_mul_t2.obj</name>
      </input_file>
      <input_file id="fl-d3">
         <path>/Applications/ti/ccsv7/tools/compiler/ti-cgt-arm_16.9.3.LTS/lib/</path>
         <kind>archive</kind>
         <file>rtsv7M4_T_le_v4SPD16_eabi.lib</file>
         <name>fd_tos_t2.obj</name>
      </input_file>
      <input_file id="fl-d4">
         <path>/Applications/ti/ccsv7/tools/compiler/ti-cgt-arm_16.9.3.LTS/lib/</path>
         <kind>archive</kind>
         <file>rtsv7M4_T_le_v4SPD16_eabi.lib</file>
         <name>fs_tod_t2.obj</name>
      </input_file>
      <input_file id="fl-d5">
         <path>/Applications/ti/ccsv7/tools/compiler/ti-cgt-arm_16.9.3.LTS/lib/</path>
         <kind>archive</kind>
         <file>rtsv7M4_T_le_v4SPD16_eabi.lib</file>
         <name>i_tofd_t2.obj</name>
      </input_file>
      <input_file id="fl-d6">
         <path>/Applications/ti/ccsv7/tools/compiler/ti-cgt-arm_16.9.3.LTS/lib/</path>
         <kind>archive</kind>
         <file>rtsv7M4_T_le_v4SPD16_eabi.lib</file>
         <name>memcpy_t2.obj</name>
      </input_file>
      <input_file id="fl-d7">
         <path>/Applications/ti/ccsv7/tools/compiler/ti-cgt-arm_16.9.3.LTS/lib/</path>
         <kind>archive</kind>
         <file>rtsv7M4_T_le_v4SPD16_eabi.lib</file>
         <name>memory.obj</name>
      </input_file>
      <input_file id="fl-d8">
         <path>/Applications/ti/ccsv7/tools/compiler/ti-cgt-arm_16.9.3.LTS/lib/</path>
         <kind>archive</kind>
         <file>rtsv7M4_T_le_v4SPD16_eabi.lib</file>
         <name>memset_t2.obj</name>
      </input_file>
      <input_file id="fl-d9">
         <path>/Applications/ti/ccsv7/tools/compiler/ti-cgt-arm_16.9.3.LTS/lib/</path>
         <kind>archive</kind>
         <file>rtsv7M4_T_le_v4SPD16_eabi.lib</file>
         <name>mpu_init.obj</name>
      </input_file>
      <input_file id="fl-da">
         <path>/Applications/ti/ccsv7/tools/compiler/ti-cgt-arm_16.9.3.LTS/lib/</path>
         <kind>archive</kind>
         <file>rtsv7M4_T_le_v4SPD16_eabi.lib</file>
         <name>pre_init.obj</name>
      </input_file>
      <input_file id="fl-db">
         <path>/Applications/ti/ccsv7/tools/compiler/ti-cgt-arm_16.9.3.LTS/lib/</path>
         <kind>archive</kind>
         <file>rtsv7M4_T_le_v4SPD16_eabi.lib</file>
         <name>s_cos.obj</name>
      </input_file>
      <input_file id="fl-dc">
         <path>/Applications/ti/ccsv7/tools/compiler/ti-cgt-arm_16.9.3.LTS/lib/</path>
         <kind>archive</kind>
         <file>rtsv7M4_T_le_v4SPD16_eabi.lib</file>
         <name>s_scalbn.obj</name>
      </input_file>
      <input_file id="fl-dd">
         <path>/Applications/ti/ccsv7/tools/compiler/ti-cgt-arm_16.9.3.LTS/lib/</path>
         <kind>archive</kind>
         <file>rtsv7M4_T_le_v4SPD16_eabi.lib</file>
         <name>s_sin.obj</name>
      </input_file>
      <input_file id="fl-de">
         <path>/Applications/ti/ccsv7/tools/compiler/ti-cgt-arm_16.9.3.LTS/lib/</path>
         <kind>archive</kind>
         <file>rtsv7M4_T_le_v4SPD16_eabi.lib</file>
         <name>stkdepth_vars.obj</name>
      </input_file>
      <input_file id="fl-df">
         <path>/Applications/ti/ccsv7/tools/compiler/ti-cgt-arm_16.9.3.LTS/lib/</path>
         <kind>archive</kind>
         <file>rtsv7M4_T_le_v4SPD16_eabi.lib</file>
         <name>strlen.obj</name>
      </input_file>
      <input_file id="fl-e0">
         <path>/Applications/ti/ccsv7/tools/compiler/ti-cgt-arm_16.9.3.LTS/lib/</path>
         <kind>archive</kind>
         <file>rtsv7M4_T_le_v4SPD16_eabi.lib</file>
         <name>_lock.obj</name>
      </input_file>
      <input_file id="fl-e1">
         <path>/Applications/ti/ccsv7/tools/compiler/ti-cgt-arm_16.9.3.LTS/lib/</path>
         <kind>archive</kind>
         <file>rtsv7M4_T_le_v4SPD16_eabi.lib</file>
         <name>args_main.obj</name>
      </input_file>
      <input_file id="fl-e2">
         <path>/Applications/ti/ccsv7/tools/compiler/ti-cgt-arm_16.9.3.LTS/lib/</path>
         <kind>archive</kind>
         <file>rtsv7M4_T_le_v4SPD16_eabi.lib</file>
         <name>autoinit.obj</name>
      </input_file>
      <input_file id="fl-e3">
         <path>/Applications/ti/ccsv7/tools/compiler/ti-cgt-arm_16.9.3.LTS/lib/</path>
         <kind>archive</kind>
         <file>rtsv7M4_T_le_v4SPD16_eabi.lib</file>
         <name>cpy_tbl.obj</name>
      </input_file>
      <input_file id="fl-e4">
         <path>/Applications/ti/ccsv7/tools/compiler/ti-cgt-arm_16.9.3.LTS/lib/</path>
         <kind>archive</kind>
         <file>rtsv7M4_T_le_v4SPD16_eabi.lib</file>
         <name>fd_toi_t2.obj</name>
      </input_file>
      <input_file id="fl-e5">
         <path>/Applications/ti/ccsv7/tools/compiler/ti-cgt-arm_16.9.3.LTS/lib/</path>
         <kind>archive</kind>
         <file>rtsv7M4_T_le_v4SPD16_eabi.lib</file>
         <name>k_cos.obj</name>
      </input_file>
      <input_file id="fl-e6">
         <path>/Applications/ti/ccsv7/tools/compiler/ti-cgt-arm_16.9.3.LTS/lib/</path>
         <kind>archive</kind>
         <file>rtsv7M4_T_le_v4SPD16_eabi.lib</file>
         <name>k_rem_pio2.obj</name>
      </input_file>
      <input_file id="fl-e7">
         <path>/Applications/ti/ccsv7/tools/compiler/ti-cgt-arm_16.9.3.LTS/lib/</path>
         <kind>archive</kind>
         <file>rtsv7M4_T_le_v4SPD16_eabi.lib</file>
         <name>k_sin.obj</name>
      </input_file>
      <input_file id="fl-e8">
         <path>/Applications/ti/ccsv7/tools/compiler/ti-cgt-arm_16.9.3.LTS/lib/</path>
         <kind>archive</kind>
         <file>rtsv7M4_T_le_v4SPD16_eabi.lib</file>
         <name>s_copysign.obj</name>
      </input_file>
      <input_file id="fl-e9">
         <path>/Applications/ti/ccsv7/tools/compiler/ti-cgt-arm_16.9.3.LTS/lib/</path>
         <kind>archive</kind>
         <file>rtsv7M4_T_le_v4SPD16_eabi.lib</file>
         <name>s_floor.obj</name>
      </input_file>
      <input_file id="fl-ea">
         <path>/Applications/ti/ccsv7/tools/compiler/ti-cgt-arm_16.9.3.LTS/lib/</path>
         <kind>archive</kind>
         <file>rtsv7M4_T_le_v4SPD16_eabi.lib</file>
         <name>startup.obj</name>
      </input_file>
   </input_file_list>
   <object_component_list>
      <object_component id="oc-2c">
         <name>.intvecs:retain</name>
         <load_address>0x0</load_address>
         <run_address>0x0</run_address>
         <size>0xe4</size>
         <input_file_ref idref="fl-a"/>
      </object_component>
      <object_component id="oc-19b">
         <name>.text</name>
         <load_address>0xe4</load_address>
         <run_address>0xe4</run_address>
         <size>0x9ac</size>
         <input_file_ref idref="fl-cb"/>
      </object_component>
      <object_component id="oc-21f">
         <name>.text</name>
         <load_address>0xa90</load_address>
         <run_address>0xa90</run_address>
         <size>0x738</size>
         <input_file_ref idref="fl-e6"/>
      </object_component>
      <object_component id="oc-1be">
         <name>.text</name>
         <load_address>0x11c8</load_address>
         <run_address>0x11c8</run_address>
         <size>0x5dc</size>
         <input_file_ref idref="fl-db"/>
      </object_component>
      <object_component id="oc-1c4">
         <name>.text</name>
         <load_address>0x17a4</load_address>
         <run_address>0x17a4</run_address>
         <size>0x5c4</size>
         <input_file_ref idref="fl-dd"/>
      </object_component>
      <object_component id="oc-130">
         <name>.text</name>
         <load_address>0x1d68</load_address>
         <run_address>0x1d68</run_address>
         <size>0x52c</size>
         <input_file_ref idref="fl-6"/>
      </object_component>
      <object_component id="oc-103">
         <name>.text</name>
         <load_address>0x2294</load_address>
         <run_address>0x2294</run_address>
         <size>0x4d8</size>
         <input_file_ref idref="fl-4"/>
      </object_component>
      <object_component id="oc-12a">
         <name>.text</name>
         <load_address>0x276c</load_address>
         <run_address>0x276c</run_address>
         <size>0x3d0</size>
         <input_file_ref idref="fl-d7"/>
      </object_component>
      <object_component id="oc-c9">
         <name>.text</name>
         <load_address>0x2b3c</load_address>
         <run_address>0x2b3c</run_address>
         <size>0x37c</size>
         <input_file_ref idref="fl-8"/>
      </object_component>
      <object_component id="oc-dc">
         <name>.text</name>
         <load_address>0x2eb8</load_address>
         <run_address>0x2eb8</run_address>
         <size>0x32c</size>
         <input_file_ref idref="fl-b"/>
      </object_component>
      <object_component id="oc-96">
         <name>.text</name>
         <load_address>0x31e4</load_address>
         <run_address>0x31e4</run_address>
         <size>0x1f0</size>
         <input_file_ref idref="fl-7"/>
      </object_component>
      <object_component id="oc-f7">
         <name>.text</name>
         <load_address>0x33d4</load_address>
         <run_address>0x33d4</run_address>
         <size>0x1ea</size>
         <input_file_ref idref="fl-3"/>
      </object_component>
      <object_component id="oc-1ca">
         <name>.text</name>
         <load_address>0x35be</load_address>
         <run_address>0x35be</run_address>
         <size>0x1b6</size>
         <input_file_ref idref="fl-cf"/>
      </object_component>
      <object_component id="oc-225">
         <name>.text</name>
         <load_address>0x3774</load_address>
         <run_address>0x3774</run_address>
         <size>0x174</size>
         <input_file_ref idref="fl-e7"/>
      </object_component>
      <object_component id="oc-17a">
         <name>.text</name>
         <load_address>0x38e8</load_address>
         <run_address>0x38e8</run_address>
         <size>0x170</size>
         <input_file_ref idref="fl-cc"/>
      </object_component>
      <object_component id="oc-219">
         <name>.text</name>
         <load_address>0x3a58</load_address>
         <run_address>0x3a58</run_address>
         <size>0x16c</size>
         <input_file_ref idref="fl-e5"/>
      </object_component>
      <object_component id="oc-185">
         <name>.text</name>
         <load_address>0x3bc4</load_address>
         <run_address>0x3bc4</run_address>
         <size>0x136</size>
         <input_file_ref idref="fl-d1"/>
      </object_component>
      <object_component id="oc-56">
         <name>.text</name>
         <load_address>0x3cfa</load_address>
         <run_address>0x3cfa</run_address>
         <size>0x2</size>
         <input_file_ref idref="fl-d9"/>
      </object_component>
      <object_component id="oc-90">
         <name>.text</name>
         <load_address>0x3cfc</load_address>
         <run_address>0x3cfc</run_address>
         <size>0x134</size>
         <input_file_ref idref="fl-2"/>
      </object_component>
      <object_component id="oc-8a">
         <name>.text</name>
         <load_address>0x3e30</load_address>
         <run_address>0x3e30</run_address>
         <size>0x108</size>
         <input_file_ref idref="fl-5"/>
      </object_component>
      <object_component id="oc-84">
         <name>.text</name>
         <load_address>0x3f38</load_address>
         <run_address>0x3f38</run_address>
         <size>0x108</size>
         <input_file_ref idref="fl-d"/>
      </object_component>
      <object_component id="oc-1a1">
         <name>.text</name>
         <load_address>0x4040</load_address>
         <run_address>0x4040</run_address>
         <size>0xfc</size>
         <input_file_ref idref="fl-d2"/>
      </object_component>
      <object_component id="oc-1fd">
         <name>.text</name>
         <load_address>0x413c</load_address>
         <run_address>0x413c</run_address>
         <size>0xfc</size>
         <input_file_ref idref="fl-dc"/>
      </object_component>
      <object_component id="oc-24e">
         <name>.text</name>
         <load_address>0x4238</load_address>
         <run_address>0x4238</run_address>
         <size>0xf8</size>
         <input_file_ref idref="fl-e9"/>
      </object_component>
      <object_component id="oc-7e">
         <name>.text</name>
         <load_address>0x4330</load_address>
         <run_address>0x4330</run_address>
         <size>0xb4</size>
         <input_file_ref idref="fl-c"/>
      </object_component>
      <object_component id="oc-3e">
         <name>.text</name>
         <load_address>0x43e4</load_address>
         <run_address>0x43e4</run_address>
         <size>0x9c</size>
         <input_file_ref idref="fl-d6"/>
      </object_component>
      <object_component id="oc-1f8">
         <name>.text:__aeabi_cdcmple</name>
         <load_address>0x4480</load_address>
         <run_address>0x4480</run_address>
         <size>0x86</size>
         <input_file_ref idref="fl-d0"/>
      </object_component>
      <object_component id="oc-1e0">
         <name>.text:__aeabi_cdrcmple</name>
         <load_address>0x4506</load_address>
         <run_address>0x4506</run_address>
         <size>0x86</size>
         <input_file_ref idref="fl-d0"/>
      </object_component>
      <object_component id="oc-4a">
         <name>.text</name>
         <load_address>0x458c</load_address>
         <run_address>0x458c</run_address>
         <size>0x7a</size>
         <input_file_ref idref="fl-d8"/>
      </object_component>
      <object_component id="oc-c1">
         <name>.text</name>
         <load_address>0x4606</load_address>
         <run_address>0x4606</run_address>
         <size>0x2</size>
         <input_file_ref idref="fl-ea"/>
      </object_component>
      <object_component id="oc-62">
         <name>.text</name>
         <load_address>0x4608</load_address>
         <run_address>0x4608</run_address>
         <size>0x70</size>
         <input_file_ref idref="fl-e2"/>
      </object_component>
      <object_component id="oc-18a">
         <name>.text</name>
         <load_address>0x4678</load_address>
         <run_address>0x4678</run_address>
         <size>0x6e</size>
         <input_file_ref idref="fl-d3"/>
      </object_component>
      <object_component id="oc-14">
         <name>.text:decompress:lzss</name>
         <load_address>0x46e6</load_address>
         <run_address>0x46e6</run_address>
         <size>0x68</size>
         <input_file_ref idref="fl-c8"/>
      </object_component>
      <object_component id="oc-26">
         <name>.text</name>
         <load_address>0x4750</load_address>
         <run_address>0x4750</run_address>
         <size>0x54</size>
         <input_file_ref idref="fl-c7"/>
      </object_component>
      <object_component id="oc-6e">
         <name>.text</name>
         <load_address>0x47a4</load_address>
         <run_address>0x47a4</run_address>
         <size>0x54</size>
         <input_file_ref idref="fl-ce"/>
      </object_component>
      <object_component id="oc-bb">
         <name>.text</name>
         <load_address>0x47f8</load_address>
         <run_address>0x47f8</run_address>
         <size>0x4c</size>
         <input_file_ref idref="fl-e3"/>
      </object_component>
      <object_component id="oc-214">
         <name>.text</name>
         <load_address>0x4844</load_address>
         <run_address>0x4844</run_address>
         <size>0x48</size>
         <input_file_ref idref="fl-e4"/>
      </object_component>
      <object_component id="oc-175">
         <name>.text</name>
         <load_address>0x488c</load_address>
         <run_address>0x488c</run_address>
         <size>0x38</size>
         <input_file_ref idref="fl-d4"/>
      </object_component>
      <object_component id="oc-18f">
         <name>.text</name>
         <load_address>0x48c4</load_address>
         <run_address>0x48c4</run_address>
         <size>0x30</size>
         <input_file_ref idref="fl-9"/>
      </object_component>
      <object_component id="oc-180">
         <name>.text</name>
         <load_address>0x48f4</load_address>
         <run_address>0x48f4</run_address>
         <size>0x2e</size>
         <input_file_ref idref="fl-d5"/>
      </object_component>
      <object_component id="oc-68">
         <name>.text</name>
         <load_address>0x4924</load_address>
         <run_address>0x4924</run_address>
         <size>0x18</size>
         <input_file_ref idref="fl-e1"/>
      </object_component>
      <object_component id="oc-141">
         <name>.text</name>
         <load_address>0x493c</load_address>
         <run_address>0x493c</run_address>
         <size>0x14</size>
         <input_file_ref idref="fl-e0"/>
      </object_component>
      <object_component id="oc-23c">
         <name>.text</name>
         <load_address>0x4950</load_address>
         <run_address>0x4950</run_address>
         <size>0x14</size>
         <input_file_ref idref="fl-e8"/>
      </object_component>
      <object_component id="oc-195">
         <name>.text</name>
         <load_address>0x4964</load_address>
         <run_address>0x4964</run_address>
         <size>0x14</size>
         <input_file_ref idref="fl-df"/>
      </object_component>
      <object_component id="oc-1a">
         <name>.text:decompress:none</name>
         <load_address>0x4978</load_address>
         <run_address>0x4978</run_address>
         <size>0xe</size>
         <input_file_ref idref="fl-c9"/>
      </object_component>
      <object_component id="oc-78">
         <name>.text</name>
         <load_address>0x4986</load_address>
         <run_address>0x4986</run_address>
         <size>0xe</size>
         <input_file_ref idref="fl-a"/>
      </object_component>
      <object_component id="oc-20">
         <name>.text:decompress:ZI</name>
         <load_address>0x4994</load_address>
         <run_address>0x4994</run_address>
         <size>0xc</size>
         <input_file_ref idref="fl-ca"/>
      </object_component>
      <object_component id="oc-5c">
         <name>.text</name>
         <load_address>0x49a0</load_address>
         <run_address>0x49a0</run_address>
         <size>0x4</size>
         <input_file_ref idref="fl-da"/>
      </object_component>
      <object_component id="oc-254">
         <name>.const:$O1$$</name>
         <load_address>0x49a8</load_address>
         <run_address>0x49a8</run_address>
         <size>0x158</size>
         <input_file_ref idref="fl-e6"/>
      </object_component>
      <object_component id="oc-1f5">
         <name>.const:$O1$$</name>
         <load_address>0x4b00</load_address>
         <run_address>0x4b00</run_address>
         <size>0x30</size>
         <input_file_ref idref="fl-cb"/>
      </object_component>
      <object_component id="oc-1a9">
         <name>.const:.string:$P$T1$2</name>
         <load_address>0x4b30</load_address>
         <run_address>0x4b30</run_address>
         <size>0x15</size>
         <input_file_ref idref="fl-4"/>
      </object_component>
      <object_component id="oc-1a6">
         <name>.const:.string:$P$T0$1</name>
         <load_address>0x4b45</load_address>
         <run_address>0x4b45</run_address>
         <size>0x2</size>
         <input_file_ref idref="fl-4"/>
      </object_component>
      <object_component id="oc-296">
         <name>.cinit..data.load</name>
         <load_address>0x4b48</load_address>
         <run_address>0x4b48</run_address>
         <size>0x25</size>
      </object_component>
      <object_component id="oc-294">
         <name>__TI_handler_table</name>
         <load_address>0x4b70</load_address>
         <run_address>0x4b70</run_address>
         <size>0xc</size>
      </object_component>
      <object_component id="oc-297">
         <name>.cinit..bss.load</name>
         <load_address>0x4b80</load_address>
         <run_address>0x4b80</run_address>
         <size>0x8</size>
      </object_component>
      <object_component id="oc-295">
         <name>__TI_cinit_table</name>
         <load_address>0x4b88</load_address>
         <run_address>0x4b88</run_address>
         <size>0x10</size>
      </object_component>
      <object_component id="oc-271">
         <name>.binit</name>
         <load_address>0x0</load_address>
         <run_address>0x0</run_address>
         <size>0x0</size>
      </object_component>
      <object_component id="oc-e3">
         <name>.data</name>
         <load_address>0x20000400</load_address>
         <run_address>0x20000400</run_address>
         <size>0x20</size>
         <input_file_ref idref="fl-8"/>
      </object_component>
      <object_component id="oc-14d">
         <name>.data</name>
         <load_address>0x20000448</load_address>
         <run_address>0x20000448</run_address>
         <size>0x4</size>
         <input_file_ref idref="fl-b"/>
      </object_component>
      <object_component id="oc-1e5">
         <name>.data</name>
         <load_address>0x20000440</load_address>
         <run_address>0x20000440</run_address>
         <size>0x4</size>
         <input_file_ref idref="fl-cd"/>
      </object_component>
      <object_component id="oc-d1">
         <name>.data:$O1$$</name>
         <load_address>0x20000420</load_address>
         <run_address>0x20000420</run_address>
         <size>0xc</size>
         <input_file_ref idref="fl-ce"/>
      </object_component>
      <object_component id="oc-1ba">
         <name>.data:$O1$$</name>
         <load_address>0x2000042c</load_address>
         <run_address>0x2000042c</run_address>
         <size>0xc</size>
         <input_file_ref idref="fl-d7"/>
      </object_component>
      <object_component id="oc-74">
         <name>.data</name>
         <load_address>0x20000444</load_address>
         <run_address>0x20000444</run_address>
         <size>0x4</size>
         <input_file_ref idref="fl-de"/>
      </object_component>
      <object_component id="oc-d4">
         <name>.data:$O1$$</name>
         <load_address>0x20000438</load_address>
         <run_address>0x20000438</run_address>
         <size>0x8</size>
         <input_file_ref idref="fl-e0"/>
      </object_component>
      <object_component id="oc-f3">
         <name>.common:rxd</name>
         <uninitialized>true</uninitialized>
         <run_address>0x2000046a</run_address>
         <size>0x1</size>
      </object_component>
      <object_component id="oc-fd">
         <name>.common:sound</name>
         <uninitialized>true</uninitialized>
         <run_address>0x20000468</run_address>
         <size>0x2</size>
      </object_component>
      <object_component id="oc-100">
         <name>.common:PrimaryBuff</name>
         <uninitialized>true</uninitialized>
         <run_address>0x2000045c</run_address>
         <size>0x4</size>
      </object_component>
      <object_component id="oc-101">
         <name>.common:SecondaryBuff</name>
         <uninitialized>true</uninitialized>
         <run_address>0x20000460</run_address>
         <size>0x4</size>
      </object_component>
      <object_component id="oc-109">
         <name>.common:speakingStatus</name>
         <uninitialized>true</uninitialized>
         <run_address>0x2000044c</run_address>
         <size>0x10</size>
      </object_component>
      <object_component id="oc-136">
         <name>.common:i</name>
         <uninitialized>true</uninitialized>
         <run_address>0x20000464</run_address>
         <size>0x4</size>
      </object_component>
      <object_component id="oc-30">
         <name>.sysmem</name>
         <uninitialized>true</uninitialized>
         <run_address>0x20000000</run_address>
         <size>0x8</size>
         <input_file_ref idref="fl-d7"/>
      </object_component>
      <object_component id="oc-299">
         <name>.sysmem</name>
         <uninitialized>true</uninitialized>
         <run_address>0x20000000</run_address>
         <size>0x0</size>
      </object_component>
      <object_component id="oc-2f">
         <name>.stack</name>
         <uninitialized>true</uninitialized>
         <run_address>0x2000fe00</run_address>
         <size>0x0</size>
         <input_file_ref idref="fl-c7"/>
      </object_component>
      <object_component id="oc-298">
         <name>.stack</name>
         <uninitialized>true</uninitialized>
         <run_address>0x2000fe00</run_address>
         <size>0x0</size>
      </object_component>
      <object_component id="oc-15a">
         <name>.debug_info</name>
         <load_address>0x0</load_address>
         <run_address>0x0</run_address>
         <size>0x615</size>
         <input_file_ref idref="fl-2"/>
      </object_component>
      <object_component id="oc-91">
         <name>.debug_info</name>
         <load_address>0x615</load_address>
         <run_address>0x615</run_address>
         <size>0x280</size>
         <input_file_ref idref="fl-2"/>
      </object_component>
      <object_component id="oc-161">
         <name>.debug_info</name>
         <load_address>0x895</load_address>
         <run_address>0x895</run_address>
         <size>0xea</size>
         <input_file_ref idref="fl-2"/>
      </object_component>
      <object_component id="oc-155">
         <name>.debug_info</name>
         <load_address>0x97f</load_address>
         <run_address>0x97f</run_address>
         <size>0x1055</size>
         <input_file_ref idref="fl-2"/>
      </object_component>
      <object_component id="oc-ee">
         <name>.debug_info</name>
         <load_address>0x19d4</load_address>
         <run_address>0x19d4</run_address>
         <size>0x37cd</size>
         <input_file_ref idref="fl-2"/>
      </object_component>
      <object_component id="oc-39">
         <name>.debug_info</name>
         <load_address>0x51a1</load_address>
         <run_address>0x51a1</run_address>
         <size>0x84</size>
         <input_file_ref idref="fl-2"/>
      </object_component>
      <object_component id="oc-e9">
         <name>.debug_info</name>
         <load_address>0x5225</load_address>
         <run_address>0x5225</run_address>
         <size>0x18b</size>
         <input_file_ref idref="fl-2"/>
      </object_component>
      <object_component id="oc-15e">
         <name>.debug_info</name>
         <load_address>0x53b0</load_address>
         <run_address>0x53b0</run_address>
         <size>0x5a8</size>
         <input_file_ref idref="fl-3"/>
      </object_component>
      <object_component id="oc-f8">
         <name>.debug_info</name>
         <load_address>0x5958</load_address>
         <run_address>0x5958</run_address>
         <size>0x57f</size>
         <input_file_ref idref="fl-3"/>
      </object_component>
      <object_component id="oc-1da">
         <name>.debug_info</name>
         <load_address>0x5ed7</load_address>
         <run_address>0x5ed7</run_address>
         <size>0x110</size>
         <input_file_ref idref="fl-3"/>
      </object_component>
      <object_component id="oc-1ad">
         <name>.debug_info</name>
         <load_address>0x5fe7</load_address>
         <run_address>0x5fe7</run_address>
         <size>0x86f</size>
         <input_file_ref idref="fl-4"/>
      </object_component>
      <object_component id="oc-1a7">
         <name>.debug_info</name>
         <load_address>0x6856</load_address>
         <run_address>0x6856</run_address>
         <size>0xd9</size>
         <input_file_ref idref="fl-4"/>
      </object_component>
      <object_component id="oc-1aa">
         <name>.debug_info</name>
         <load_address>0x692f</load_address>
         <run_address>0x692f</run_address>
         <size>0xd9</size>
         <input_file_ref idref="fl-4"/>
      </object_component>
      <object_component id="oc-104">
         <name>.debug_info</name>
         <load_address>0x6a08</load_address>
         <run_address>0x6a08</run_address>
         <size>0x838</size>
         <input_file_ref idref="fl-4"/>
      </object_component>
      <object_component id="oc-166">
         <name>.debug_info</name>
         <load_address>0x7240</load_address>
         <run_address>0x7240</run_address>
         <size>0x5e</size>
         <input_file_ref idref="fl-4"/>
      </object_component>
      <object_component id="oc-16b">
         <name>.debug_info</name>
         <load_address>0x729e</load_address>
         <run_address>0x729e</run_address>
         <size>0x86</size>
         <input_file_ref idref="fl-4"/>
      </object_component>
      <object_component id="oc-20d">
         <name>.debug_info</name>
         <load_address>0x7324</load_address>
         <run_address>0x7324</run_address>
         <size>0x37cd</size>
         <input_file_ref idref="fl-4"/>
      </object_component>
      <object_component id="oc-b2">
         <name>.debug_info</name>
         <load_address>0xaaf1</load_address>
         <run_address>0xaaf1</run_address>
         <size>0x2c</size>
         <input_file_ref idref="fl-4"/>
      </object_component>
      <object_component id="oc-f4">
         <name>.debug_info</name>
         <load_address>0xab1d</load_address>
         <run_address>0xab1d</run_address>
         <size>0x5a1</size>
         <input_file_ref idref="fl-5"/>
      </object_component>
      <object_component id="oc-8b">
         <name>.debug_info</name>
         <load_address>0xb0be</load_address>
         <run_address>0xb0be</run_address>
         <size>0x319</size>
         <input_file_ref idref="fl-5"/>
      </object_component>
      <object_component id="oc-170">
         <name>.debug_info</name>
         <load_address>0xb3d7</load_address>
         <run_address>0xb3d7</run_address>
         <size>0xc8</size>
         <input_file_ref idref="fl-5"/>
      </object_component>
      <object_component id="oc-1d0">
         <name>.debug_info</name>
         <load_address>0xb49f</load_address>
         <run_address>0xb49f</run_address>
         <size>0x709</size>
         <input_file_ref idref="fl-6"/>
      </object_component>
      <object_component id="oc-131">
         <name>.debug_info</name>
         <load_address>0xbba8</load_address>
         <run_address>0xbba8</run_address>
         <size>0x691</size>
         <input_file_ref idref="fl-6"/>
      </object_component>
      <object_component id="oc-97">
         <name>.debug_info</name>
         <load_address>0xc239</load_address>
         <run_address>0xc239</run_address>
         <size>0x2bd</size>
         <input_file_ref idref="fl-7"/>
      </object_component>
      <object_component id="oc-fe">
         <name>.debug_info</name>
         <load_address>0xc4f6</load_address>
         <run_address>0xc4f6</run_address>
         <size>0x9e6</size>
         <input_file_ref idref="fl-8"/>
      </object_component>
      <object_component id="oc-e4">
         <name>.debug_info</name>
         <load_address>0xcedc</load_address>
         <run_address>0xcedc</run_address>
         <size>0x1ca</size>
         <input_file_ref idref="fl-8"/>
      </object_component>
      <object_component id="oc-ca">
         <name>.debug_info</name>
         <load_address>0xd0a6</load_address>
         <run_address>0xd0a6</run_address>
         <size>0x447</size>
         <input_file_ref idref="fl-8"/>
      </object_component>
      <object_component id="oc-190">
         <name>.debug_info</name>
         <load_address>0xd4ed</load_address>
         <run_address>0xd4ed</run_address>
         <size>0x10e</size>
         <input_file_ref idref="fl-9"/>
      </object_component>
      <object_component id="oc-9e">
         <name>.debug_info</name>
         <load_address>0xd5fb</load_address>
         <run_address>0xd5fb</run_address>
         <size>0x2be</size>
         <input_file_ref idref="fl-a"/>
      </object_component>
      <object_component id="oc-2d">
         <name>.debug_info</name>
         <load_address>0xd8b9</load_address>
         <run_address>0xd8b9</run_address>
         <size>0xfc</size>
         <input_file_ref idref="fl-a"/>
      </object_component>
      <object_component id="oc-79">
         <name>.debug_info</name>
         <load_address>0xd9b5</load_address>
         <run_address>0xd9b5</run_address>
         <size>0x1c3</size>
         <input_file_ref idref="fl-a"/>
      </object_component>
      <object_component id="oc-14e">
         <name>.debug_info</name>
         <load_address>0xdb78</load_address>
         <run_address>0xdb78</run_address>
         <size>0xf5</size>
         <input_file_ref idref="fl-b"/>
      </object_component>
      <object_component id="oc-dd">
         <name>.debug_info</name>
         <load_address>0xdc6d</load_address>
         <run_address>0xdc6d</run_address>
         <size>0x267</size>
         <input_file_ref idref="fl-b"/>
      </object_component>
      <object_component id="oc-7f">
         <name>.debug_info</name>
         <load_address>0xded4</load_address>
         <run_address>0xded4</run_address>
         <size>0x211</size>
         <input_file_ref idref="fl-c"/>
      </object_component>
      <object_component id="oc-e8">
         <name>.debug_info</name>
         <load_address>0xe0e5</load_address>
         <run_address>0xe0e5</run_address>
         <size>0x524</size>
         <input_file_ref idref="fl-d"/>
      </object_component>
      <object_component id="oc-85">
         <name>.debug_info</name>
         <load_address>0xe609</load_address>
         <run_address>0xe609</run_address>
         <size>0x383</size>
         <input_file_ref idref="fl-d"/>
      </object_component>
      <object_component id="oc-27">
         <name>.debug_info</name>
         <load_address>0xe98c</load_address>
         <run_address>0xe98c</run_address>
         <size>0x160</size>
         <input_file_ref idref="fl-c7"/>
      </object_component>
      <object_component id="oc-a8">
         <name>.debug_info</name>
         <load_address>0xeaec</load_address>
         <run_address>0xeaec</run_address>
         <size>0x293</size>
         <input_file_ref idref="fl-c8"/>
      </object_component>
      <object_component id="oc-15">
         <name>.debug_info</name>
         <load_address>0xed7f</load_address>
         <run_address>0xed7f</run_address>
         <size>0x245</size>
         <input_file_ref idref="fl-c8"/>
      </object_component>
      <object_component id="oc-34">
         <name>.debug_info</name>
         <load_address>0xefc4</load_address>
         <run_address>0xefc4</run_address>
         <size>0x60</size>
         <input_file_ref idref="fl-c8"/>
      </object_component>
      <object_component id="oc-a3">
         <name>.debug_info</name>
         <load_address>0xf024</load_address>
         <run_address>0xf024</run_address>
         <size>0x46</size>
         <input_file_ref idref="fl-c8"/>
      </object_component>
      <object_component id="oc-49">
         <name>.debug_info</name>
         <load_address>0xf06a</load_address>
         <run_address>0xf06a</run_address>
         <size>0x2da</size>
         <input_file_ref idref="fl-c9"/>
      </object_component>
      <object_component id="oc-1b">
         <name>.debug_info</name>
         <load_address>0xf344</load_address>
         <run_address>0xf344</run_address>
         <size>0x1df</size>
         <input_file_ref idref="fl-c9"/>
      </object_component>
      <object_component id="oc-44">
         <name>.debug_info</name>
         <load_address>0xf523</load_address>
         <run_address>0xf523</run_address>
         <size>0x46</size>
         <input_file_ref idref="fl-c9"/>
      </object_component>
      <object_component id="oc-aa">
         <name>.debug_info</name>
         <load_address>0xf569</load_address>
         <run_address>0xf569</run_address>
         <size>0x2c</size>
         <input_file_ref idref="fl-c9"/>
      </object_component>
      <object_component id="oc-55">
         <name>.debug_info</name>
         <load_address>0xf595</load_address>
         <run_address>0xf595</run_address>
         <size>0x2c9</size>
         <input_file_ref idref="fl-ca"/>
      </object_component>
      <object_component id="oc-21">
         <name>.debug_info</name>
         <load_address>0xf85e</load_address>
         <run_address>0xf85e</run_address>
         <size>0x1aa</size>
         <input_file_ref idref="fl-ca"/>
      </object_component>
      <object_component id="oc-50">
         <name>.debug_info</name>
         <load_address>0xfa08</load_address>
         <run_address>0xfa08</run_address>
         <size>0x46</size>
         <input_file_ref idref="fl-ca"/>
      </object_component>
      <object_component id="oc-204">
         <name>.debug_info</name>
         <load_address>0xfa4e</load_address>
         <run_address>0xfa4e</run_address>
         <size>0x39b</size>
         <input_file_ref idref="fl-cb"/>
      </object_component>
      <object_component id="oc-1f6">
         <name>.debug_info</name>
         <load_address>0xfde9</load_address>
         <run_address>0xfde9</run_address>
         <size>0x11d</size>
         <input_file_ref idref="fl-cb"/>
      </object_component>
      <object_component id="oc-19c">
         <name>.debug_info</name>
         <load_address>0xff06</load_address>
         <run_address>0xff06</run_address>
         <size>0xb75</size>
         <input_file_ref idref="fl-cb"/>
      </object_component>
      <object_component id="oc-1e9">
         <name>.debug_info</name>
         <load_address>0x10a7b</load_address>
         <run_address>0x10a7b</run_address>
         <size>0x39</size>
         <input_file_ref idref="fl-cb"/>
      </object_component>
      <object_component id="oc-1ee">
         <name>.debug_info</name>
         <load_address>0x10ab4</load_address>
         <run_address>0x10ab4</run_address>
         <size>0x2e3</size>
         <input_file_ref idref="fl-cc"/>
      </object_component>
      <object_component id="oc-17b">
         <name>.debug_info</name>
         <load_address>0x10d97</load_address>
         <run_address>0x10d97</run_address>
         <size>0x240</size>
         <input_file_ref idref="fl-cc"/>
      </object_component>
      <object_component id="oc-1e6">
         <name>.debug_info</name>
         <load_address>0x10fd7</load_address>
         <run_address>0x10fd7</run_address>
         <size>0xf3</size>
         <input_file_ref idref="fl-cd"/>
      </object_component>
      <object_component id="oc-d8">
         <name>.debug_info</name>
         <load_address>0x110ca</load_address>
         <run_address>0x110ca</run_address>
         <size>0x3ce</size>
         <input_file_ref idref="fl-ce"/>
      </object_component>
      <object_component id="oc-d2">
         <name>.debug_info</name>
         <load_address>0x11498</load_address>
         <run_address>0x11498</run_address>
         <size>0x185</size>
         <input_file_ref idref="fl-ce"/>
      </object_component>
      <object_component id="oc-6f">
         <name>.debug_info</name>
         <load_address>0x1161d</load_address>
         <run_address>0x1161d</run_address>
         <size>0x214</size>
         <input_file_ref idref="fl-ce"/>
      </object_component>
      <object_component id="oc-1cb">
         <name>.debug_info</name>
         <load_address>0x11831</load_address>
         <run_address>0x11831</run_address>
         <size>0x144</size>
         <input_file_ref idref="fl-cf"/>
      </object_component>
      <object_component id="oc-1f9">
         <name>.debug_info</name>
         <load_address>0x11975</load_address>
         <run_address>0x11975</run_address>
         <size>0x120</size>
         <input_file_ref idref="fl-d0"/>
      </object_component>
      <object_component id="oc-1e1">
         <name>.debug_info</name>
         <load_address>0x11a95</load_address>
         <run_address>0x11a95</run_address>
         <size>0x122</size>
         <input_file_ref idref="fl-d0"/>
      </object_component>
      <object_component id="oc-186">
         <name>.debug_info</name>
         <load_address>0x11bb7</load_address>
         <run_address>0x11bb7</run_address>
         <size>0x132</size>
         <input_file_ref idref="fl-d1"/>
      </object_component>
      <object_component id="oc-1a2">
         <name>.debug_info</name>
         <load_address>0x11ce9</load_address>
         <run_address>0x11ce9</run_address>
         <size>0x132</size>
         <input_file_ref idref="fl-d2"/>
      </object_component>
      <object_component id="oc-18b">
         <name>.debug_info</name>
         <load_address>0x11e1b</load_address>
         <run_address>0x11e1b</run_address>
         <size>0x136</size>
         <input_file_ref idref="fl-d3"/>
      </object_component>
      <object_component id="oc-176">
         <name>.debug_info</name>
         <load_address>0x11f51</load_address>
         <run_address>0x11f51</run_address>
         <size>0x124</size>
         <input_file_ref idref="fl-d4"/>
      </object_component>
      <object_component id="oc-181">
         <name>.debug_info</name>
         <load_address>0x12075</load_address>
         <run_address>0x12075</run_address>
         <size>0x124</size>
         <input_file_ref idref="fl-d5"/>
      </object_component>
      <object_component id="oc-3f">
         <name>.debug_info</name>
         <load_address>0x12199</load_address>
         <run_address>0x12199</run_address>
         <size>0x111</size>
         <input_file_ref idref="fl-d6"/>
      </object_component>
      <object_component id="oc-a1">
         <name>.debug_info</name>
         <load_address>0x122aa</load_address>
         <run_address>0x122aa</run_address>
         <size>0x3bc</size>
         <input_file_ref idref="fl-d7"/>
      </object_component>
      <object_component id="oc-31">
         <name>.debug_info</name>
         <load_address>0x12666</load_address>
         <run_address>0x12666</run_address>
         <size>0x101</size>
         <input_file_ref idref="fl-d7"/>
      </object_component>
      <object_component id="oc-1bb">
         <name>.debug_info</name>
         <load_address>0x12767</load_address>
         <run_address>0x12767</run_address>
         <size>0x14c</size>
         <input_file_ref idref="fl-d7"/>
      </object_component>
      <object_component id="oc-12b">
         <name>.debug_info</name>
         <load_address>0x128b3</load_address>
         <run_address>0x128b3</run_address>
         <size>0x885</size>
         <input_file_ref idref="fl-d7"/>
      </object_component>
      <object_component id="oc-10f">
         <name>.debug_info</name>
         <load_address>0x13138</load_address>
         <run_address>0x13138</run_address>
         <size>0x2c</size>
         <input_file_ref idref="fl-d7"/>
      </object_component>
      <object_component id="oc-114">
         <name>.debug_info</name>
         <load_address>0x13164</load_address>
         <run_address>0x13164</run_address>
         <size>0x62</size>
         <input_file_ref idref="fl-d7"/>
      </object_component>
      <object_component id="oc-4b">
         <name>.debug_info</name>
         <load_address>0x131c6</load_address>
         <run_address>0x131c6</run_address>
         <size>0x13f</size>
         <input_file_ref idref="fl-d8"/>
      </object_component>
      <object_component id="oc-57">
         <name>.debug_info</name>
         <load_address>0x13305</load_address>
         <run_address>0x13305</run_address>
         <size>0x138</size>
         <input_file_ref idref="fl-d9"/>
      </object_component>
      <object_component id="oc-5d">
         <name>.debug_info</name>
         <load_address>0x1343d</load_address>
         <run_address>0x1343d</run_address>
         <size>0x148</size>
         <input_file_ref idref="fl-da"/>
      </object_component>
      <object_component id="oc-22c">
         <name>.debug_info</name>
         <load_address>0x13585</load_address>
         <run_address>0x13585</run_address>
         <size>0x3a5</size>
         <input_file_ref idref="fl-db"/>
      </object_component>
      <object_component id="oc-1bf">
         <name>.debug_info</name>
         <load_address>0x1392a</load_address>
         <run_address>0x1392a</run_address>
         <size>0x790</size>
         <input_file_ref idref="fl-db"/>
      </object_component>
      <object_component id="oc-243">
         <name>.debug_info</name>
         <load_address>0x140ba</load_address>
         <run_address>0x140ba</run_address>
         <size>0x316</size>
         <input_file_ref idref="fl-dc"/>
      </object_component>
      <object_component id="oc-1fe">
         <name>.debug_info</name>
         <load_address>0x143d0</load_address>
         <run_address>0x143d0</run_address>
         <size>0x1d5</size>
         <input_file_ref idref="fl-dc"/>
      </object_component>
      <object_component id="oc-244">
         <name>.debug_info</name>
         <load_address>0x145a5</load_address>
         <run_address>0x145a5</run_address>
         <size>0x2c</size>
         <input_file_ref idref="fl-dc"/>
      </object_component>
      <object_component id="oc-22e">
         <name>.debug_info</name>
         <load_address>0x145d1</load_address>
         <run_address>0x145d1</run_address>
         <size>0x3a5</size>
         <input_file_ref idref="fl-dd"/>
      </object_component>
      <object_component id="oc-1c5">
         <name>.debug_info</name>
         <load_address>0x14976</load_address>
         <run_address>0x14976</run_address>
         <size>0x78b</size>
         <input_file_ref idref="fl-dd"/>
      </object_component>
      <object_component id="oc-75">
         <name>.debug_info</name>
         <load_address>0x15101</load_address>
         <run_address>0x15101</run_address>
         <size>0x109</size>
         <input_file_ref idref="fl-de"/>
      </object_component>
      <object_component id="oc-1f4">
         <name>.debug_info</name>
         <load_address>0x1520a</load_address>
         <run_address>0x1520a</run_address>
         <size>0x284</size>
         <input_file_ref idref="fl-df"/>
      </object_component>
      <object_component id="oc-196">
         <name>.debug_info</name>
         <load_address>0x1548e</load_address>
         <run_address>0x1548e</run_address>
         <size>0x22a</size>
         <input_file_ref idref="fl-df"/>
      </object_component>
      <object_component id="oc-149">
         <name>.debug_info</name>
         <load_address>0x156b8</load_address>
         <run_address>0x156b8</run_address>
         <size>0x2be</size>
         <input_file_ref idref="fl-e0"/>
      </object_component>
      <object_component id="oc-d5">
         <name>.debug_info</name>
         <load_address>0x15976</load_address>
         <run_address>0x15976</run_address>
         <size>0x113</size>
         <input_file_ref idref="fl-e0"/>
      </object_component>
      <object_component id="oc-142">
         <name>.debug_info</name>
         <load_address>0x15a89</load_address>
         <run_address>0x15a89</run_address>
         <size>0x21f</size>
         <input_file_ref idref="fl-e0"/>
      </object_component>
      <object_component id="oc-d0">
         <name>.debug_info</name>
         <load_address>0x15ca8</load_address>
         <run_address>0x15ca8</run_address>
         <size>0x300</size>
         <input_file_ref idref="fl-e1"/>
      </object_component>
      <object_component id="oc-69">
         <name>.debug_info</name>
         <load_address>0x15fa8</load_address>
         <run_address>0x15fa8</run_address>
         <size>0x167</size>
         <input_file_ref idref="fl-e1"/>
      </object_component>
      <object_component id="oc-13a">
         <name>.debug_info</name>
         <load_address>0x1610f</load_address>
         <run_address>0x1610f</run_address>
         <size>0x5e</size>
         <input_file_ref idref="fl-e1"/>
      </object_component>
      <object_component id="oc-c8">
         <name>.debug_info</name>
         <load_address>0x1616d</load_address>
         <run_address>0x1616d</run_address>
         <size>0x483</size>
         <input_file_ref idref="fl-e2"/>
      </object_component>
      <object_component id="oc-63">
         <name>.debug_info</name>
         <load_address>0x165f0</load_address>
         <run_address>0x165f0</run_address>
         <size>0x190</size>
         <input_file_ref idref="fl-e2"/>
      </object_component>
      <object_component id="oc-120">
         <name>.debug_info</name>
         <load_address>0x16780</load_address>
         <run_address>0x16780</run_address>
         <size>0x39</size>
         <input_file_ref idref="fl-e2"/>
      </object_component>
      <object_component id="oc-1b5">
         <name>.debug_info</name>
         <load_address>0x167b9</load_address>
         <run_address>0x167b9</run_address>
         <size>0x39</size>
         <input_file_ref idref="fl-e2"/>
      </object_component>
      <object_component id="oc-125">
         <name>.debug_info</name>
         <load_address>0x167f2</load_address>
         <run_address>0x167f2</run_address>
         <size>0xcd</size>
         <input_file_ref idref="fl-e2"/>
      </object_component>
      <object_component id="oc-11c">
         <name>.debug_info</name>
         <load_address>0x168bf</load_address>
         <run_address>0x168bf</run_address>
         <size>0x37a</size>
         <input_file_ref idref="fl-e3"/>
      </object_component>
      <object_component id="oc-bc">
         <name>.debug_info</name>
         <load_address>0x16c39</load_address>
         <run_address>0x16c39</run_address>
         <size>0x183</size>
         <input_file_ref idref="fl-e3"/>
      </object_component>
      <object_component id="oc-1b0">
         <name>.debug_info</name>
         <load_address>0x16dbc</load_address>
         <run_address>0x16dbc</run_address>
         <size>0x2c</size>
         <input_file_ref idref="fl-e3"/>
      </object_component>
      <object_component id="oc-216">
         <name>.debug_info</name>
         <load_address>0x16de8</load_address>
         <run_address>0x16de8</run_address>
         <size>0x126</size>
         <input_file_ref idref="fl-e4"/>
      </object_component>
      <object_component id="oc-24d">
         <name>.debug_info</name>
         <load_address>0x16f0e</load_address>
         <run_address>0x16f0e</run_address>
         <size>0x278</size>
         <input_file_ref idref="fl-e5"/>
      </object_component>
      <object_component id="oc-21a">
         <name>.debug_info</name>
         <load_address>0x17186</load_address>
         <run_address>0x17186</run_address>
         <size>0x31c</size>
         <input_file_ref idref="fl-e5"/>
      </object_component>
      <object_component id="oc-258">
         <name>.debug_info</name>
         <load_address>0x174a2</load_address>
         <run_address>0x174a2</run_address>
         <size>0x39a</size>
         <input_file_ref idref="fl-e6"/>
      </object_component>
      <object_component id="oc-255">
         <name>.debug_info</name>
         <load_address>0x1783c</load_address>
         <run_address>0x1783c</run_address>
         <size>0x12f</size>
         <input_file_ref idref="fl-e6"/>
      </object_component>
      <object_component id="oc-220">
         <name>.debug_info</name>
         <load_address>0x1796b</load_address>
         <run_address>0x1796b</run_address>
         <size>0x724</size>
         <input_file_ref idref="fl-e6"/>
      </object_component>
      <object_component id="oc-25b">
         <name>.debug_info</name>
         <load_address>0x1808f</load_address>
         <run_address>0x1808f</run_address>
         <size>0x27d</size>
         <input_file_ref idref="fl-e7"/>
      </object_component>
      <object_component id="oc-226">
         <name>.debug_info</name>
         <load_address>0x1830c</load_address>
         <run_address>0x1830c</run_address>
         <size>0x375</size>
         <input_file_ref idref="fl-e7"/>
      </object_component>
      <object_component id="oc-23d">
         <name>.debug_info</name>
         <load_address>0x18681</load_address>
         <run_address>0x18681</run_address>
         <size>0x156</size>
         <input_file_ref idref="fl-e8"/>
      </object_component>
      <object_component id="oc-266">
         <name>.debug_info</name>
         <load_address>0x187d7</load_address>
         <run_address>0x187d7</run_address>
         <size>0x2ce</size>
         <input_file_ref idref="fl-e9"/>
      </object_component>
      <object_component id="oc-24f">
         <name>.debug_info</name>
         <load_address>0x18aa5</load_address>
         <run_address>0x18aa5</run_address>
         <size>0x21f</size>
         <input_file_ref idref="fl-e9"/>
      </object_component>
      <object_component id="oc-c2">
         <name>.debug_info</name>
         <load_address>0x18cc4</load_address>
         <run_address>0x18cc4</run_address>
         <size>0x145</size>
         <input_file_ref idref="fl-ea"/>
      </object_component>
      <object_component id="oc-29a">
         <name>.debug_info</name>
         <load_address>0x18e09</load_address>
         <run_address>0x18e09</run_address>
         <size>0xab</size>
      </object_component>
      <object_component id="oc-1d7">
         <name>.debug_line</name>
         <load_address>0x0</load_address>
         <run_address>0x0</run_address>
         <size>0x3c</size>
         <input_file_ref idref="fl-2"/>
      </object_component>
      <object_component id="oc-94">
         <name>.debug_line</name>
         <load_address>0x3c</load_address>
         <run_address>0x3c</run_address>
         <size>0xe1</size>
         <input_file_ref idref="fl-2"/>
      </object_component>
      <object_component id="oc-164">
         <name>.debug_line</name>
         <load_address>0x11d</load_address>
         <run_address>0x11d</run_address>
         <size>0x30</size>
         <input_file_ref idref="fl-2"/>
      </object_component>
      <object_component id="oc-158">
         <name>.debug_line</name>
         <load_address>0x14d</load_address>
         <run_address>0x14d</run_address>
         <size>0x60</size>
         <input_file_ref idref="fl-2"/>
      </object_component>
      <object_component id="oc-f1">
         <name>.debug_line</name>
         <load_address>0x1ad</load_address>
         <run_address>0x1ad</run_address>
         <size>0x5d</size>
         <input_file_ref idref="fl-2"/>
      </object_component>
      <object_component id="oc-3c">
         <name>.debug_line</name>
         <load_address>0x20a</load_address>
         <run_address>0x20a</run_address>
         <size>0x20</size>
         <input_file_ref idref="fl-2"/>
      </object_component>
      <object_component id="oc-ec">
         <name>.debug_line</name>
         <load_address>0x22a</load_address>
         <run_address>0x22a</run_address>
         <size>0x70</size>
         <input_file_ref idref="fl-2"/>
      </object_component>
      <object_component id="oc-1d9">
         <name>.debug_line</name>
         <load_address>0x29a</load_address>
         <run_address>0x29a</run_address>
         <size>0x70</size>
         <input_file_ref idref="fl-3"/>
      </object_component>
      <object_component id="oc-fb">
         <name>.debug_line</name>
         <load_address>0x30a</load_address>
         <run_address>0x30a</run_address>
         <size>0x166</size>
         <input_file_ref idref="fl-3"/>
      </object_component>
      <object_component id="oc-1dd">
         <name>.debug_line</name>
         <load_address>0x470</load_address>
         <run_address>0x470</run_address>
         <size>0x70</size>
         <input_file_ref idref="fl-3"/>
      </object_component>
      <object_component id="oc-20c">
         <name>.debug_line</name>
         <load_address>0x4e0</load_address>
         <run_address>0x4e0</run_address>
         <size>0xf7</size>
         <input_file_ref idref="fl-4"/>
      </object_component>
      <object_component id="oc-208">
         <name>.debug_line</name>
         <load_address>0x5d7</load_address>
         <run_address>0x5d7</run_address>
         <size>0x30</size>
         <input_file_ref idref="fl-4"/>
      </object_component>
      <object_component id="oc-20a">
         <name>.debug_line</name>
         <load_address>0x607</load_address>
         <run_address>0x607</run_address>
         <size>0x30</size>
         <input_file_ref idref="fl-4"/>
      </object_component>
      <object_component id="oc-107">
         <name>.debug_line</name>
         <load_address>0x637</load_address>
         <run_address>0x637</run_address>
         <size>0x1cc</size>
         <input_file_ref idref="fl-4"/>
      </object_component>
      <object_component id="oc-169">
         <name>.debug_line</name>
         <load_address>0x803</load_address>
         <run_address>0x803</run_address>
         <size>0x2c</size>
         <input_file_ref idref="fl-4"/>
      </object_component>
      <object_component id="oc-16e">
         <name>.debug_line</name>
         <load_address>0x82f</load_address>
         <run_address>0x82f</run_address>
         <size>0x30</size>
         <input_file_ref idref="fl-4"/>
      </object_component>
      <object_component id="oc-210">
         <name>.debug_line</name>
         <load_address>0x85f</load_address>
         <run_address>0x85f</run_address>
         <size>0x5d</size>
         <input_file_ref idref="fl-4"/>
      </object_component>
      <object_component id="oc-b5">
         <name>.debug_line</name>
         <load_address>0x8bc</load_address>
         <run_address>0x8bc</run_address>
         <size>0x70</size>
         <input_file_ref idref="fl-4"/>
      </object_component>
      <object_component id="oc-15c">
         <name>.debug_line</name>
         <load_address>0x92c</load_address>
         <run_address>0x92c</run_address>
         <size>0x32</size>
         <input_file_ref idref="fl-5"/>
      </object_component>
      <object_component id="oc-8e">
         <name>.debug_line</name>
         <load_address>0x95e</load_address>
         <run_address>0x95e</run_address>
         <size>0xfe</size>
         <input_file_ref idref="fl-5"/>
      </object_component>
      <object_component id="oc-173">
         <name>.debug_line</name>
         <load_address>0xa5c</load_address>
         <run_address>0xa5c</run_address>
         <size>0x6f</size>
         <input_file_ref idref="fl-5"/>
      </object_component>
      <object_component id="oc-231">
         <name>.debug_line</name>
         <load_address>0xacb</load_address>
         <run_address>0xacb</run_address>
         <size>0x9a</size>
         <input_file_ref idref="fl-6"/>
      </object_component>
      <object_component id="oc-134">
         <name>.debug_line</name>
         <load_address>0xb65</load_address>
         <run_address>0xb65</run_address>
         <size>0x13a</size>
         <input_file_ref idref="fl-6"/>
      </object_component>
      <object_component id="oc-9a">
         <name>.debug_line</name>
         <load_address>0xc9f</load_address>
         <run_address>0xc9f</run_address>
         <size>0xf9</size>
         <input_file_ref idref="fl-7"/>
      </object_component>
      <object_component id="oc-160">
         <name>.debug_line</name>
         <load_address>0xd98</load_address>
         <run_address>0xd98</run_address>
         <size>0xdd</size>
         <input_file_ref idref="fl-8"/>
      </object_component>
      <object_component id="oc-152">
         <name>.debug_line</name>
         <load_address>0xe75</load_address>
         <run_address>0xe75</run_address>
         <size>0x2d</size>
         <input_file_ref idref="fl-8"/>
      </object_component>
      <object_component id="oc-cd">
         <name>.debug_line</name>
         <load_address>0xea2</load_address>
         <run_address>0xea2</run_address>
         <size>0xf0</size>
         <input_file_ref idref="fl-8"/>
      </object_component>
      <object_component id="oc-193">
         <name>.debug_line</name>
         <load_address>0xf92</load_address>
         <run_address>0xf92</run_address>
         <size>0x4c</size>
         <input_file_ref idref="fl-9"/>
      </object_component>
      <object_component id="oc-10c">
         <name>.debug_line</name>
         <load_address>0xfde</load_address>
         <run_address>0xfde</run_address>
         <size>0x40</size>
         <input_file_ref idref="fl-a"/>
      </object_component>
      <object_component id="oc-9d">
         <name>.debug_line</name>
         <load_address>0x101e</load_address>
         <run_address>0x101e</run_address>
         <size>0x40</size>
         <input_file_ref idref="fl-a"/>
      </object_component>
      <object_component id="oc-7c">
         <name>.debug_line</name>
         <load_address>0x105e</load_address>
         <run_address>0x105e</run_address>
         <size>0x71</size>
         <input_file_ref idref="fl-a"/>
      </object_component>
      <object_component id="oc-1d5">
         <name>.debug_line</name>
         <load_address>0x10cf</load_address>
         <run_address>0x10cf</run_address>
         <size>0x3b</size>
         <input_file_ref idref="fl-b"/>
      </object_component>
      <object_component id="oc-e0">
         <name>.debug_line</name>
         <load_address>0x110a</load_address>
         <run_address>0x110a</run_address>
         <size>0x146</size>
         <input_file_ref idref="fl-b"/>
      </object_component>
      <object_component id="oc-82">
         <name>.debug_line</name>
         <load_address>0x1250</load_address>
         <run_address>0x1250</run_address>
         <size>0x99</size>
         <input_file_ref idref="fl-c"/>
      </object_component>
      <object_component id="oc-154">
         <name>.debug_line</name>
         <load_address>0x12e9</load_address>
         <run_address>0x12e9</run_address>
         <size>0x20</size>
         <input_file_ref idref="fl-d"/>
      </object_component>
      <object_component id="oc-88">
         <name>.debug_line</name>
         <load_address>0x1309</load_address>
         <run_address>0x1309</run_address>
         <size>0x114</size>
         <input_file_ref idref="fl-d"/>
      </object_component>
      <object_component id="oc-2a">
         <name>.debug_line</name>
         <load_address>0x141d</load_address>
         <run_address>0x141d</run_address>
         <size>0x53</size>
         <input_file_ref idref="fl-c7"/>
      </object_component>
      <object_component id="oc-11a">
         <name>.debug_line</name>
         <load_address>0x1470</load_address>
         <run_address>0x1470</run_address>
         <size>0x20</size>
         <input_file_ref idref="fl-c8"/>
      </object_component>
      <object_component id="oc-19">
         <name>.debug_line</name>
         <load_address>0x1490</load_address>
         <run_address>0x1490</run_address>
         <size>0xa9</size>
         <input_file_ref idref="fl-c8"/>
      </object_component>
      <object_component id="oc-37">
         <name>.debug_line</name>
         <load_address>0x1539</load_address>
         <run_address>0x1539</run_address>
         <size>0x3a</size>
         <input_file_ref idref="fl-c8"/>
      </object_component>
      <object_component id="oc-a6">
         <name>.debug_line</name>
         <load_address>0x1573</load_address>
         <run_address>0x1573</run_address>
         <size>0x8a</size>
         <input_file_ref idref="fl-c8"/>
      </object_component>
      <object_component id="oc-b0">
         <name>.debug_line</name>
         <load_address>0x15fd</load_address>
         <run_address>0x15fd</run_address>
         <size>0x8a</size>
         <input_file_ref idref="fl-c9"/>
      </object_component>
      <object_component id="oc-1e">
         <name>.debug_line</name>
         <load_address>0x1687</load_address>
         <run_address>0x1687</run_address>
         <size>0x55</size>
         <input_file_ref idref="fl-c9"/>
      </object_component>
      <object_component id="oc-47">
         <name>.debug_line</name>
         <load_address>0x16dc</load_address>
         <run_address>0x16dc</run_address>
         <size>0x3a</size>
         <input_file_ref idref="fl-c9"/>
      </object_component>
      <object_component id="oc-ad">
         <name>.debug_line</name>
         <load_address>0x1716</load_address>
         <run_address>0x1716</run_address>
         <size>0x8a</size>
         <input_file_ref idref="fl-c9"/>
      </object_component>
      <object_component id="oc-b8">
         <name>.debug_line</name>
         <load_address>0x17a0</load_address>
         <run_address>0x17a0</run_address>
         <size>0x8a</size>
         <input_file_ref idref="fl-ca"/>
      </object_component>
      <object_component id="oc-24">
         <name>.debug_line</name>
         <load_address>0x182a</load_address>
         <run_address>0x182a</run_address>
         <size>0x4f</size>
         <input_file_ref idref="fl-ca"/>
      </object_component>
      <object_component id="oc-53">
         <name>.debug_line</name>
         <load_address>0x1879</load_address>
         <run_address>0x1879</run_address>
         <size>0x34</size>
         <input_file_ref idref="fl-ca"/>
      </object_component>
      <object_component id="oc-24a">
         <name>.debug_line</name>
         <load_address>0x18ad</load_address>
         <run_address>0x18ad</run_address>
         <size>0x93</size>
         <input_file_ref idref="fl-cb"/>
      </object_component>
      <object_component id="oc-23a">
         <name>.debug_line</name>
         <load_address>0x1940</load_address>
         <run_address>0x1940</run_address>
         <size>0x2b</size>
         <input_file_ref idref="fl-cb"/>
      </object_component>
      <object_component id="oc-19f">
         <name>.debug_line</name>
         <load_address>0x196b</load_address>
         <run_address>0x196b</run_address>
         <size>0x2b4</size>
         <input_file_ref idref="fl-cb"/>
      </object_component>
      <object_component id="oc-1ec">
         <name>.debug_line</name>
         <load_address>0x1c1f</load_address>
         <run_address>0x1c1f</run_address>
         <size>0x8a</size>
         <input_file_ref idref="fl-cb"/>
      </object_component>
      <object_component id="oc-236">
         <name>.debug_line</name>
         <load_address>0x1ca9</load_address>
         <run_address>0x1ca9</run_address>
         <size>0x89</size>
         <input_file_ref idref="fl-cc"/>
      </object_component>
      <object_component id="oc-17e">
         <name>.debug_line</name>
         <load_address>0x1d32</load_address>
         <run_address>0x1d32</run_address>
         <size>0x132</size>
         <input_file_ref idref="fl-cc"/>
      </object_component>
      <object_component id="oc-234">
         <name>.debug_line</name>
         <load_address>0x1e64</load_address>
         <run_address>0x1e64</run_address>
         <size>0x2b</size>
         <input_file_ref idref="fl-cd"/>
      </object_component>
      <object_component id="oc-14c">
         <name>.debug_line</name>
         <load_address>0x1e8f</load_address>
         <run_address>0x1e8f</run_address>
         <size>0xf2</size>
         <input_file_ref idref="fl-ce"/>
      </object_component>
      <object_component id="oc-140">
         <name>.debug_line</name>
         <load_address>0x1f81</load_address>
         <run_address>0x1f81</run_address>
         <size>0x2a</size>
         <input_file_ref idref="fl-ce"/>
      </object_component>
      <object_component id="oc-72">
         <name>.debug_line</name>
         <load_address>0x1fab</load_address>
         <run_address>0x1fab</run_address>
         <size>0x86</size>
         <input_file_ref idref="fl-ce"/>
      </object_component>
      <object_component id="oc-1ce">
         <name>.debug_line</name>
         <load_address>0x2031</load_address>
         <run_address>0x2031</run_address>
         <size>0xd2</size>
         <input_file_ref idref="fl-cf"/>
      </object_component>
      <object_component id="oc-1fc">
         <name>.debug_line</name>
         <load_address>0x2103</load_address>
         <run_address>0x2103</run_address>
         <size>0x77</size>
         <input_file_ref idref="fl-d0"/>
      </object_component>
      <object_component id="oc-1e4">
         <name>.debug_line</name>
         <load_address>0x217a</load_address>
         <run_address>0x217a</run_address>
         <size>0x77</size>
         <input_file_ref idref="fl-d0"/>
      </object_component>
      <object_component id="oc-189">
         <name>.debug_line</name>
         <load_address>0x21f1</load_address>
         <run_address>0x21f1</run_address>
         <size>0xa8</size>
         <input_file_ref idref="fl-d1"/>
      </object_component>
      <object_component id="oc-1a5">
         <name>.debug_line</name>
         <load_address>0x2299</load_address>
         <run_address>0x2299</run_address>
         <size>0x8e</size>
         <input_file_ref idref="fl-d2"/>
      </object_component>
      <object_component id="oc-18e">
         <name>.debug_line</name>
         <load_address>0x2327</load_address>
         <run_address>0x2327</run_address>
         <size>0x67</size>
         <input_file_ref idref="fl-d3"/>
      </object_component>
      <object_component id="oc-179">
         <name>.debug_line</name>
         <load_address>0x238e</load_address>
         <run_address>0x238e</run_address>
         <size>0x57</size>
         <input_file_ref idref="fl-d4"/>
      </object_component>
      <object_component id="oc-184">
         <name>.debug_line</name>
         <load_address>0x23e5</load_address>
         <run_address>0x23e5</run_address>
         <size>0x50</size>
         <input_file_ref idref="fl-d5"/>
      </object_component>
      <object_component id="oc-42">
         <name>.debug_line</name>
         <load_address>0x2435</load_address>
         <run_address>0x2435</run_address>
         <size>0x88</size>
         <input_file_ref idref="fl-d6"/>
      </object_component>
      <object_component id="oc-10e">
         <name>.debug_line</name>
         <load_address>0x24bd</load_address>
         <run_address>0x24bd</run_address>
         <size>0xff</size>
         <input_file_ref idref="fl-d7"/>
      </object_component>
      <object_component id="oc-a0">
         <name>.debug_line</name>
         <load_address>0x25bc</load_address>
         <run_address>0x25bc</run_address>
         <size>0x2c</size>
         <input_file_ref idref="fl-d7"/>
      </object_component>
      <object_component id="oc-213">
         <name>.debug_line</name>
         <load_address>0x25e8</load_address>
         <run_address>0x25e8</run_address>
         <size>0x2c</size>
         <input_file_ref idref="fl-d7"/>
      </object_component>
      <object_component id="oc-12e">
         <name>.debug_line</name>
         <load_address>0x2614</load_address>
         <run_address>0x2614</run_address>
         <size>0x2fc</size>
         <input_file_ref idref="fl-d7"/>
      </object_component>
      <object_component id="oc-112">
         <name>.debug_line</name>
         <load_address>0x2910</load_address>
         <run_address>0x2910</run_address>
         <size>0x8a</size>
         <input_file_ref idref="fl-d7"/>
      </object_component>
      <object_component id="oc-117">
         <name>.debug_line</name>
         <load_address>0x299a</load_address>
         <run_address>0x299a</run_address>
         <size>0x2c</size>
         <input_file_ref idref="fl-d7"/>
      </object_component>
      <object_component id="oc-4e">
         <name>.debug_line</name>
         <load_address>0x29c6</load_address>
         <run_address>0x29c6</run_address>
         <size>0x79</size>
         <input_file_ref idref="fl-d8"/>
      </object_component>
      <object_component id="oc-5a">
         <name>.debug_line</name>
         <load_address>0x2a3f</load_address>
         <run_address>0x2a3f</run_address>
         <size>0x3d</size>
         <input_file_ref idref="fl-d9"/>
      </object_component>
      <object_component id="oc-60">
         <name>.debug_line</name>
         <load_address>0x2a7c</load_address>
         <run_address>0x2a7c</run_address>
         <size>0x40</size>
         <input_file_ref idref="fl-da"/>
      </object_component>
      <object_component id="oc-25d">
         <name>.debug_line</name>
         <load_address>0x2abc</load_address>
         <run_address>0x2abc</run_address>
         <size>0x32</size>
         <input_file_ref idref="fl-db"/>
      </object_component>
      <object_component id="oc-1c2">
         <name>.debug_line</name>
         <load_address>0x2aee</load_address>
         <run_address>0x2aee</run_address>
         <size>0x215</size>
         <input_file_ref idref="fl-db"/>
      </object_component>
      <object_component id="oc-262">
         <name>.debug_line</name>
         <load_address>0x2d03</load_address>
         <run_address>0x2d03</run_address>
         <size>0x93</size>
         <input_file_ref idref="fl-dc"/>
      </object_component>
      <object_component id="oc-201">
         <name>.debug_line</name>
         <load_address>0x2d96</load_address>
         <run_address>0x2d96</run_address>
         <size>0xa1</size>
         <input_file_ref idref="fl-dc"/>
      </object_component>
      <object_component id="oc-247">
         <name>.debug_line</name>
         <load_address>0x2e37</load_address>
         <run_address>0x2e37</run_address>
         <size>0x8a</size>
         <input_file_ref idref="fl-dc"/>
      </object_component>
      <object_component id="oc-25f">
         <name>.debug_line</name>
         <load_address>0x2ec1</load_address>
         <run_address>0x2ec1</run_address>
         <size>0x32</size>
         <input_file_ref idref="fl-dd"/>
      </object_component>
      <object_component id="oc-1c8">
         <name>.debug_line</name>
         <load_address>0x2ef3</load_address>
         <run_address>0x2ef3</run_address>
         <size>0x201</size>
         <input_file_ref idref="fl-dd"/>
      </object_component>
      <object_component id="oc-db">
         <name>.debug_line</name>
         <load_address>0x30f4</load_address>
         <run_address>0x30f4</run_address>
         <size>0x33</size>
         <input_file_ref idref="fl-de"/>
      </object_component>
      <object_component id="oc-238">
         <name>.debug_line</name>
         <load_address>0x3127</load_address>
         <run_address>0x3127</run_address>
         <size>0x20</size>
         <input_file_ref idref="fl-df"/>
      </object_component>
      <object_component id="oc-199">
         <name>.debug_line</name>
[...]
         <object_component_ref idref="oc-e3"/>
      </symbol>
      <symbol id="sm-1e0">
         <name>send_pwm_unlock</name>
         <value>0x48c5</value>
         <object_component_ref idref="oc-18f"/>
      </symbol>
      <symbol id="sm-1f5">
         <name>Reset_Handler</name>
         <value>0x4987</value>
         <object_component_ref idref="oc-78"/>
      </symbol>
      <symbol id="sm-1f6">
         <name>Default_Handler</name>
         <value>0x4993</value>
         <object_component_ref idref="oc-78"/>
      </symbol>
      <symbol id="sm-1f7">
         <name>interruptVectors</name>
         <value>0x0</value>
         <object_component_ref idref="oc-2c"/>
      </symbol>
      <symbol id="sm-23d">
         <name>SystemInit</name>
         <value>0x312d</value>
         <object_component_ref idref="oc-dc"/>
      </symbol>
      <symbol id="sm-23e">
         <name>SystemCoreClockUpdate</name>
         <value>0x2eb9</value>
         <object_component_ref idref="oc-dc"/>
      </symbol>
      <symbol id="sm-23f">
         <name>SystemCoreClock</name>
         <value>0x20000448</value>
         <object_component_ref idref="oc-14d"/>
      </symbol>
      <symbol id="sm-259">
         <name>SysTick_Handler</name>
         <value>0x434f</value>
         <object_component_ref idref="oc-7e"/>
      </symbol>
      <symbol id="sm-25a">
         <name>configureTIMERA0</name>
         <value>0x436b</value>
         <object_component_ref idref="oc-7e"/>
      </symbol>
      <symbol id="sm-25b">
         <name>configureCLOCKS</name>
         <value>0x4393</value>
         <object_component_ref idref="oc-7e"/>
      </symbol>
      <symbol id="sm-25c">
         <name>configureSYSTICK</name>
         <value>0x4331</value>
         <object_component_ref idref="oc-7e"/>
      </symbol>
      <symbol id="sm-27c">
         <name>UART_send_n</name>
         <value>0x3fc1</value>
         <object_component_ref idref="oc-84"/>
      </symbol>
      <symbol id="sm-27d">
         <name>UART_send_byte</name>
         <value>0x3fed</value>
         <object_component_ref idref="oc-84"/>
      </symbol>
      <symbol id="sm-27e">
         <name>configureUART</name>
         <value>0x3f65</value>
         <object_component_ref idref="oc-84"/>
      </symbol>
      <symbol id="sm-27f">
         <name>EUSCIA0_IRQHandler</name>
         <value>0x4009</value>
         <object_component_ref idref="oc-84"/>
      </symbol>
      <symbol id="sm-290">
         <name>_c_int00</name>
         <value>0x4751</value>
         <object_component_ref idref="oc-26"/>
      </symbol>
      <symbol id="sm-291">
         <name>__stack</name>
         <value>0x2000fe00</value>
         <object_component_ref idref="oc-2f"/>
      </symbol>
      <symbol id="sm-2af">
         <name>__TI_decompress_lzss</name>
         <value>0x46e7</value>
         <object_component_ref idref="oc-14"/>
      </symbol>
      <symbol id="sm-2c6">
         <name>__TI_decompress_none</name>
         <value>0x4979</value>
         <object_component_ref idref="oc-1a"/>
      </symbol>
      <symbol id="sm-2d8">
         <name>__TI_zero_init</name>
         <value>0x4995</value>
         <object_component_ref idref="oc-20"/>
      </symbol>
      <symbol id="sm-368">
         <name>pow</name>
         <value>0xe5</value>
         <object_component_ref idref="oc-19b"/>
      </symbol>
      <symbol id="sm-369">
         <name>powl</name>
         <value>0xe5</value>
         <object_component_ref idref="oc-19b"/>
      </symbol>
      <symbol id="sm-38d">
         <name>sqrtl</name>
         <value>0x38e9</value>
         <object_component_ref idref="oc-17a"/>
      </symbol>
      <symbol id="sm-38e">
         <name>sqrt</name>
         <value>0x38e9</value>
         <object_component_ref idref="oc-17a"/>
      </symbol>
      <symbol id="sm-396">
         <name>errno</name>
         <value>0x20000440</value>
         <object_component_ref idref="oc-1e5"/>
      </symbol>
      <symbol id="sm-3b7">
         <name>C$$EXIT</name>
         <value>0x47a5</value>
         <object_component_ref idref="oc-6e"/>
      </symbol>
      <symbol id="sm-3b8">
         <name>abort</name>
         <value>0x47a9</value>
         <object_component_ref idref="oc-6e"/>
      </symbol>
      <symbol id="sm-3b9">
         <name>exit</name>
         <value>0x47b1</value>
         <object_component_ref idref="oc-6e"/>
      </symbol>
      <symbol id="sm-3ba">
         <name>__TI_dtors_ptr</name>
         <value>0x20000424</value>
         <object_component_ref idref="oc-d1"/>
      </symbol>
      <symbol id="sm-3bb">
         <name>__TI_cleanup_ptr</name>
         <value>0x20000420</value>
         <object_component_ref idref="oc-d1"/>
      </symbol>
      <symbol id="sm-3bc">
         <name>__TI_enable_exit_profile_output</name>
         <value>0x20000428</value>
         <object_component_ref idref="oc-d1"/>
      </symbol>
      <symbol id="sm-3d3">
         <name>__aeabi_dsub</name>
         <value>0x35bf</value>
         <object_component_ref idref="oc-1ca"/>
      </symbol>
      <symbol id="sm-3d4">
         <name>__aeabi_dadd</name>
         <value>0x35c9</value>
         <object_component_ref idref="oc-1ca"/>
      </symbol>
      <symbol id="sm-3f6">
         <name>__aeabi_cdcmpeq</name>
         <value>0x4481</value>
         <object_component_ref idref="oc-1f8"/>
      </symbol>
      <symbol id="sm-3f7">
         <name>__aeabi_cdcmple</name>
         <value>0x4481</value>
         <object_component_ref idref="oc-1f8"/>
      </symbol>
      <symbol id="sm-3f8">
         <name>__aeabi_cdrcmple</name>
         <value>0x4507</value>
         <object_component_ref idref="oc-1e0"/>
      </symbol>
      <symbol id="sm-40c">
         <name>__aeabi_ddiv</name>
         <value>0x3bc5</value>
         <object_component_ref idref="oc-185"/>
      </symbol>
      <symbol id="sm-417">
         <name>__aeabi_dmul</name>
         <value>0x4041</value>
         <object_component_ref idref="oc-1a1"/>
      </symbol>
      <symbol id="sm-423">
         <name>__aeabi_d2f</name>
         <value>0x4679</value>
         <object_component_ref idref="oc-18a"/>
      </symbol>
      <symbol id="sm-42e">
         <name>__aeabi_f2d</name>
         <value>0x488d</value>
         <object_component_ref idref="oc-175"/>
      </symbol>
      <symbol id="sm-438">
         <name>__aeabi_i2d</name>
         <value>0x48f5</value>
         <object_component_ref idref="oc-180"/>
      </symbol>
      <symbol id="sm-453">
         <name>memcpy</name>
         <value>0x43e5</value>
         <object_component_ref idref="oc-3e"/>
      </symbol>
      <symbol id="sm-454">
         <name>__aeabi_memcpy</name>
         <value>0x43e5</value>
         <object_component_ref idref="oc-3e"/>
      </symbol>
      <symbol id="sm-455">
         <name>__aeabi_memcpy8</name>
         <value>0x43e5</value>
         <object_component_ref idref="oc-3e"/>
      </symbol>
      <symbol id="sm-456">
         <name>__aeabi_memcpy4</name>
         <value>0x43e5</value>
         <object_component_ref idref="oc-3e"/>
      </symbol>
      <symbol id="sm-4ca">
         <name>_sys_memory</name>
         <value>0x20000000</value>
         <object_component_ref idref="oc-30"/>
      </symbol>
      <symbol id="sm-4cb">
         <name>free</name>
         <value>0x2857</value>
         <object_component_ref idref="oc-12a"/>
      </symbol>
      <symbol id="sm-4cc">
         <name>realloc</name>
         <value>0x2919</value>
         <object_component_ref idref="oc-12a"/>
      </symbol>
      <symbol id="sm-4cd">
         <name>memalign</name>
         <value>0x2a21</value>
         <object_component_ref idref="oc-12a"/>
      </symbol>
      <symbol id="sm-4ce">
         <name>calloc</name>
         <value>0x2b0d</value>
         <object_component_ref idref="oc-12a"/>
      </symbol>
      <symbol id="sm-4cf">
         <name>malloc</name>
         <value>0x27ed</value>
         <object_component_ref idref="oc-12a"/>
      </symbol>
      <symbol id="sm-4d0">
         <name>minit</name>
         <value>0x276d</value>
         <object_component_ref idref="oc-12a"/>
      </symbol>
      <symbol id="sm-4df">
         <name>__aeabi_memset</name>
         <value>0x458f</value>
         <object_component_ref idref="oc-4a"/>
      </symbol>
      <symbol id="sm-4e0">
         <name>memset</name>
         <value>0x4595</value>
         <object_component_ref idref="oc-4a"/>
      </symbol>
      <symbol id="sm-4e1">
         <name>__aeabi_memset8</name>
         <value>0x458f</value>
         <object_component_ref idref="oc-4a"/>
      </symbol>
      <symbol id="sm-4e2">
         <name>__aeabi_memset4</name>
         <value>0x458f</value>
         <object_component_ref idref="oc-4a"/>
      </symbol>
      <symbol id="sm-4e3">
         <name>__aeabi_memclr8</name>
         <value>0x458d</value>
         <object_component_ref idref="oc-4a"/>
      </symbol>
      <symbol id="sm-4e4">
         <name>__aeabi_memclr4</name>
         <value>0x458d</value>
         <object_component_ref idref="oc-4a"/>
      </symbol>
      <symbol id="sm-4e5">
         <name>__aeabi_memclr</name>
         <value>0x458d</value>
         <object_component_ref idref="oc-4a"/>
      </symbol>
      <symbol id="sm-4ef">
         <name>__mpu_init</name>
         <value>0x3cfb</value>
         <object_component_ref idref="oc-56"/>
      </symbol>
      <symbol id="sm-4f9">
         <name>_system_pre_init</name>
         <value>0x49a1</value>
         <object_component_ref idref="oc-5c"/>
      </symbol>
      <symbol id="sm-54a">
         <name>cosl</name>
         <value>0x11c9</value>
         <object_component_ref idref="oc-1be"/>
      </symbol>
      <symbol id="sm-54b">
         <name>cos</name>
         <value>0x11c9</value>
         <object_component_ref idref="oc-1be"/>
      </symbol>
      <symbol id="sm-56d">
         <name>scalbn</name>
         <value>0x413d</value>
         <object_component_ref idref="oc-1fd"/>
      </symbol>
      <symbol id="sm-56e">
         <name>scalbnl</name>
         <value>0x413d</value>
         <object_component_ref idref="oc-1fd"/>
      </symbol>
      <symbol id="sm-56f">
         <name>ldexpl</name>
         <value>0x413d</value>
         <object_component_ref idref="oc-1fd"/>
      </symbol>
      <symbol id="sm-570">
         <name>ldexp</name>
         <value>0x413d</value>
         <object_component_ref idref="oc-1fd"/>
      </symbol>
      <symbol id="sm-5bc">
         <name>sin</name>
         <value>0x17a5</value>
         <object_component_ref idref="oc-1c4"/>
      </symbol>
      <symbol id="sm-5bd">
         <name>sinl</name>
         <value>0x17a5</value>
         <object_component_ref idref="oc-1c4"/>
      </symbol>
      <symbol id="sm-5c5">
         <name>main_func_sp</name>
         <value>0x20000444</value>
         <object_component_ref idref="oc-74"/>
      </symbol>
      <symbol id="sm-5d3">
         <name>strlen</name>
         <value>0x4965</value>
         <object_component_ref idref="oc-195"/>
      </symbol>
      <symbol id="sm-5ec">
         <name>_nop</name>
         <value>0x494b</value>
         <object_component_ref idref="oc-141"/>
      </symbol>
      <symbol id="sm-5ed">
         <name>_lock</name>
         <value>0x20000438</value>
         <object_component_ref idref="oc-d4"/>
      </symbol>
      <symbol id="sm-5ee">
         <name>_unlock</name>
         <value>0x2000043c</value>
         <object_component_ref idref="oc-d4"/>
      </symbol>
      <symbol id="sm-5ef">
         <name>_register_lock</name>
         <value>0x4943</value>
         <object_component_ref idref="oc-141"/>
      </symbol>
      <symbol id="sm-5f0">
         <name>_register_unlock</name>
         <value>0x493d</value>
         <object_component_ref idref="oc-141"/>
      </symbol>
      <symbol id="sm-604">
         <name>_args_main</name>
         <value>0x4925</value>
         <object_component_ref idref="oc-68"/>
      </symbol>
      <symbol id="sm-62e">
         <name>__TI_auto_init</name>
         <value>0x4609</value>
         <object_component_ref idref="oc-62"/>
      </symbol>
      <symbol id="sm-648">
         <name>copy_in</name>
         <value>0x47f9</value>
         <object_component_ref idref="oc-bb"/>
      </symbol>
      <symbol id="sm-652">
         <name>__aeabi_d2iz</name>
         <value>0x4845</value>
         <object_component_ref idref="oc-214"/>
      </symbol>
      <symbol id="sm-668">
         <name>__kernel_cos</name>
         <value>0x3a59</value>
         <object_component_ref idref="oc-219"/>
      </symbol>
      <symbol id="sm-6cc">
         <name>__kernel_rem_pio2</name>
         <value>0xa91</value>
         <object_component_ref idref="oc-21f"/>
      </symbol>
      <symbol id="sm-6e3">
         <name>__kernel_sin</name>
         <value>0x3775</value>
         <object_component_ref idref="oc-225"/>
      </symbol>
      <symbol id="sm-6ed">
         <name>copysign</name>
         <value>0x4951</value>
         <object_component_ref idref="oc-23c"/>
      </symbol>
      <symbol id="sm-6ee">
         <name>copysignl</name>
         <value>0x4951</value>
         <object_component_ref idref="oc-23c"/>
      </symbol>
      <symbol id="sm-70b">
         <name>floorl</name>
         <value>0x4239</value>
         <object_component_ref idref="oc-24e"/>
      </symbol>
      <symbol id="sm-70c">
         <name>floor</name>
         <value>0x4239</value>
         <object_component_ref idref="oc-24e"/>
      </symbol>
      <symbol id="sm-716">
         <name>_system_post_cinit</name>
         <value>0x4607</value>
         <object_component_ref idref="oc-c1"/>
      </symbol>
      <symbol id="sm-717">
         <name>__TI_static_base__</name>
         <value>0x0</value>
      </symbol>
      <symbol id="sm-71a">
         <name>uart_send_byte</name>
         <value>0x0</value>
      </symbol>
      <symbol id="sm-71b">
         <name>SHT$$INIT_ARRAY$$Limit</name>
         <value>0x0</value>
      </symbol>
      <symbol id="sm-71c">
         <name>SHT$$INIT_ARRAY$$Base</name>
         <value>0x0</value>
      </symbol>
      <symbol id="sm-71d">
         <name>NMI_Handler</name>
         <value>0x4993</value>
      </symbol>
      <symbol id="sm-71e">
         <name>HardFault_Handler</name>
         <value>0x4993</value>
      </symbol>
      <symbol id="sm-71f">
         <name>MemManage_Handler</name>
         <value>0x4993</value>
      </symbol>
      <symbol id="sm-720">
         <name>BusFault_Handler</name>
         <value>0x4993</value>
      </symbol>
      <symbol id="sm-721">
         <name>UsageFault_Handler</name>
         <value>0x4993</value>
      </symbol>
      <symbol id="sm-722">
         <name>SVC_Handler</name>
         <value>0x4993</value>
      </symbol>
      <symbol id="sm-723">
         <name>DebugMon_Handler</name>
         <value>0x4993</value>
      </symbol>
      <symbol id="sm-724">
         <name>PendSV_Handler</name>
         <value>0x4993</value>
      </symbol>
      <symbol id="sm-725">
         <name>SysTick_Handler</name>
         <value>0x434f</value>
      </symbol>
      <symbol id="sm-726">
         <name>PSS_IRQHandler</name>
         <value>0x4993</value>
      </symbol>
      <symbol id="sm-727">
         <name>CS_IRQHandler</name>
         <value>0x4993</value>
      </symbol>
      <symbol id="sm-728">
         <name>PCM_IRQHandler</name>
         <value>0x4993</value>
      </symbol>
      <symbol id="sm-729">
         <name>WDT_A_IRQHandler</name>
         <value>0x4993</value>
      </symbol>
      <symbol id="sm-72a">
         <name>FPU_IRQHandler</name>
         <value>0x4993</value>
      </symbol>
      <symbol id="sm-72b">
         <name>FLCTL_IRQHandler</name>
         <value>0x4993</value>
      </symbol>
      <symbol id="sm-72c">
         <name>COMP_E0_IRQHandler</name>
         <value>0x4993</value>
      </symbol>
      <symbol id="sm-72d">
         <name>COMP_E1_IRQHandler</name>
         <value>0x4993</value>
      </symbol>
      <symbol id="sm-72e">
         <name>TA0_0_IRQHandler</name>
         <value>0x4993</value>
      </symbol>
      <symbol id="sm-72f">
         <name>TA0_N_IRQHandler</name>
         <value>0x4993</value>
      </symbol>
      <symbol id="sm-730">
         <name>TA1_0_IRQHandler</name>
         <value>0x4993</value>
      </symbol>
      <symbol id="sm-731">
         <name>TA1_N_IRQHandler</name>
         <value>0x4993</value>
      </symbol>
      <symbol id="sm-732">
         <name>TA2_0_IRQHandler</name>
         <value>0x4993</value>
      </symbol>
      <symbol id="sm-733">
         <name>TA2_N_IRQHandler</name>
         <value>0x4993</value>
      </symbol>
      <symbol id="sm-734">
         <name>TA3_0_IRQHandler</name>
         <value>0x4993</value>
      </symbol>
      <symbol id="sm-735">
         <name>TA3_N_IRQHandler</name>
         <value>0x4993</value>
      </symbol>
      <symbol id="sm-736">
         <name>EUSCIA0_IRQHandler</name>
         <value>0x4009</value>
      </symbol>
      <symbol id="sm-737">
         <name>EUSCIA1_IRQHandler</name>
         <value>0x3eb9</value>
      </symbol>
      <symbol id="sm-738">
         <name>EUSCIA2_IRQHandler</name>
         <value>0x4993</value>
      </symbol>
      <symbol id="sm-739">
         <name>EUSCIA3_IRQHandler</name>
         <value>0x4993</value>
      </symbol>
      <symbol id="sm-73a">
         <name>EUSCIB0_IRQHandler</name>
         <value>0x4993</value>
      </symbol>
      <symbol id="sm-73b">
         <name>EUSCIB1_IRQHandler</name>
         <value>0x4993</value>
      </symbol>
      <symbol id="sm-73c">
         <name>EUSCIB2_IRQHandler</name>
         <value>0x4993</value>
      </symbol>
      <symbol id="sm-73d">
         <name>EUSCIB3_IRQHandler</name>
         <value>0x4993</value>
      </symbol>
      <symbol id="sm-73e">
         <name>ADC14_IRQHandler</name>
         <value>0x3d95</value>
      </symbol>
      <symbol id="sm-73f">
         <name>T32_INT1_IRQHandler</name>
         <value>0x4993</value>
      </symbol>
      <symbol id="sm-740">
         <name>T32_INT2_IRQHandler</name>
         <value>0x4993</value>
      </symbol>
      <symbol id="sm-741">
         <name>T32_INTC_IRQHandler</name>
         <value>0x4993</value>
      </symbol>
      <symbol id="sm-742">
         <name>AES256_IRQHandler</name>
         <value>0x4993</value>
      </symbol>
      <symbol id="sm-743">
         <name>RTC_C_IRQHandler</name>
         <value>0x4993</value>
      </symbol>
      <symbol id="sm-744">
         <name>DMA_ERR_IRQHandler</name>
         <value>0x4993</value>
      </symbol>
      <symbol id="sm-745">
         <name>DMA_INT3_IRQHandler</name>
         <value>0x4993</value>
      </symbol>
      <symbol id="sm-746">
         <name>DMA_INT2_IRQHandler</name>
         <value>0x4993</value>
      </symbol>
      <symbol id="sm-747">
         <name>DMA_INT1_IRQHandler</name>
         <value>0x4993</value>
      </symbol>
      <symbol id="sm-748">
         <name>DMA_INT0_IRQHandler</name>
         <value>0x4993</value>
      </symbol>
      <symbol id="sm-749">
         <name>PORT1_IRQHandler</name>
         <value>0x3357</value>
      </symbol>
      <symbol id="sm-74a">
         <name>PORT2_IRQHandler</name>
         <value>0x4993</value>
      </symbol>
      <symbol id="sm-74b">
         <name>PORT3_IRQHandler</name>
         <value>0x4993</value>
      </symbol>
      <symbol id="sm-74c">
         <name>PORT4_IRQHandler</name>
         <value>0x4993</value>
      </symbol>
      <symbol id="sm-74d">
         <name>PORT5_IRQHandler</name>
         <value>0x4993</value>
      </symbol>
      <symbol id="sm-74e">
         <name>PORT6_IRQHandler</name>
         <value>0x4993</value>
      </symbol>
   </symbol_table>
   <title>Link errors: red sections failed placement</title>
</link_info>
