******************************************************************************
                  TI ARM Linker Unix v16.9.3                   
******************************************************************************
>> Linked Sun Apr 22 14:29:54 2018

OUTPUT FILE NAME:   <Voice Recognition.out>
ENTRY POINT SYMBOL: "_c_int00"  address: 00004751


MEMORY CONFIGURATION

         name            origin    length      used     unused   attr    fill
----------------------  --------  ---------  --------  --------  ----  --------
  MAIN                  00000000   00040000  00004b93  0003b46d  R  X
  INFO                  00200000   00004000  00000000  00004000  R  X
  SRAM_CODE             01000000   00010000  0000066b  0000f995  RW X
  SRAM_DATA             20000000   00010000  0000066b  0000f995  RW  


SEGMENT ALLOCATION MAP

run origin  load origin   length   init length attrs members
----------  ----------- ---------- ----------- ----- -------
00000000    00000000    00004b98   00004b98    r-x
  00000000    00000000    000000e4   000000e4    r-- .intvecs
  000000e4    000000e4    000048c0   000048c0    r-x .text
  000049a8    000049a8    0000019f   0000019f    r-- .const
  00004b48    00004b48    00000050   00000050    r-- .cinit
20000000    20000000    0000046b   00000000    rw-
  20000000    20000000    00000400   00000000    rw- .sysmem
  20000400    20000400    0000004c   00000000    rw- .data
  2000044c    2000044c    0000001f   00000000    rw- .bss
2000fe00    2000fe00    00000200   00000000    rw-
  2000fe00    2000fe00    00000200   00000000    rw- .stack


SECTION ALLOCATION MAP

 output                                  attributes/
section   page    origin      length       input sections
--------  ----  ----------  ----------   ----------------
.intvecs   0    00000000    000000e4     
                  00000000    000000e4     startup_msp432p401r_ccs.obj (.intvecs:retain)

.text      0    000000e4    000048c0     
                  000000e4    000009ac     rtsv7M4_T_le_v4SPD16_eabi.lib : e_pow.obj (.text)
                  00000a90    00000738                                   : k_rem_pio2.obj (.text)
                  000011c8    000005dc                                   : s_cos.obj (.text)
                  000017a4    000005c4                                   : s_sin.obj (.text)
                  00001d68    0000052c     fft.obj (.text)
                  00002294    000004d8     compute.obj (.text)
                  0000276c    000003d0     rtsv7M4_T_le_v4SPD16_eabi.lib : memory.obj (.text)
                  00002b3c    0000037c     main.obj (.text)
                  00002eb8    0000032c     system_msp432p401r.obj (.text)
                  000031e4    000001f0     gpio.obj (.text)
                  000033d4    000001ea     circbuf.obj (.text)
                  000035be    000001b6     rtsv7M4_T_le_v4SPD16_eabi.lib : fd_add_t2.obj (.text)
                  00003774    00000174                                   : k_sin.obj (.text)
                  000038e8    00000170                                   : e_sqrt.obj (.text)
                  00003a58    0000016c                                   : k_cos.obj (.text)
                  00003bc4    00000136                                   : fd_div_t2.obj (.text)
                  00003cfa    00000002                                   : mpu_init.obj (.text)
                  00003cfc    00000134     adc.obj (.text)
                  00003e30    00000108     configure.obj (.text)
                  00003f38    00000108     uart.obj (.text)
                  00004040    000000fc     rtsv7M4_T_le_v4SPD16_eabi.lib : fd_mul_t2.obj (.text)
                  0000413c    000000fc                                   : s_scalbn.obj (.text)
                  00004238    000000f8                                   : s_floor.obj (.text)
                  00004330    000000b4     timer.obj (.text)
                  000043e4    0000009c     rtsv7M4_T_le_v4SPD16_eabi.lib : memcpy_t2.obj (.text)
                  00004480    00000086                                   : fd_cmp_t2.obj (.text:__aeabi_cdcmple)
                  00004506    00000086                                   : fd_cmp_t2.obj (.text:__aeabi_cdrcmple)
                  0000458c    0000007a                                   : memset_t2.obj (.text)
                  00004606    00000002                                   : startup.obj (.text)
                  00004608    00000070                                   : autoinit.obj (.text)
                  00004678    0000006e                                   : fd_tos_t2.obj (.text)
                  000046e6    00000068                                   : copy_decompress_lzss.obj (.text:decompress:lzss)
                  0000474e    00000002     --HOLE-- [fill = 0]
                  00004750    00000054                                   : boot.obj (.text)
                  000047a4    00000054                                   : exit.obj (.text)
                  000047f8    0000004c                                   : cpy_tbl.obj (.text)
                  00004844    00000048                                   : fd_toi_t2.obj (.text)
                  0000488c    00000038                                   : fs_tod_t2.obj (.text)
                  000048c4    00000030     pwm.obj (.text)
                  000048f4    0000002e     rtsv7M4_T_le_v4SPD16_eabi.lib : i_tofd_t2.obj (.text)
                  00004922    00000002     --HOLE-- [fill = 0]
                  00004924    00000018                                   : args_main.obj (.text)
                  0000493c    00000014                                   : _lock.obj (.text)
                  00004950    00000014                                   : s_copysign.obj (.text)
                  00004964    00000014                                   : strlen.obj (.text)
                  00004978    0000000e                                   : copy_decompress_none.obj (.text:decompress:none)
                  00004986    0000000e     startup_msp432p401r_ccs.obj (.text)
                  00004994    0000000c     rtsv7M4_T_le_v4SPD16_eabi.lib : copy_zero_init.obj (.text:decompress:ZI)
                  000049a0    00000004                                   : pre_init.obj (.text)

.const     0    000049a8    0000019f     
                  000049a8    00000158     rtsv7M4_T_le_v4SPD16_eabi.lib : k_rem_pio2.obj (.const:$O1$$)
                  00004b00    00000030                                   : e_pow.obj (.const:$O1$$)
                  00004b30    00000015     compute.obj (.const:.string:$P$T1$2)
                  00004b45    00000002     compute.obj (.const:.string:$P$T0$1)

.cinit     0    00004b48    00000050     
                  00004b48    00000025     (.cinit..data.load) [load image, compression = lzss]
                  00004b6d    00000003     --HOLE-- [fill = 0]
                  00004b70    0000000c     (__TI_handler_table)
                  00004b7c    00000004     --HOLE-- [fill = 0]
                  00004b80    00000008     (.cinit..bss.load) [load image, compression = zero_init]
                  00004b88    00000010     (__TI_cinit_table)

.init_array 
*          0    00000000    00000000     UNINITIALIZED

.binit     0    00000000    00000000     

.sysmem    0    20000000    00000400     UNINITIALIZED
                  20000000    00000008     rtsv7M4_T_le_v4SPD16_eabi.lib : memory.obj (.sysmem)
                  20000008    000003f8     --HOLE--

.data      0    20000400    0000004c     UNINITIALIZED
                  20000400    00000020     main.obj (.data)
                  20000420    0000000c     rtsv7M4_T_le_v4SPD16_eabi.lib : exit.obj (.data:$O1$$)
                  2000042c    0000000c                                   : memory.obj (.data:$O1$$)
                  20000438    00000008                                   : _lock.obj (.data:$O1$$)
                  20000440    00000004                                   : errno.obj (.data)
                  20000444    00000004                                   : stkdepth_vars.obj (.data)
                  20000448    00000004     system_msp432p401r.obj (.data)

.bss       0    2000044c    0000001f     UNINITIALIZED
                  2000044c    00000010     (.common:speakingStatus)
                  2000045c    00000004     (.common:PrimaryBuff)
                  20000460    00000004     (.common:SecondaryBuff)
                  20000464    00000004     (.common:i)
                  20000468    00000002     (.common:sound)
                  2000046a    00000001     (.common:rxd)

.stack     0    2000fe00    00000200     UNINITIALIZED
                  2000fe00    00000200     --HOLE--

MODULE SUMMARY

       Module                        code    ro data   rw data
       ------                        ----    -------   -------
    ./
       fft.obj                       1324    0         0      
       compute.obj                   1240    23        0      
       main.obj                      892     0         124    
       system_msp432p401r.obj        812     0         8      
       gpio.obj                      496     0         0      
       circbuf.obj                   490     0         0      
       adc.obj                       308     0         0      
       configure.obj                 264     0         2      
       uart.obj                      264     0         0      
       startup_msp432p401r_ccs.obj   14      228       0      
       timer.obj                     180     0         0      
       pwm.obj                       48      0         0      
    +--+-----------------------------+-------+---------+---------+
       Total:                        6332    251       134    
                                                              
    /Applications/ti/ccsv7/tools/compiler/ti-cgt-arm_16.9.3.LTS/lib/rtsv7M4_T_le_v4SPD16_eabi.lib
       e_pow.obj                     2476    48        0      
       k_rem_pio2.obj                1848    344       0      
       s_cos.obj                     1500    0         0      
       s_sin.obj                     1476    0         0      
       memory.obj                    976     0         24     
       fd_add_t2.obj                 438     0         0      
       k_sin.obj                     372     0         0      
       e_sqrt.obj                    368     0         0      
       k_cos.obj                     364     0         0      
       fd_div_t2.obj                 310     0         0      
       fd_cmp_t2.obj                 268     0         0      
       fd_mul_t2.obj                 252     0         0      
       s_scalbn.obj                  252     0         0      
       s_floor.obj                   248     0         0      
       memcpy_t2.obj                 156     0         0      
       memset_t2.obj                 122     0         0      
       autoinit.obj                  112     0         0      
       fd_tos_t2.obj                 110     0         0      
       exit.obj                      84      0         24     
       copy_decompress_lzss.obj      104     0         0      
       boot.obj                      84      0         0      
       cpy_tbl.obj                   76      0         0      
       fd_toi_t2.obj                 72      0         0      
       fs_tod_t2.obj                 56      0         0      
       i_tofd_t2.obj                 46      0         0      
       _lock.obj                     20      0         16     
       args_main.obj                 24      0         0      
       s_copysign.obj                20      0         0      
       strlen.obj                    20      0         0      
       copy_decompress_none.obj      14      0         0      
       copy_zero_init.obj            12      0         0      
       errno.obj                     0       0         8      
       stkdepth_vars.obj             0       0         8      
       pre_init.obj                  4       0         0      
       mpu_init.obj                  2       0         0      
       startup.obj                   2       0         0      
    +--+-----------------------------+-------+---------+---------+
       Total:                        12288   392       80     
                                                              
       Heap:                         0       0         2048   
       Stack:                        0       0         1024   
       Linker Generated:             0       73        0      
    +--+-----------------------------+-------+---------+---------+
       Grand Total:                  18620   716       3286   


LINKER GENERATED COPY TABLES

__TI_cinit_table @ 00004b88 records: 2, size/record: 8, table size: 16
	.data: load addr=00004b48, load size=00000025 bytes, run addr=20000400, run size=0000004c bytes, compression=lzss
	.bss: load addr=00004b80, load size=00000008 bytes, run addr=2000044c, run size=0000001f bytes, compression=zero_init


LINKER GENERATED HANDLER TABLE

__TI_handler_table @ 00004b70 records: 3, size/record: 4, table size: 12
	index: 0, handler: __TI_decompress_lzss
	index: 1, handler: __TI_decompress_none
	index: 2, handler: __TI_zero_init


GLOBAL SYMBOLS: SORTED ALPHABETICALLY BY Name 

address   name                           
-------   ----                           
00003d95  ADC14_IRQHandler               
00003d95  ADC14_IRQHandler               
00004993  AES256_IRQHandler              
00004993  BusFault_Handler               
000047a5  C$$EXIT                        
00004993  COMP_E0_IRQHandler             
00004993  COMP_E1_IRQHandler             
00004993  CS_IRQHandler                  
00004993  DMA_ERR_IRQHandler             
00004993  DMA_INT0_IRQHandler            
00004993  DMA_INT1_IRQHandler            
00004993  DMA_INT2_IRQHandler            
00004993  DMA_INT3_IRQHandler            
00004993  DebugMon_Handler               
00004993  Default_Handler                
00004009  EUSCIA0_IRQHandler             
00004009  EUSCIA0_IRQHandler             
00003eb9  EUSCIA1_IRQHandler             
00003eb9  EUSCIA1_IRQHandler             
00004993  EUSCIA2_IRQHandler             
00004993  EUSCIA3_IRQHandler             
00004993  EUSCIB0_IRQHandler             
00004993  EUSCIB1_IRQHandler             
00004993  EUSCIB2_IRQHandler             
00004993  EUSCIB3_IRQHandler             
00004993  FLCTL_IRQHandler               
00004993  FPU_IRQHandler                 
00004993  HardFault_Handler              
00004993  MemManage_Handler              
00004993  NMI_Handler                    
20000414  NOP                            
00004993  PCM_IRQHandler                 
00003357  PORT1_IRQHandler               
00003357  PORT1_IRQHandler               
00004993  PORT2_IRQHandler               
00004993  PORT3_IRQHandler               
00004993  PORT4_IRQHandler               
00004993  PORT5_IRQHandler               
00004993  PORT6_IRQHandler               
00004993  PSS_IRQHandler                 
00004993  PendSV_Handler                 
2000045c  PrimaryBuff                    
00004993  RTC_C_IRQHandler               
00004987  Reset_Handler                  
UNDEFED   SHT$$INIT_ARRAY$$Base          
UNDEFED   SHT$$INIT_ARRAY$$Limit         
00004993  SVC_Handler                    
20000460  SecondaryBuff                  
0000434f  SysTick_Handler                
0000434f  SysTick_Handler                
20000448  SystemCoreClock                
00002eb9  SystemCoreClockUpdate          
0000312d  SystemInit                     
00004993  T32_INT1_IRQHandler            
00004993  T32_INT2_IRQHandler            
00004993  T32_INTC_IRQHandler            
00004993  TA0_0_IRQHandler               
00004993  TA0_N_IRQHandler               
00004993  TA1_0_IRQHandler               
00004993  TA1_N_IRQHandler               
00004993  TA2_0_IRQHandler               
00004993  TA2_N_IRQHandler               
00004993  TA3_0_IRQHandler               
00004993  TA3_N_IRQHandler               
00003fed  UART_send_byte                 
00003fc1  UART_send_n                    
00004993  UsageFault_Handler             
4000480c  WDTCTL_SYM                     
00004993  WDT_A_IRQHandler               
20010000  __STACK_END                    
00000200  __STACK_SIZE                   
00000400  __SYSMEM_SIZE                  
00004b88  __TI_CINIT_Base                
00004b98  __TI_CINIT_Limit               
00004b70  __TI_Handler_Table_Base        
00004b7c  __TI_Handler_Table_Limit       
00004609  __TI_auto_init                 
20000420  __TI_cleanup_ptr               
000046e7  __TI_decompress_lzss           
00004979  __TI_decompress_none           
20000424  __TI_dtors_ptr                 
20000428  __TI_enable_exit_profile_output
ffffffff  __TI_pprof_out_hndl            
ffffffff  __TI_prof_data_size            
ffffffff  __TI_prof_data_start           
00000000  __TI_static_base__             
00004995  __TI_zero_init                 
00004481  __aeabi_cdcmpeq                
00004481  __aeabi_cdcmple                
00004507  __aeabi_cdrcmple               
00004679  __aeabi_d2f                    
00004845  __aeabi_d2iz                   
000035c9  __aeabi_dadd                   
00003bc5  __aeabi_ddiv                   
00004041  __aeabi_dmul                   
000035bf  __aeabi_dsub                   
0000488d  __aeabi_f2d                    
000048f5  __aeabi_i2d                    
0000458d  __aeabi_memclr                 
0000458d  __aeabi_memclr4                
0000458d  __aeabi_memclr8                
000043e5  __aeabi_memcpy                 
000043e5  __aeabi_memcpy4                
000043e5  __aeabi_memcpy8                
0000458f  __aeabi_memset                 
0000458f  __aeabi_memset4                
0000458f  __aeabi_memset8                
ffffffff  __binit__                      
ffffffff  __c_args__                     
00003a59  __kernel_cos                   
00000a91  __kernel_rem_pio2              
00003775  __kernel_sin                   
00003cfb  __mpu_init                     
2000fe00  __stack                        
00004925  _args_main                     
00004751  _c_int00                       
20000438  _lock                          
0000494b  _nop                           
00004943  _register_lock                 
0000493d  _register_unlock               
20000000  _sys_memory                    
00004607  _system_post_cinit             
000049a1  _system_pre_init               
2000043c  _unlock                        
000047a9  abort                          
00003493  add_item_to_buffer             
2000040c  averageDifference              
ffffffff  binit                          
0000347d  buffer_empty                   
00003461  buffer_full                    
00002295  calculate_magnitude_and_compare
00002b0d  calloc                         
00003411  clear_buffer                   
00003d29  configureADC                   
00004393  configureCLOCKS                
00003211  configureGPIO                  
00004331  configureSYSTICK               
0000436b  configureTIMERA0               
00003f65  configureUART                  
00003e5d  configure_bluetooth            
000047f9  copy_in                        
00004951  copysign                       
00004951  copysignl                      
000011c9  cos                            
000011c9  cosl                           
20000400  countsystick                   
00001d69  create_tables                  
00003453  delete_buffer                  
20000440  errno                          
000047b1  exit                           
00001f09  fftCalculation                 
20000408  fftcount                       
00004239  floor                          
00004239  floorl                         
0000253d  format                         
00002857  free                           
00002699  ftoa                           
20000464  i                              
000033d5  initialize_buffer              
000025d1  intToStr                       
00000000  interruptVectors               
0000413d  ldexp                          
0000413d  ldexpl                         
20000410  lock                           
00002b3d  main                           
20000444  main_func_sp                   
000027ed  malloc                         
00002a21  memalign                       
000043e5  memcpy                         
00004595  memset                         
0000276d  minit                          
20000418  n                              
00002529  newline                        
000000e5  pow                            
000000e5  powl                           
00002919  realloc                        
000034eb  remove_item_from_buffer        
00002645  reverse                        
00001ea7  reverse_bits                   
2000046a  rxd                            
0000413d  scalbn                         
0000413d  scalbnl                        
000048c5  send_pwm_unlock                
00003535  set_buffer_status              
0000255d  set_speaking_status            
000017a5  sin                            
000017a5  sinl                           
20000468  sound                          
20000404  soundcount                     
2000044c  speakingStatus                 
000038e9  sqrt                           
000038e9  sqrtl                          
00004965  strlen                         
000024eb  test_threshold                 
2000041c  thresholdcount                 
00003ef3  uart_putchar3                  
UNDEFED   uart_send_byte                 


GLOBAL SYMBOLS: SORTED BY Symbol Address 

address   name                           
-------   ----                           
00000000  __TI_static_base__             
00000000  interruptVectors               
000000e5  pow                            
000000e5  powl                           
00000200  __STACK_SIZE                   
00000400  __SYSMEM_SIZE                  
00000a91  __kernel_rem_pio2              
000011c9  cos                            
000011c9  cosl                           
000017a5  sin                            
000017a5  sinl                           
00001d69  create_tables                  
00001ea7  reverse_bits                   
00001f09  fftCalculation                 
00002295  calculate_magnitude_and_compare
000024eb  test_threshold                 
00002529  newline                        
0000253d  format                         
0000255d  set_speaking_status            
000025d1  intToStr                       
00002645  reverse                        
00002699  ftoa                           
0000276d  minit                          
000027ed  malloc                         
00002857  free                           
00002919  realloc                        
00002a21  memalign                       
00002b0d  calloc                         
00002b3d  main                           
00002eb9  SystemCoreClockUpdate          
0000312d  SystemInit                     
00003211  configureGPIO                  
00003357  PORT1_IRQHandler               
00003357  PORT1_IRQHandler               
000033d5  initialize_buffer              
00003411  clear_buffer                   
00003453  delete_buffer                  
00003461  buffer_full                    
0000347d  buffer_empty                   
00003493  add_item_to_buffer             
000034eb  remove_item_from_buffer        
00003535  set_buffer_status              
000035bf  __aeabi_dsub                   
000035c9  __aeabi_dadd                   
00003775  __kernel_sin                   
000038e9  sqrt                           
000038e9  sqrtl                          
00003a59  __kernel_cos                   
00003bc5  __aeabi_ddiv                   
00003cfb  __mpu_init                     
00003d29  configureADC                   
00003d95  ADC14_IRQHandler               
00003d95  ADC14_IRQHandler               
00003e5d  configure_bluetooth            
00003eb9  EUSCIA1_IRQHandler             
00003eb9  EUSCIA1_IRQHandler             
00003ef3  uart_putchar3                  
00003f65  configureUART                  
00003fc1  UART_send_n                    
00003fed  UART_send_byte                 
00004009  EUSCIA0_IRQHandler             
00004009  EUSCIA0_IRQHandler             
00004041  __aeabi_dmul                   
0000413d  ldexp                          
0000413d  ldexpl                         
0000413d  scalbn                         
0000413d  scalbnl                        
00004239  floor                          
00004239  floorl                         
00004331  configureSYSTICK               
0000434f  SysTick_Handler                
0000434f  SysTick_Handler                
0000436b  configureTIMERA0               
00004393  configureCLOCKS                
000043e5  __aeabi_memcpy                 
000043e5  __aeabi_memcpy4                
000043e5  __aeabi_memcpy8                
000043e5  memcpy                         
00004481  __aeabi_cdcmpeq                
00004481  __aeabi_cdcmple                
00004507  __aeabi_cdrcmple               
0000458d  __aeabi_memclr                 
0000458d  __aeabi_memclr4                
0000458d  __aeabi_memclr8                
0000458f  __aeabi_memset                 
0000458f  __aeabi_memset4                
0000458f  __aeabi_memset8                
00004595  memset                         
00004607  _system_post_cinit             
00004609  __TI_auto_init                 
00004679  __aeabi_d2f                    
000046e7  __TI_decompress_lzss           
00004751  _c_int00                       
000047a5  C$$EXIT                        
000047a9  abort                          
000047b1  exit                           
000047f9  copy_in                        
00004845  __aeabi_d2iz                   
0000488d  __aeabi_f2d                    
000048c5  send_pwm_unlock                
000048f5  __aeabi_i2d                    
00004925  _args_main                     
0000493d  _register_unlock               
00004943  _register_lock                 
0000494b  _nop                           
00004951  copysign                       
00004951  copysignl                      
00004965  strlen                         
00004979  __TI_decompress_none           
00004987  Reset_Handler                  
00004993  AES256_IRQHandler              
00004993  BusFault_Handler               
00004993  COMP_E0_IRQHandler             
00004993  COMP_E1_IRQHandler             
00004993  CS_IRQHandler                  
00004993  DMA_ERR_IRQHandler             
00004993  DMA_INT0_IRQHandler            
00004993  DMA_INT1_IRQHandler            
00004993  DMA_INT2_IRQHandler            
00004993  DMA_INT3_IRQHandler            
00004993  DebugMon_Handler               
00004993  Default_Handler                
00004993  EUSCIA2_IRQHandler             
00004993  EUSCIA3_IRQHandler             
00004993  EUSCIB0_IRQHandler             
00004993  EUSCIB1_IRQHandler             
00004993  EUSCIB2_IRQHandler             
00004993  EUSCIB3_IRQHandler             
00004993  FLCTL_IRQHandler               
00004993  FPU_IRQHandler                 
00004993  HardFault_Handler              
00004993  MemManage_Handler              
00004993  NMI_Handler                    
00004993  PCM_IRQHandler                 
00004993  PORT2_IRQHandler               
00004993  PORT3_IRQHandler               
00004993  PORT4_IRQHandler               
00004993  PORT5_IRQHandler               
00004993  PORT6_IRQHandler               
00004993  PSS_IRQHandler                 
00004993  PendSV_Handler                 
00004993  RTC_C_IRQHandler               
00004993  SVC_Handler                    
00004993  T32_INT1_IRQHandler            
00004993  T32_INT2_IRQHandler            
00004993  T32_INTC_IRQHandler            
00004993  TA0_0_IRQHandler               
00004993  TA0_N_IRQHandler               
00004993  TA1_0_IRQHandler               
00004993  TA1_N_IRQHandler               
00004993  TA2_0_IRQHandler               
00004993  TA2_N_IRQHandler               
00004993  TA3_0_IRQHandler               
00004993  TA3_N_IRQHandler               
00004993  UsageFault_Handler             
00004993  WDT_A_IRQHandler               
00004995  __TI_zero_init                 
000049a1  _system_pre_init               
00004b70  __TI_Handler_Table_Base        
00004b7c  __TI_Handler_Table_Limit       
00004b88  __TI_CINIT_Base                
00004b98  __TI_CINIT_Limit               
20000000  _sys_memory                    
20000400  countsystick                   
20000404  soundcount                     
20000408  fftcount                       
2000040c  averageDifference              
20000410  lock                           
20000414  NOP                            
20000418  n                              
2000041c  thresholdcount                 
20000420  __TI_cleanup_ptr               
20000424  __TI_dtors_ptr                 
20000428  __TI_enable_exit_profile_output
20000438  _lock                          
2000043c  _unlock                        
20000440  errno                          
20000444  main_func_sp                   
20000448  SystemCoreClock                
2000044c  speakingStatus                 
2000045c  PrimaryBuff                    
20000460  SecondaryBuff                  
20000464  i                              
20000468  sound                          
2000046a  rxd                            
2000fe00  __stack                        
20010000  __STACK_END                    
4000480c  WDTCTL_SYM                     
ffffffff  __TI_pprof_out_hndl            
ffffffff  __TI_prof_data_size            
ffffffff  __TI_prof_data_start           
ffffffff  __binit__                      
ffffffff  __c_args__                     
ffffffff  binit                          
UNDEFED   SHT$$INIT_ARRAY$$Base          
UNDEFED   SHT$$INIT_ARRAY$$Limit         
UNDEFED   uart_send_byte                 

[197 symbols]
