<?xml version="1.0"?>
<link_info>
   <banner>TI ARM Linker Unix v16.9.3.LTS</banner>
   <copyright>Copyright (c) 1996-2017 Texas Instruments Incorporated</copyright>
   <link_time>0x59eeb277</link_time>
   <link_errors>0x0</link_errors>
   <output_file>Lab4.out</output_file>
   <entry_point>
      <name>_c_int00</name>
      <address>0xc49</address>
   </entry_point>
   <input_file_list>
      <input_file id="fl-2">
         <path>./</path>
         <kind>object</kind>
         <file>adc.obj</file>
         <name>adc.obj</name>
      </input_file>
      <input_file id="fl-3">
         <path>./</path>
         <kind>object</kind>
         <file>adc_circbuf.obj</file>
         <name>adc_circbuf.obj</name>
      </input_file>
      <input_file id="fl-4">
         <path>./</path>
         <kind>object</kind>
         <file>lab4.obj</file>
         <name>lab4.obj</name>
      </input_file>
      <input_file id="fl-5">
         <path>./</path>
         <kind>object</kind>
         <file>main.obj</file>
         <name>main.obj</name>
      </input_file>
      <input_file id="fl-6">
         <path>./</path>
         <kind>object</kind>
         <file>startup_msp432p401r_ccs.obj</file>
         <name>startup_msp432p401r_ccs.obj</name>
      </input_file>
      <input_file id="fl-7">
         <path>./</path>
         <kind>object</kind>
         <file>system_msp432p401r.obj</file>
         <name>system_msp432p401r.obj</name>
      </input_file>
      <input_file id="fl-b">
         <kind>object</kind>
         <file>&lt;internal&gt;</file>
         <name>&lt;internal&gt;</name>
      </input_file>
      <input_file id="fl-c1">
         <path>/Applications/ti/ccsv7/tools/compiler/ti-cgt-arm_16.9.3.LTS/lib/</path>
         <kind>archive</kind>
         <file>rtsv7M4_T_le_v4SPD16_eabi.lib</file>
         <name>boot.obj</name>
      </input_file>
      <input_file id="fl-c2">
         <path>/Applications/ti/ccsv7/tools/compiler/ti-cgt-arm_16.9.3.LTS/lib/</path>
         <kind>archive</kind>
         <file>rtsv7M4_T_le_v4SPD16_eabi.lib</file>
         <name>copy_decompress_lzss.obj</name>
      </input_file>
      <input_file id="fl-c3">
         <path>/Applications/ti/ccsv7/tools/compiler/ti-cgt-arm_16.9.3.LTS/lib/</path>
         <kind>archive</kind>
         <file>rtsv7M4_T_le_v4SPD16_eabi.lib</file>
         <name>copy_decompress_none.obj</name>
      </input_file>
      <input_file id="fl-c4">
         <path>/Applications/ti/ccsv7/tools/compiler/ti-cgt-arm_16.9.3.LTS/lib/</path>
         <kind>archive</kind>
         <file>rtsv7M4_T_le_v4SPD16_eabi.lib</file>
         <name>copy_zero_init.obj</name>
      </input_file>
      <input_file id="fl-c5">
         <path>/Applications/ti/ccsv7/tools/compiler/ti-cgt-arm_16.9.3.LTS/lib/</path>
         <kind>archive</kind>
         <file>rtsv7M4_T_le_v4SPD16_eabi.lib</file>
         <name>exit.obj</name>
      </input_file>
      <input_file id="fl-c6">
         <path>/Applications/ti/ccsv7/tools/compiler/ti-cgt-arm_16.9.3.LTS/lib/</path>
         <kind>archive</kind>
         <file>rtsv7M4_T_le_v4SPD16_eabi.lib</file>
         <name>fd_add_t2.obj</name>
      </input_file>
      <input_file id="fl-c7">
         <path>/Applications/ti/ccsv7/tools/compiler/ti-cgt-arm_16.9.3.LTS/lib/</path>
         <kind>archive</kind>
         <file>rtsv7M4_T_le_v4SPD16_eabi.lib</file>
         <name>fd_div_t2.obj</name>
      </input_file>
      <input_file id="fl-c8">
         <path>/Applications/ti/ccsv7/tools/compiler/ti-cgt-arm_16.9.3.LTS/lib/</path>
         <kind>archive</kind>
         <file>rtsv7M4_T_le_v4SPD16_eabi.lib</file>
         <name>fd_mul_t2.obj</name>
      </input_file>
      <input_file id="fl-c9">
         <path>/Applications/ti/ccsv7/tools/compiler/ti-cgt-arm_16.9.3.LTS/lib/</path>
         <kind>archive</kind>
         <file>rtsv7M4_T_le_v4SPD16_eabi.lib</file>
         <name>fd_tos_t2.obj</name>
      </input_file>
      <input_file id="fl-ca">
         <path>/Applications/ti/ccsv7/tools/compiler/ti-cgt-arm_16.9.3.LTS/lib/</path>
         <kind>archive</kind>
         <file>rtsv7M4_T_le_v4SPD16_eabi.lib</file>
         <name>fs_tod_t2.obj</name>
      </input_file>
      <input_file id="fl-cb">
         <path>/Applications/ti/ccsv7/tools/compiler/ti-cgt-arm_16.9.3.LTS/lib/</path>
         <kind>archive</kind>
         <file>rtsv7M4_T_le_v4SPD16_eabi.lib</file>
         <name>memcpy_t2.obj</name>
      </input_file>
      <input_file id="fl-cc">
         <path>/Applications/ti/ccsv7/tools/compiler/ti-cgt-arm_16.9.3.LTS/lib/</path>
         <kind>archive</kind>
         <file>rtsv7M4_T_le_v4SPD16_eabi.lib</file>
         <name>memset_t2.obj</name>
      </input_file>
      <input_file id="fl-cd">
         <path>/Applications/ti/ccsv7/tools/compiler/ti-cgt-arm_16.9.3.LTS/lib/</path>
         <kind>archive</kind>
         <file>rtsv7M4_T_le_v4SPD16_eabi.lib</file>
         <name>mpu_init.obj</name>
      </input_file>
      <input_file id="fl-ce">
         <path>/Applications/ti/ccsv7/tools/compiler/ti-cgt-arm_16.9.3.LTS/lib/</path>
         <kind>archive</kind>
         <file>rtsv7M4_T_le_v4SPD16_eabi.lib</file>
         <name>pre_init.obj</name>
      </input_file>
      <input_file id="fl-cf">
         <path>/Applications/ti/ccsv7/tools/compiler/ti-cgt-arm_16.9.3.LTS/lib/</path>
         <kind>archive</kind>
         <file>rtsv7M4_T_le_v4SPD16_eabi.lib</file>
         <name>stkdepth_vars.obj</name>
      </input_file>
      <input_file id="fl-d0">
         <path>/Applications/ti/ccsv7/tools/compiler/ti-cgt-arm_16.9.3.LTS/lib/</path>
         <kind>archive</kind>
         <file>rtsv7M4_T_le_v4SPD16_eabi.lib</file>
         <name>_lock.obj</name>
      </input_file>
      <input_file id="fl-d1">
         <path>/Applications/ti/ccsv7/tools/compiler/ti-cgt-arm_16.9.3.LTS/lib/</path>
         <kind>archive</kind>
         <file>rtsv7M4_T_le_v4SPD16_eabi.lib</file>
         <name>args_main.obj</name>
      </input_file>
      <input_file id="fl-d2">
         <path>/Applications/ti/ccsv7/tools/compiler/ti-cgt-arm_16.9.3.LTS/lib/</path>
         <kind>archive</kind>
         <file>rtsv7M4_T_le_v4SPD16_eabi.lib</file>
         <name>autoinit.obj</name>
      </input_file>
      <input_file id="fl-d3">
         <path>/Applications/ti/ccsv7/tools/compiler/ti-cgt-arm_16.9.3.LTS/lib/</path>
         <kind>archive</kind>
         <file>rtsv7M4_T_le_v4SPD16_eabi.lib</file>
         <name>cpy_tbl.obj</name>
      </input_file>
      <input_file id="fl-d4">
         <path>/Applications/ti/ccsv7/tools/compiler/ti-cgt-arm_16.9.3.LTS/lib/</path>
         <kind>archive</kind>
         <file>rtsv7M4_T_le_v4SPD16_eabi.lib</file>
         <name>startup.obj</name>
      </input_file>
   </input_file_list>
   <object_component_list>
      <object_component id="oc-2c">
         <name>.intvecs:retain</name>
         <load_address>0x0</load_address>
         <run_address>0x0</run_address>
         <size>0xe4</size>
         <input_file_ref idref="fl-6"/>
      </object_component>
      <object_component id="oc-bd">
         <name>.text</name>
         <load_address>0xe4</load_address>
         <run_address>0xe4</run_address>
         <size>0x32c</size>
         <input_file_ref idref="fl-7"/>
      </object_component>
      <object_component id="oc-f4">
         <name>.text</name>
         <load_address>0x410</load_address>
         <run_address>0x410</run_address>
         <size>0x1b6</size>
         <input_file_ref idref="fl-c6"/>
      </object_component>
      <object_component id="oc-e5">
         <name>.text</name>
         <load_address>0x5c6</load_address>
         <run_address>0x5c6</run_address>
         <size>0x136</size>
         <input_file_ref idref="fl-c7"/>
      </object_component>
      <object_component id="oc-aa">
         <name>.text</name>
         <load_address>0x6fc</load_address>
         <run_address>0x6fc</run_address>
         <size>0x114</size>
         <input_file_ref idref="fl-5"/>
      </object_component>
      <object_component id="oc-ef">
         <name>.text</name>
         <load_address>0x810</load_address>
         <run_address>0x810</run_address>
         <size>0xfc</size>
         <input_file_ref idref="fl-c8"/>
      </object_component>
      <object_component id="oc-7b">
         <name>.text</name>
         <load_address>0x90c</load_address>
         <run_address>0x90c</run_address>
         <size>0xdc</size>
         <input_file_ref idref="fl-2"/>
      </object_component>
      <object_component id="oc-3b">
         <name>.text</name>
         <load_address>0x9e8</load_address>
         <run_address>0x9e8</run_address>
         <size>0x9c</size>
         <input_file_ref idref="fl-cb"/>
      </object_component>
      <object_component id="oc-47">
         <name>.text</name>
         <load_address>0xa84</load_address>
         <run_address>0xa84</run_address>
         <size>0x7a</size>
         <input_file_ref idref="fl-cc"/>
      </object_component>
      <object_component id="oc-53">
         <name>.text</name>
         <load_address>0xafe</load_address>
         <run_address>0xafe</run_address>
         <size>0x2</size>
         <input_file_ref idref="fl-cd"/>
      </object_component>
      <object_component id="oc-5f">
         <name>.text</name>
         <load_address>0xb00</load_address>
         <run_address>0xb00</run_address>
         <size>0x70</size>
         <input_file_ref idref="fl-d2"/>
      </object_component>
      <object_component id="oc-ea">
         <name>.text</name>
         <load_address>0xb70</load_address>
         <run_address>0xb70</run_address>
         <size>0x6e</size>
         <input_file_ref idref="fl-c9"/>
      </object_component>
      <object_component id="oc-14">
         <name>.text:decompress:lzss</name>
         <load_address>0xbde</load_address>
         <run_address>0xbde</run_address>
         <size>0x68</size>
         <input_file_ref idref="fl-c2"/>
      </object_component>
      <object_component id="oc-a2">
         <name>.text</name>
         <load_address>0xc46</load_address>
         <run_address>0xc46</run_address>
         <size>0x2</size>
         <input_file_ref idref="fl-d4"/>
      </object_component>
      <object_component id="oc-26">
         <name>.text</name>
         <load_address>0xc48</load_address>
         <run_address>0xc48</run_address>
         <size>0x54</size>
         <input_file_ref idref="fl-c1"/>
      </object_component>
      <object_component id="oc-6b">
         <name>.text</name>
         <load_address>0xc9c</load_address>
         <run_address>0xc9c</run_address>
         <size>0x54</size>
         <input_file_ref idref="fl-c5"/>
      </object_component>
      <object_component id="oc-9c">
         <name>.text</name>
         <load_address>0xcf0</load_address>
         <run_address>0xcf0</run_address>
         <size>0x4c</size>
         <input_file_ref idref="fl-d3"/>
      </object_component>
      <object_component id="oc-e0">
         <name>.text</name>
         <load_address>0xd3c</load_address>
         <run_address>0xd3c</run_address>
         <size>0x38</size>
         <input_file_ref idref="fl-ca"/>
      </object_component>
      <object_component id="oc-65">
         <name>.text</name>
         <load_address>0xd74</load_address>
         <run_address>0xd74</run_address>
         <size>0x18</size>
         <input_file_ref idref="fl-d1"/>
      </object_component>
      <object_component id="oc-103">
         <name>.text</name>
         <load_address>0xd8c</load_address>
         <run_address>0xd8c</run_address>
         <size>0x14</size>
         <input_file_ref idref="fl-d0"/>
      </object_component>
      <object_component id="oc-1a">
         <name>.text:decompress:none</name>
         <load_address>0xda0</load_address>
         <run_address>0xda0</run_address>
         <size>0xe</size>
         <input_file_ref idref="fl-c3"/>
      </object_component>
      <object_component id="oc-75">
         <name>.text</name>
         <load_address>0xdae</load_address>
         <run_address>0xdae</run_address>
         <size>0xe</size>
         <input_file_ref idref="fl-6"/>
      </object_component>
      <object_component id="oc-20">
         <name>.text:decompress:ZI</name>
         <load_address>0xdbc</load_address>
         <run_address>0xdbc</run_address>
         <size>0xc</size>
         <input_file_ref idref="fl-c4"/>
      </object_component>
      <object_component id="oc-59">
         <name>.text</name>
         <load_address>0xdc8</load_address>
         <run_address>0xdc8</run_address>
         <size>0x4</size>
         <input_file_ref idref="fl-ce"/>
      </object_component>
      <object_component id="oc-16a">
         <name>.cinit..data.load</name>
         <load_address>0xdd0</load_address>
         <run_address>0xdd0</run_address>
         <size>0x20</size>
      </object_component>
      <object_component id="oc-168">
         <name>__TI_handler_table</name>
         <load_address>0xdf0</load_address>
         <run_address>0xdf0</run_address>
         <size>0xc</size>
      </object_component>
      <object_component id="oc-16b">
         <name>.cinit..bss.load</name>
         <load_address>0xe00</load_address>
         <run_address>0xe00</run_address>
         <size>0x8</size>
      </object_component>
      <object_component id="oc-169">
         <name>__TI_cinit_table</name>
         <load_address>0xe08</load_address>
         <run_address>0xe08</run_address>
         <size>0x10</size>
      </object_component>
      <object_component id="oc-145">
         <name>.binit</name>
         <load_address>0x0</load_address>
         <run_address>0x0</run_address>
         <size>0x0</size>
      </object_component>
      <object_component id="oc-c4">
         <name>.data</name>
         <load_address>0x20000000</load_address>
         <run_address>0x20000000</run_address>
         <size>0x20</size>
         <input_file_ref idref="fl-5"/>
      </object_component>
      <object_component id="oc-10f">
         <name>.data</name>
         <load_address>0x20000038</load_address>
         <run_address>0x20000038</run_address>
         <size>0x4</size>
         <input_file_ref idref="fl-7"/>
      </object_component>
      <object_component id="oc-b2">
         <name>.data:$O1$$</name>
         <load_address>0x20000020</load_address>
         <run_address>0x20000020</run_address>
         <size>0xc</size>
         <input_file_ref idref="fl-c5"/>
      </object_component>
      <object_component id="oc-71">
         <name>.data</name>
         <load_address>0x20000034</load_address>
         <run_address>0x20000034</run_address>
         <size>0x4</size>
         <input_file_ref idref="fl-cf"/>
      </object_component>
      <object_component id="oc-b5">
         <name>.data:$O1$$</name>
         <load_address>0x2000002c</load_address>
         <run_address>0x2000002c</run_address>
         <size>0x8</size>
         <input_file_ref idref="fl-d0"/>
      </object_component>
      <object_component id="oc-118">
         <name>.common:buffer</name>
         <uninitialized>true</uninitialized>
         <run_address>0x2000003c</run_address>
         <size>0x10</size>
      </object_component>
      <object_component id="oc-11b">
         <name>.common:buffer2</name>
         <uninitialized>true</uninitialized>
         <run_address>0x2000004c</run_address>
         <size>0x10</size>
      </object_component>
      <object_component id="oc-2f">
         <name>.stack</name>
         <uninitialized>true</uninitialized>
         <run_address>0x2000fe00</run_address>
         <size>0x0</size>
         <input_file_ref idref="fl-c1"/>
      </object_component>
      <object_component id="oc-16c">
         <name>.stack</name>
         <uninitialized>true</uninitialized>
         <run_address>0x2000fe00</run_address>
         <size>0x0</size>
      </object_component>
      <object_component id="oc-11e">
         <name>.debug_info</name>
         <load_address>0x0</load_address>
         <run_address>0x0</run_address>
         <size>0x529</size>
         <input_file_ref idref="fl-2"/>
      </object_component>
      <object_component id="oc-7c">
         <name>.debug_info</name>
         <load_address>0x529</load_address>
         <run_address>0x529</run_address>
         <size>0x243</size>
         <input_file_ref idref="fl-2"/>
      </object_component>
      <object_component id="oc-13c">
         <name>.debug_info</name>
         <load_address>0x76c</load_address>
         <run_address>0x76c</run_address>
         <size>0x1055</size>
         <input_file_ref idref="fl-2"/>
      </object_component>
      <object_component id="oc-c8">
         <name>.debug_info</name>
         <load_address>0x17c1</load_address>
         <run_address>0x17c1</run_address>
         <size>0x37cd</size>
         <input_file_ref idref="fl-2"/>
      </object_component>
      <object_component id="oc-36">
         <name>.debug_info</name>
         <load_address>0x4f8e</load_address>
         <run_address>0x4f8e</run_address>
         <size>0x84</size>
         <input_file_ref idref="fl-2"/>
      </object_component>
      <object_component id="oc-113">
         <name>.debug_info</name>
         <load_address>0x5012</load_address>
         <run_address>0x5012</run_address>
         <size>0x18b</size>
         <input_file_ref idref="fl-2"/>
      </object_component>
      <object_component id="oc-119">
         <name>.debug_info</name>
         <load_address>0x519d</load_address>
         <run_address>0x519d</run_address>
         <size>0x608</size>
         <input_file_ref idref="fl-5"/>
      </object_component>
      <object_component id="oc-c5">
         <name>.debug_info</name>
         <load_address>0x57a5</load_address>
         <run_address>0x57a5</run_address>
         <size>0x18b</size>
         <input_file_ref idref="fl-5"/>
      </object_component>
      <object_component id="oc-ab">
         <name>.debug_info</name>
         <load_address>0x5930</load_address>
         <run_address>0x5930</run_address>
         <size>0x17d</size>
         <input_file_ref idref="fl-5"/>
      </object_component>
      <object_component id="oc-137">
         <name>.debug_info</name>
         <load_address>0x5aad</load_address>
         <run_address>0x5aad</run_address>
         <size>0xe7</size>
         <input_file_ref idref="fl-5"/>
      </object_component>
      <object_component id="oc-83">
         <name>.debug_info</name>
         <load_address>0x5b94</load_address>
         <run_address>0x5b94</run_address>
         <size>0x2b1</size>
         <input_file_ref idref="fl-6"/>
      </object_component>
      <object_component id="oc-2d">
         <name>.debug_info</name>
         <load_address>0x5e45</load_address>
         <run_address>0x5e45</run_address>
         <size>0xef</size>
         <input_file_ref idref="fl-6"/>
      </object_component>
      <object_component id="oc-76">
         <name>.debug_info</name>
         <load_address>0x5f34</load_address>
         <run_address>0x5f34</run_address>
         <size>0x1b6</size>
         <input_file_ref idref="fl-6"/>
      </object_component>
      <object_component id="oc-110">
         <name>.debug_info</name>
         <load_address>0x60ea</load_address>
         <run_address>0x60ea</run_address>
         <size>0xe8</size>
         <input_file_ref idref="fl-7"/>
      </object_component>
      <object_component id="oc-be">
         <name>.debug_info</name>
         <load_address>0x61d2</load_address>
         <run_address>0x61d2</run_address>
         <size>0x25a</size>
         <input_file_ref idref="fl-7"/>
      </object_component>
      <object_component id="oc-27">
         <name>.debug_info</name>
         <load_address>0x642c</load_address>
         <run_address>0x642c</run_address>
         <size>0x160</size>
         <input_file_ref idref="fl-c1"/>
      </object_component>
      <object_component id="oc-89">
         <name>.debug_info</name>
         <load_address>0x658c</load_address>
         <run_address>0x658c</run_address>
         <size>0x293</size>
         <input_file_ref idref="fl-c2"/>
      </object_component>
      <object_component id="oc-15">
         <name>.debug_info</name>
         <load_address>0x681f</load_address>
         <run_address>0x681f</run_address>
         <size>0x245</size>
         <input_file_ref idref="fl-c2"/>
      </object_component>
      <object_component id="oc-31">
         <name>.debug_info</name>
         <load_address>0x6a64</load_address>
         <run_address>0x6a64</run_address>
         <size>0x60</size>
         <input_file_ref idref="fl-c2"/>
      </object_component>
      <object_component id="oc-84">
         <name>.debug_info</name>
         <load_address>0x6ac4</load_address>
         <run_address>0x6ac4</run_address>
         <size>0x46</size>
         <input_file_ref idref="fl-c2"/>
      </object_component>
      <object_component id="oc-46">
         <name>.debug_info</name>
         <load_address>0x6b0a</load_address>
         <run_address>0x6b0a</run_address>
         <size>0x2da</size>
         <input_file_ref idref="fl-c3"/>
      </object_component>
      <object_component id="oc-1b">
         <name>.debug_info</name>
         <load_address>0x6de4</load_address>
         <run_address>0x6de4</run_address>
         <size>0x1df</size>
         <input_file_ref idref="fl-c3"/>
      </object_component>
      <object_component id="oc-41">
         <name>.debug_info</name>
         <load_address>0x6fc3</load_address>
         <run_address>0x6fc3</run_address>
         <size>0x46</size>
         <input_file_ref idref="fl-c3"/>
      </object_component>
      <object_component id="oc-8b">
         <name>.debug_info</name>
         <load_address>0x7009</load_address>
         <run_address>0x7009</run_address>
         <size>0x2c</size>
         <input_file_ref idref="fl-c3"/>
      </object_component>
      <object_component id="oc-52">
         <name>.debug_info</name>
         <load_address>0x7035</load_address>
         <run_address>0x7035</run_address>
         <size>0x2c9</size>
         <input_file_ref idref="fl-c4"/>
      </object_component>
      <object_component id="oc-21">
         <name>.debug_info</name>
         <load_address>0x72fe</load_address>
         <run_address>0x72fe</run_address>
         <size>0x1aa</size>
         <input_file_ref idref="fl-c4"/>
      </object_component>
      <object_component id="oc-4d">
         <name>.debug_info</name>
         <load_address>0x74a8</load_address>
         <run_address>0x74a8</run_address>
         <size>0x46</size>
         <input_file_ref idref="fl-c4"/>
      </object_component>
      <object_component id="oc-93">
         <name>.debug_info</name>
         <load_address>0x74ee</load_address>
         <run_address>0x74ee</run_address>
         <size>0x2c</size>
         <input_file_ref idref="fl-c4"/>
      </object_component>
      <object_component id="oc-b9">
         <name>.debug_info</name>
         <load_address>0x751a</load_address>
         <run_address>0x751a</run_address>
         <size>0x3ce</size>
         <input_file_ref idref="fl-c5"/>
      </object_component>
      <object_component id="oc-b3">
         <name>.debug_info</name>
         <load_address>0x78e8</load_address>
         <run_address>0x78e8</run_address>
         <size>0x185</size>
         <input_file_ref idref="fl-c5"/>
      </object_component>
      <object_component id="oc-6c">
         <name>.debug_info</name>
         <load_address>0x7a6d</load_address>
         <run_address>0x7a6d</run_address>
         <size>0x214</size>
         <input_file_ref idref="fl-c5"/>
      </object_component>
      <object_component id="oc-f5">
         <name>.debug_info</name>
         <load_address>0x7c81</load_address>
         <run_address>0x7c81</run_address>
         <size>0x144</size>
         <input_file_ref idref="fl-c6"/>
      </object_component>
      <object_component id="oc-e6">
         <name>.debug_info</name>
         <load_address>0x7dc5</load_address>
         <run_address>0x7dc5</run_address>
         <size>0x132</size>
         <input_file_ref idref="fl-c7"/>
      </object_component>
      <object_component id="oc-f0">
         <name>.debug_info</name>
         <load_address>0x7ef7</load_address>
         <run_address>0x7ef7</run_address>
         <size>0x132</size>
         <input_file_ref idref="fl-c8"/>
      </object_component>
      <object_component id="oc-eb">
         <name>.debug_info</name>
         <load_address>0x8029</load_address>
         <run_address>0x8029</run_address>
         <size>0x136</size>
         <input_file_ref idref="fl-c9"/>
      </object_component>
      <object_component id="oc-e1">
         <name>.debug_info</name>
         <load_address>0x815f</load_address>
         <run_address>0x815f</run_address>
         <size>0x124</size>
         <input_file_ref idref="fl-ca"/>
      </object_component>
      <object_component id="oc-3c">
         <name>.debug_info</name>
         <load_address>0x8283</load_address>
         <run_address>0x8283</run_address>
         <size>0x111</size>
         <input_file_ref idref="fl-cb"/>
      </object_component>
      <object_component id="oc-48">
         <name>.debug_info</name>
         <load_address>0x8394</load_address>
         <run_address>0x8394</run_address>
         <size>0x13f</size>
         <input_file_ref idref="fl-cc"/>
      </object_component>
      <object_component id="oc-54">
         <name>.debug_info</name>
         <load_address>0x84d3</load_address>
         <run_address>0x84d3</run_address>
         <size>0x138</size>
         <input_file_ref idref="fl-cd"/>
      </object_component>
      <object_component id="oc-5a">
         <name>.debug_info</name>
         <load_address>0x860b</load_address>
         <run_address>0x860b</run_address>
         <size>0x148</size>
         <input_file_ref idref="fl-ce"/>
      </object_component>
      <object_component id="oc-72">
         <name>.debug_info</name>
         <load_address>0x8753</load_address>
         <run_address>0x8753</run_address>
         <size>0x109</size>
         <input_file_ref idref="fl-cf"/>
      </object_component>
      <object_component id="oc-10b">
         <name>.debug_info</name>
         <load_address>0x885c</load_address>
         <run_address>0x885c</run_address>
         <size>0x2be</size>
         <input_file_ref idref="fl-d0"/>
      </object_component>
      <object_component id="oc-b6">
         <name>.debug_info</name>
         <load_address>0x8b1a</load_address>
         <run_address>0x8b1a</run_address>
         <size>0x113</size>
         <input_file_ref idref="fl-d0"/>
      </object_component>
      <object_component id="oc-104">
         <name>.debug_info</name>
         <load_address>0x8c2d</load_address>
         <run_address>0x8c2d</run_address>
         <size>0x21f</size>
         <input_file_ref idref="fl-d0"/>
      </object_component>
      <object_component id="oc-b1">
         <name>.debug_info</name>
         <load_address>0x8e4c</load_address>
         <run_address>0x8e4c</run_address>
         <size>0x300</size>
         <input_file_ref idref="fl-d1"/>
      </object_component>
      <object_component id="oc-66">
         <name>.debug_info</name>
         <load_address>0x914c</load_address>
         <run_address>0x914c</run_address>
         <size>0x167</size>
         <input_file_ref idref="fl-d1"/>
      </object_component>
      <object_component id="oc-fc">
         <name>.debug_info</name>
         <load_address>0x92b3</load_address>
         <run_address>0x92b3</run_address>
         <size>0x5e</size>
         <input_file_ref idref="fl-d1"/>
      </object_component>
      <object_component id="oc-a9">
         <name>.debug_info</name>
         <load_address>0x9311</load_address>
         <run_address>0x9311</run_address>
         <size>0x483</size>
         <input_file_ref idref="fl-d2"/>
      </object_component>
      <object_component id="oc-61">
         <name>.debug_info</name>
         <load_address>0x9794</load_address>
         <run_address>0x9794</run_address>
         <size>0x190</size>
         <input_file_ref idref="fl-d2"/>
      </object_component>
      <object_component id="oc-d6">
         <name>.debug_info</name>
         <load_address>0x9924</load_address>
         <run_address>0x9924</run_address>
         <size>0x39</size>
         <input_file_ref idref="fl-d2"/>
      </object_component>
      <object_component id="oc-126">
         <name>.debug_info</name>
         <load_address>0x995d</load_address>
         <run_address>0x995d</run_address>
         <size>0x39</size>
         <input_file_ref idref="fl-d2"/>
      </object_component>
      <object_component id="oc-db">
         <name>.debug_info</name>
         <load_address>0x9996</load_address>
         <run_address>0x9996</run_address>
         <size>0xcd</size>
         <input_file_ref idref="fl-d2"/>
      </object_component>
      <object_component id="oc-d2">
         <name>.debug_info</name>
         <load_address>0x9a63</load_address>
         <run_address>0x9a63</run_address>
         <size>0x37a</size>
         <input_file_ref idref="fl-d3"/>
      </object_component>
      <object_component id="oc-9d">
         <name>.debug_info</name>
         <load_address>0x9ddd</load_address>
         <run_address>0x9ddd</run_address>
         <size>0x183</size>
         <input_file_ref idref="fl-d3"/>
      </object_component>
      <object_component id="oc-121">
         <name>.debug_info</name>
         <load_address>0x9f60</load_address>
         <run_address>0x9f60</run_address>
         <size>0x2c</size>
         <input_file_ref idref="fl-d3"/>
      </object_component>
      <object_component id="oc-a4">
         <name>.debug_info</name>
         <load_address>0x9f8c</load_address>
         <run_address>0x9f8c</run_address>
         <size>0x145</size>
         <input_file_ref idref="fl-d4"/>
      </object_component>
      <object_component id="oc-16d">
         <name>.debug_info</name>
         <load_address>0xa0d1</load_address>
         <run_address>0xa0d1</run_address>
         <size>0x9e</size>
      </object_component>
      <object_component id="oc-142">
         <name>.debug_line</name>
         <load_address>0x0</load_address>
         <run_address>0x0</run_address>
         <size>0x2c</size>
         <input_file_ref idref="fl-2"/>
      </object_component>
      <object_component id="oc-7f">
         <name>.debug_line</name>
         <load_address>0x2c</load_address>
         <run_address>0x2c</run_address>
         <size>0xd0</size>
         <input_file_ref idref="fl-2"/>
      </object_component>
      <object_component id="oc-13f">
         <name>.debug_line</name>
         <load_address>0xfc</load_address>
         <run_address>0xfc</run_address>
         <size>0x60</size>
         <input_file_ref idref="fl-2"/>
      </object_component>
      <object_component id="oc-cb">
         <name>.debug_line</name>
         <load_address>0x15c</load_address>
         <run_address>0x15c</run_address>
         <size>0x5d</size>
         <input_file_ref idref="fl-2"/>
      </object_component>
      <object_component id="oc-39">
         <name>.debug_line</name>
         <load_address>0x1b9</load_address>
         <run_address>0x1b9</run_address>
         <size>0x20</size>
         <input_file_ref idref="fl-2"/>
      </object_component>
      <object_component id="oc-116">
         <name>.debug_line</name>
         <load_address>0x1d9</load_address>
         <run_address>0x1d9</run_address>
         <size>0x70</size>
         <input_file_ref idref="fl-2"/>
      </object_component>
      <object_component id="oc-136">
         <name>.debug_line</name>
         <load_address>0x249</load_address>
         <run_address>0x249</run_address>
         <size>0x39</size>
         <input_file_ref idref="fl-5"/>
      </object_component>
      <object_component id="oc-11d">
         <name>.debug_line</name>
         <load_address>0x282</load_address>
         <run_address>0x282</run_address>
         <size>0x2d</size>
         <input_file_ref idref="fl-5"/>
      </object_component>
      <object_component id="oc-ae">
         <name>.debug_line</name>
         <load_address>0x2af</load_address>
         <run_address>0x2af</run_address>
         <size>0x60</size>
         <input_file_ref idref="fl-5"/>
      </object_component>
      <object_component id="oc-13a">
         <name>.debug_line</name>
         <load_address>0x30f</load_address>
         <run_address>0x30f</run_address>
         <size>0x34</size>
         <input_file_ref idref="fl-5"/>
      </object_component>
      <object_component id="oc-ce">
         <name>.debug_line</name>
         <load_address>0x343</load_address>
         <run_address>0x343</run_address>
         <size>0x40</size>
         <input_file_ref idref="fl-6"/>
      </object_component>
      <object_component id="oc-82">
         <name>.debug_line</name>
         <load_address>0x383</load_address>
         <run_address>0x383</run_address>
         <size>0x40</size>
         <input_file_ref idref="fl-6"/>
      </object_component>
      <object_component id="oc-79">
         <name>.debug_line</name>
         <load_address>0x3c3</load_address>
         <run_address>0x3c3</run_address>
         <size>0x71</size>
         <input_file_ref idref="fl-6"/>
      </object_component>
      <object_component id="oc-134">
         <name>.debug_line</name>
         <load_address>0x434</load_address>
         <run_address>0x434</run_address>
         <size>0x3b</size>
         <input_file_ref idref="fl-7"/>
      </object_component>
      <object_component id="oc-c1">
         <name>.debug_line</name>
         <load_address>0x46f</load_address>
         <run_address>0x46f</run_address>
         <size>0x146</size>
         <input_file_ref idref="fl-7"/>
      </object_component>
      <object_component id="oc-2a">
         <name>.debug_line</name>
         <load_address>0x5b5</load_address>
         <run_address>0x5b5</run_address>
         <size>0x53</size>
         <input_file_ref idref="fl-c1"/>
      </object_component>
      <object_component id="oc-d0">
         <name>.debug_line</name>
         <load_address>0x608</load_address>
         <run_address>0x608</run_address>
         <size>0x20</size>
         <input_file_ref idref="fl-c2"/>
      </object_component>
      <object_component id="oc-18">
         <name>.debug_line</name>
         <load_address>0x628</load_address>
         <run_address>0x628</run_address>
         <size>0xa9</size>
         <input_file_ref idref="fl-c2"/>
      </object_component>
      <object_component id="oc-34">
         <name>.debug_line</name>
         <load_address>0x6d1</load_address>
         <run_address>0x6d1</run_address>
         <size>0x3a</size>
         <input_file_ref idref="fl-c2"/>
      </object_component>
      <object_component id="oc-87">
         <name>.debug_line</name>
         <load_address>0x70b</load_address>
         <run_address>0x70b</run_address>
         <size>0x8a</size>
         <input_file_ref idref="fl-c2"/>
      </object_component>
      <object_component id="oc-91">
         <name>.debug_line</name>
         <load_address>0x795</load_address>
         <run_address>0x795</run_address>
         <size>0x8a</size>
         <input_file_ref idref="fl-c3"/>
      </object_component>
      <object_component id="oc-1e">
         <name>.debug_line</name>
         <load_address>0x81f</load_address>
         <run_address>0x81f</run_address>
         <size>0x55</size>
         <input_file_ref idref="fl-c3"/>
      </object_component>
      <object_component id="oc-44">
         <name>.debug_line</name>
         <load_address>0x874</load_address>
         <run_address>0x874</run_address>
         <size>0x3a</size>
         <input_file_ref idref="fl-c3"/>
      </object_component>
      <object_component id="oc-8e">
         <name>.debug_line</name>
         <load_address>0x8ae</load_address>
         <run_address>0x8ae</run_address>
         <size>0x8a</size>
         <input_file_ref idref="fl-c3"/>
      </object_component>
      <object_component id="oc-99">
         <name>.debug_line</name>
         <load_address>0x938</load_address>
         <run_address>0x938</run_address>
         <size>0x8a</size>
         <input_file_ref idref="fl-c4"/>
      </object_component>
      <object_component id="oc-24">
         <name>.debug_line</name>
         <load_address>0x9c2</load_address>
         <run_address>0x9c2</run_address>
         <size>0x4f</size>
         <input_file_ref idref="fl-c4"/>
      </object_component>
      <object_component id="oc-50">
         <name>.debug_line</name>
         <load_address>0xa11</load_address>
         <run_address>0xa11</run_address>
         <size>0x34</size>
         <input_file_ref idref="fl-c4"/>
      </object_component>
      <object_component id="oc-96">
         <name>.debug_line</name>
         <load_address>0xa45</load_address>
         <run_address>0xa45</run_address>
         <size>0x8a</size>
         <input_file_ref idref="fl-c4"/>
      </object_component>
      <object_component id="oc-10e">
         <name>.debug_line</name>
         <load_address>0xacf</load_address>
         <run_address>0xacf</run_address>
         <size>0xf2</size>
         <input_file_ref idref="fl-c5"/>
      </object_component>
      <object_component id="oc-102">
         <name>.debug_line</name>
         <load_address>0xbc1</load_address>
         <run_address>0xbc1</run_address>
         <size>0x2a</size>
         <input_file_ref idref="fl-c5"/>
      </object_component>
      <object_component id="oc-6f">
         <name>.debug_line</name>
         <load_address>0xbeb</load_address>
         <run_address>0xbeb</run_address>
         <size>0x86</size>
         <input_file_ref idref="fl-c5"/>
      </object_component>
      <object_component id="oc-f8">
         <name>.debug_line</name>
         <load_address>0xc71</load_address>
         <run_address>0xc71</run_address>
         <size>0xd2</size>
         <input_file_ref idref="fl-c6"/>
      </object_component>
      <object_component id="oc-e9">
         <name>.debug_line</name>
         <load_address>0xd43</load_address>
         <run_address>0xd43</run_address>
         <size>0xa8</size>
         <input_file_ref idref="fl-c7"/>
      </object_component>
      <object_component id="oc-f3">
         <name>.debug_line</name>
         <load_address>0xdeb</load_address>
         <run_address>0xdeb</run_address>
         <size>0x8e</size>
         <input_file_ref idref="fl-c8"/>
      </object_component>
      <object_component id="oc-ee">
         <name>.debug_line</name>
         <load_address>0xe79</load_address>
         <run_address>0xe79</run_address>
         <size>0x67</size>
         <input_file_ref idref="fl-c9"/>
      </object_component>
      <object_component id="oc-e4">
         <name>.debug_line</name>
         <load_address>0xee0</load_address>
         <run_address>0xee0</run_address>
         <size>0x57</size>
         <input_file_ref idref="fl-ca"/>
      </object_component>
      <object_component id="oc-3f">
         <name>.debug_line</name>
         <load_address>0xf37</load_address>
         <run_address>0xf37</run_address>
         <size>0x88</size>
         <input_file_ref idref="fl-cb"/>
      </object_component>
      <object_component id="oc-4b">
         <name>.debug_line</name>
         <load_address>0xfbf</load_address>
         <run_address>0xfbf</run_address>
         <size>0x79</size>
         <input_file_ref idref="fl-cc"/>
      </object_component>
      <object_component id="oc-57">
         <name>.debug_line</name>
         <load_address>0x1038</load_address>
         <run_address>0x1038</run_address>
         <size>0x3d</size>
         <input_file_ref idref="fl-cd"/>
      </object_component>
      <object_component id="oc-5d">
         <name>.debug_line</name>
         <load_address>0x1075</load_address>
         <run_address>0x1075</run_address>
         <size>0x40</size>
         <input_file_ref idref="fl-ce"/>
      </object_component>
      <object_component id="oc-bc">
         <name>.debug_line</name>
         <load_address>0x10b5</load_address>
         <run_address>0x10b5</run_address>
         <size>0x33</size>
         <input_file_ref idref="fl-cf"/>
      </object_component>
      <object_component id="oc-132">
         <name>.debug_line</name>
         <load_address>0x10e8</load_address>
         <run_address>0x10e8</run_address>
         <size>0x20</size>
         <input_file_ref idref="fl-d0"/>
      </object_component>
      <object_component id="oc-10a">
         <name>.debug_line</name>
         <load_address>0x1108</load_address>
         <run_address>0x1108</run_address>
         <size>0x2b</size>
         <input_file_ref idref="fl-d0"/>
      </object_component>
      <object_component id="oc-107">
         <name>.debug_line</name>
         <load_address>0x1133</load_address>
         <run_address>0x1133</run_address>
         <size>0x68</size>
         <input_file_ref idref="fl-d0"/>
      </object_component>
      <object_component id="oc-fb">
         <name>.debug_line</name>
         <load_address>0x119b</load_address>
         <run_address>0x119b</run_address>
         <size>0x2b</size>
         <input_file_ref idref="fl-d1"/>
      </object_component>
      <object_component id="oc-69">
         <name>.debug_line</name>
         <load_address>0x11c6</load_address>
         <run_address>0x11c6</run_address>
         <size>0x4a</size>
         <input_file_ref idref="fl-d1"/>
      </object_component>
      <object_component id="oc-ff">
         <name>.debug_line</name>
         <load_address>0x1210</load_address>
         <run_address>0x1210</run_address>
         <size>0x2b</size>
         <input_file_ref idref="fl-d1"/>
      </object_component>
      <object_component id="oc-d5">
         <name>.debug_line</name>
         <load_address>0x123b</load_address>
         <run_address>0x123b</run_address>
         <size>0xa9</size>
         <input_file_ref idref="fl-d2"/>
      </object_component>
      <object_component id="oc-63">
         <name>.debug_line</name>
         <load_address>0x12e4</load_address>
         <run_address>0x12e4</run_address>
         <size>0x8b</size>
         <input_file_ref idref="fl-d2"/>
      </object_component>
      <object_component id="oc-d9">
         <name>.debug_line</name>
         <load_address>0x136f</load_address>
         <run_address>0x136f</run_address>
         <size>0x2e</size>
         <input_file_ref idref="fl-d2"/>
      </object_component>
      <object_component id="oc-129">
         <name>.debug_line</name>
         <load_address>0x139d</load_address>
         <run_address>0x139d</run_address>
         <size>0x8a</size>
         <input_file_ref idref="fl-d2"/>
      </object_component>
      <object_component id="oc-de">
         <name>.debug_line</name>
         <load_address>0x1427</load_address>
         <run_address>0x1427</run_address>
         <size>0x8b</size>
         <input_file_ref idref="fl-d2"/>
      </object_component>
      <object_component id="oc-120">
         <name>.debug_line</name>
         <load_address>0x14b2</load_address>
         <run_address>0x14b2</run_address>
         <size>0x98</size>
         <input_file_ref idref="fl-d3"/>
      </object_component>
      <object_component id="oc-a0">
         <name>.debug_line</name>
         <load_address>0x154a</load_address>
         <run_address>0x154a</run_address>
         <size>0x68</size>
         <input_file_ref idref="fl-d3"/>
      </object_component>
      <object_component id="oc-124">
         <name>.debug_line</name>
         <load_address>0x15b2</load_address>
         <run_address>0x15b2</run_address>
         <size>0x2e</size>
         <input_file_ref idref="fl-d3"/>
      </object_component>
      <object_component id="oc-a7">
         <name>.debug_line</name>
         <load_address>0x15e0</load_address>
         <run_address>0x15e0</run_address>
         <size>0x3c</size>
         <input_file_ref idref="fl-d4"/>
      </object_component>
      <object_component id="oc-80">
         <name>.debug_frame</name>
         <load_address>0x0</load_address>
         <run_address>0x0</run_address>
         <size>0x80</size>
         <input_file_ref idref="fl-2"/>
      </object_component>
      <object_component id="oc-af">
         <name>.debug_frame</name>
         <load_address>0x80</load_address>
         <run_address>0x80</run_address>
         <size>0x59</size>
         <input_file_ref idref="fl-5"/>
      </object_component>
      <object_component id="oc-7a">
         <name>.debug_frame</name>
         <load_address>0xd9</load_address>
         <run_address>0xd9</run_address>
         <size>0x69</size>
         <input_file_ref idref="fl-6"/>
      </object_component>
      <object_component id="oc-c2">
         <name>.debug_frame</name>
         <load_address>0x142</load_address>
         <run_address>0x142</run_address>
         <size>0x6a</size>
         <input_file_ref idref="fl-7"/>
      </object_component>
      <object_component id="oc-19">
         <name>.debug_frame</name>
         <load_address>0x1ac</load_address>
         <run_address>0x1ac</run_address>
         <size>0x60</size>
         <input_file_ref idref="fl-c2"/>
      </object_component>
      <object_component id="oc-1f">
         <name>.debug_frame</name>
         <load_address>0x20c</load_address>
         <run_address>0x20c</run_address>
         <size>0x51</size>
         <input_file_ref idref="fl-c3"/>
      </object_component>
      <object_component id="oc-25">
         <name>.debug_frame</name>
         <load_address>0x25d</load_address>
         <run_address>0x25d</run_address>
         <size>0x51</size>
         <input_file_ref idref="fl-c4"/>
      </object_component>
      <object_component id="oc-70">
         <name>.debug_frame</name>
         <load_address>0x2ae</load_address>
         <run_address>0x2ae</run_address>
         <size>0x85</size>
         <input_file_ref idref="fl-c5"/>
      </object_component>
      <object_component id="oc-58">
         <name>.debug_frame</name>
         <load_address>0x333</load_address>
         <run_address>0x333</run_address>
         <size>0x51</size>
         <input_file_ref idref="fl-cd"/>
      </object_component>
      <object_component id="oc-5e">
         <name>.debug_frame</name>
         <load_address>0x384</load_address>
         <run_address>0x384</run_address>
         <size>0x51</size>
         <input_file_ref idref="fl-ce"/>
      </object_component>
      <object_component id="oc-108">
         <name>.debug_frame</name>
         <load_address>0x3d5</load_address>
         <run_address>0x3d5</run_address>
         <size>0x73</size>
         <input_file_ref idref="fl-d0"/>
      </object_component>
      <object_component id="oc-6a">
         <name>.debug_frame</name>
         <load_address>0x448</load_address>
         <run_address>0x448</run_address>
         <size>0x51</size>
         <input_file_ref idref="fl-d1"/>
      </object_component>
      <object_component id="oc-64">
         <name>.debug_frame</name>
         <load_address>0x499</load_address>
         <run_address>0x499</run_address>
         <size>0x5c</size>
         <input_file_ref idref="fl-d2"/>
      </object_component>
      <object_component id="oc-a1">
         <name>.debug_frame</name>
         <load_address>0x4f5</load_address>
         <run_address>0x4f5</run_address>
         <size>0x60</size>
         <input_file_ref idref="fl-d3"/>
      </object_component>
      <object_component id="oc-a3">
         <name>.debug_frame</name>
         <load_address>0x555</load_address>
         <run_address>0x555</run_address>
         <size>0x51</size>
         <input_file_ref idref="fl-d4"/>
      </object_component>
      <object_component id="oc-141">
         <name>.debug_abbrev</name>
         <load_address>0x0</load_address>
         <run_address>0x0</run_address>
         <size>0x7e</size>
         <input_file_ref idref="fl-2"/>
      </object_component>
      <object_component id="oc-c7">
         <name>.debug_abbrev</name>
         <load_address>0x7e</load_address>
         <run_address>0x7e</run_address>
         <size>0xa5</size>
         <input_file_ref idref="fl-2"/>
      </object_component>
      <object_component id="oc-13e">
         <name>.debug_abbrev</name>
         <load_address>0x123</load_address>
         <run_address>0x123</run_address>
         <size>0x97</size>
         <input_file_ref idref="fl-2"/>
      </object_component>
      <object_component id="oc-ca">
         <name>.debug_abbrev</name>
         <load_address>0x1ba</load_address>
         <run_address>0x1ba</run_address>
         <size>0xbd</size>
         <input_file_ref idref="fl-2"/>
      </object_component>
      <object_component id="oc-38">
         <name>.debug_abbrev</name>
         <load_address>0x277</load_address>
         <run_address>0x277</run_address>
         <size>0x1f</size>
         <input_file_ref idref="fl-2"/>
      </object_component>
      <object_component id="oc-115">
         <name>.debug_abbrev</name>
         <load_address>0x296</load_address>
         <run_address>0x296</run_address>
         <size>0x35</size>
         <input_file_ref idref="fl-2"/>
      </object_component>
      <object_component id="oc-135">
         <name>.debug_abbrev</name>
         <load_address>0x2cb</load_address>
         <run_address>0x2cb</run_address>
         <size>0xdb</size>
         <input_file_ref idref="fl-5"/>
      </object_component>
      <object_component id="oc-11c">
         <name>.debug_abbrev</name>
         <load_address>0x3a6</load_address>
         <run_address>0x3a6</run_address>
         <size>0x29</size>
         <input_file_ref idref="fl-5"/>
      </object_component>
      <object_component id="oc-f9">
         <name>.debug_abbrev</name>
         <load_address>0x3cf</load_address>
         <run_address>0x3cf</run_address>
         <size>0x52</size>
         <input_file_ref idref="fl-5"/>
      </object_component>
      <object_component id="oc-139">
         <name>.debug_abbrev</name>
         <load_address>0x421</load_address>
         <run_address>0x421</run_address>
         <size>0x67</size>
         <input_file_ref idref="fl-5"/>
      </object_component>
      <object_component id="oc-cd">
         <name>.debug_abbrev</name>
         <load_address>0x488</load_address>
         <run_address>0x488</run_address>
         <size>0x73</size>
         <input_file_ref idref="fl-6"/>
      </object_component>
      <object_component id="oc-81">
         <name>.debug_abbrev</name>
         <load_address>0x4fb</load_address>
         <run_address>0x4fb</run_address>
         <size>0x29</size>
         <input_file_ref idref="fl-6"/>
      </object_component>
      <object_component id="oc-c3">
         <name>.debug_abbrev</name>
         <load_address>0x524</load_address>
         <run_address>0x524</run_address>
         <size>0x89</size>
         <input_file_ref idref="fl-6"/>
      </object_component>
      <object_component id="oc-133">
         <name>.debug_abbrev</name>
         <load_address>0x5ad</load_address>
         <run_address>0x5ad</run_address>
         <size>0x29</size>
         <input_file_ref idref="fl-7"/>
      </object_component>
      <object_component id="oc-112">
         <name>.debug_abbrev</name>
         <load_address>0x5d6</load_address>
         <run_address>0x5d6</run_address>
         <size>0x8b</size>
         <input_file_ref idref="fl-7"/>
      </object_component>
      <object_component id="oc-74">
         <name>.debug_abbrev</name>
         <load_address>0x661</load_address>
         <run_address>0x661</run_address>
         <size>0x3e</size>
         <input_file_ref idref="fl-c1"/>
      </object_component>
      <object_component id="oc-cf">
         <name>.debug_abbrev</name>
         <load_address>0x69f</load_address>
         <run_address>0x69f</run_address>
         <size>0x37</size>
         <input_file_ref idref="fl-c2"/>
      </object_component>
      <object_component id="oc-30">
         <name>.debug_abbrev</name>
         <load_address>0x6d6</load_address>
         <run_address>0x6d6</run_address>
         <size>0x6f</size>
         <input_file_ref idref="fl-c2"/>
      </object_component>
      <object_component id="oc-33">
         <name>.debug_abbrev</name>
         <load_address>0x745</load_address>
         <run_address>0x745</run_address>
         <size>0x24</size>
         <input_file_ref idref="fl-c2"/>
      </object_component>
      <object_component id="oc-86">
         <name>.debug_abbrev</name>
         <load_address>0x769</load_address>
         <run_address>0x769</run_address>
         <size>0x35</size>
         <input_file_ref idref="fl-c2"/>
      </object_component>
      <object_component id="oc-90">
         <name>.debug_abbrev</name>
         <load_address>0x79e</load_address>
         <run_address>0x79e</run_address>
         <size>0x5d</size>
         <input_file_ref idref="fl-c3"/>
      </object_component>
      <object_component id="oc-40">
         <name>.debug_abbrev</name>
         <load_address>0x7fb</load_address>
         <run_address>0x7fb</run_address>
         <size>0x74</size>
         <input_file_ref idref="fl-c3"/>
      </object_component>
      <object_component id="oc-43">
         <name>.debug_abbrev</name>
         <load_address>0x86f</load_address>
         <run_address>0x86f</run_address>
         <size>0x24</size>
         <input_file_ref idref="fl-c3"/>
      </object_component>
      <object_component id="oc-8d">
         <name>.debug_abbrev</name>
         <load_address>0x893</load_address>
         <run_address>0x893</run_address>
         <size>0x24</size>
         <input_file_ref idref="fl-c3"/>
      </object_component>
      <object_component id="oc-98">
         <name>.debug_abbrev</name>
         <load_address>0x8b7</load_address>
         <run_address>0x8b7</run_address>
         <size>0x5d</size>
         <input_file_ref idref="fl-c4"/>
      </object_component>
      <object_component id="oc-4c">
         <name>.debug_abbrev</name>
         <load_address>0x914</load_address>
         <run_address>0x914</run_address>
         <size>0x74</size>
         <input_file_ref idref="fl-c4"/>
      </object_component>
      <object_component id="oc-4f">
         <name>.debug_abbrev</name>
         <load_address>0x988</load_address>
         <run_address>0x988</run_address>
         <size>0x24</size>
         <input_file_ref idref="fl-c4"/>
      </object_component>
      <object_component id="oc-95">
         <name>.debug_abbrev</name>
         <load_address>0x9ac</load_address>
         <run_address>0x9ac</run_address>
         <size>0x24</size>
         <input_file_ref idref="fl-c4"/>
      </object_component>
      <object_component id="oc-10d">
         <name>.debug_abbrev</name>
         <load_address>0x9d0</load_address>
         <run_address>0x9d0</run_address>
         <size>0xb3</size>
         <input_file_ref idref="fl-c5"/>
      </object_component>
      <object_component id="oc-101">
         <name>.debug_abbrev</name>
         <load_address>0xa83</load_address>
         <run_address>0xa83</run_address>
         <size>0x29</size>
         <input_file_ref idref="fl-c5"/>
      </object_component>
      <object_component id="oc-b8">
         <name>.debug_abbrev</name>
         <load_address>0xaac</load_address>
         <run_address>0xaac</run_address>
         <size>0xba</size>
         <input_file_ref idref="fl-c5"/>
      </object_component>
      <object_component id="oc-12f">
         <name>.debug_abbrev</name>
         <load_address>0xb66</load_address>
         <run_address>0xb66</run_address>
         <size>0x3c</size>
         <input_file_ref idref="fl-c6"/>
      </object_component>
      <object_component id="oc-12c">
         <name>.debug_abbrev</name>
         <load_address>0xba2</load_address>
         <run_address>0xba2</run_address>
         <size>0x3c</size>
         <input_file_ref idref="fl-c7"/>
      </object_component>
      <object_component id="oc-12e">
         <name>.debug_abbrev</name>
         <load_address>0xbde</load_address>
         <run_address>0xbde</run_address>
         <size>0x3c</size>
         <input_file_ref idref="fl-c8"/>
      </object_component>
      <object_component id="oc-12d">
         <name>.debug_abbrev</name>
         <load_address>0xc1a</load_address>
         <run_address>0xc1a</run_address>
         <size>0x3e</size>
         <input_file_ref idref="fl-c9"/>
      </object_component>
      <object_component id="oc-12b">
         <name>.debug_abbrev</name>
         <load_address>0xc58</load_address>
         <run_address>0xc58</run_address>
         <size>0x3c</size>
         <input_file_ref idref="fl-ca"/>
      </object_component>
      <object_component id="oc-8a">
         <name>.debug_abbrev</name>
         <load_address>0xc94</load_address>
         <run_address>0xc94</run_address>
         <size>0x3e</size>
         <input_file_ref idref="fl-cb"/>
      </object_component>
      <object_component id="oc-92">
         <name>.debug_abbrev</name>
         <load_address>0xcd2</load_address>
         <run_address>0xcd2</run_address>
         <size>0x4f</size>
         <input_file_ref idref="fl-cc"/>
      </object_component>
      <object_component id="oc-9a">
         <name>.debug_abbrev</name>
         <load_address>0xd21</load_address>
         <run_address>0xd21</run_address>
         <size>0x53</size>
         <input_file_ref idref="fl-cd"/>
      </object_component>
      <object_component id="oc-9b">
         <name>.debug_abbrev</name>
         <load_address>0xd74</load_address>
         <run_address>0xd74</run_address>
         <size>0x55</size>
         <input_file_ref idref="fl-ce"/>
      </object_component>
      <object_component id="oc-bb">
         <name>.debug_abbrev</name>
         <load_address>0xdc9</load_address>
         <run_address>0xdc9</run_address>
         <size>0x27</size>
         <input_file_ref idref="fl-cf"/>
      </object_component>
      <object_component id="oc-131">
         <name>.debug_abbrev</name>
         <load_address>0xdf0</load_address>
         <run_address>0xdf0</run_address>
         <size>0x50</size>
         <input_file_ref idref="fl-d0"/>
      </object_component>
      <object_component id="oc-109">
         <name>.debug_abbrev</name>
         <load_address>0xe40</load_address>
         <run_address>0xe40</run_address>
         <size>0x29</size>
         <input_file_ref idref="fl-d0"/>
      </object_component>
      <object_component id="oc-130">
         <name>.debug_abbrev</name>
         <load_address>0xe69</load_address>
         <run_address>0xe69</run_address>
         <size>0x6f</size>
         <input_file_ref idref="fl-d0"/>
      </object_component>
      <object_component id="oc-fa">
         <name>.debug_abbrev</name>
         <load_address>0xed8</load_address>
         <run_address>0xed8</run_address>
         <size>0x99</size>
         <input_file_ref idref="fl-d1"/>
      </object_component>
      <object_component id="oc-b0">
         <name>.debug_abbrev</name>
         <load_address>0xf71</load_address>
         <run_address>0xf71</run_address>
         <size>0x68</size>
         <input_file_ref idref="fl-d1"/>
      </object_component>
      <object_component id="oc-fe">
         <name>.debug_abbrev</name>
         <load_address>0xfd9</load_address>
         <run_address>0xfd9</run_address>
         <size>0x49</size>
         <input_file_ref idref="fl-d1"/>
      </object_component>
      <object_component id="oc-d4">
         <name>.debug_abbrev</name>
         <load_address>0x1022</load_address>
         <run_address>0x1022</run_address>
         <size>0xb9</size>
         <input_file_ref idref="fl-d2"/>
      </object_component>
      <object_component id="oc-a8">
         <name>.debug_abbrev</name>
         <load_address>0x10db</load_address>
         <run_address>0x10db</run_address>
         <size>0x7e</size>
         <input_file_ref idref="fl-d2"/>
      </object_component>
      <object_component id="oc-d8">
         <name>.debug_abbrev</name>
         <load_address>0x1159</load_address>
         <run_address>0x1159</run_address>
         <size>0x24</size>
         <input_file_ref idref="fl-d2"/>
      </object_component>
      <object_component id="oc-128">
         <name>.debug_abbrev</name>
         <load_address>0x117d</load_address>
         <run_address>0x117d</run_address>
         <size>0x24</size>
         <input_file_ref idref="fl-d2"/>
      </object_component>
      <object_component id="oc-dd">
         <name>.debug_abbrev</name>
         <load_address>0x11a1</load_address>
         <run_address>0x11a1</run_address>
         <size>0x4b</size>
         <input_file_ref idref="fl-d2"/>
      </object_component>
      <object_component id="oc-11f">
         <name>.debug_abbrev</name>
         <load_address>0x11ec</load_address>
         <run_address>0x11ec</run_address>
         <size>0xa7</size>
         <input_file_ref idref="fl-d3"/>
      </object_component>
      <object_component id="oc-d1">
         <name>.debug_abbrev</name>
         <load_address>0x1293</load_address>
         <run_address>0x1293</run_address>
         <size>0x8c</size>
         <input_file_ref idref="fl-d3"/>
      </object_component>
      <object_component id="oc-123">
         <name>.debug_abbrev</name>
         <load_address>0x131f</load_address>
         <run_address>0x131f</run_address>
         <size>0x24</size>
         <input_file_ref idref="fl-d3"/>
      </object_component>
      <object_component id="oc-d3">
         <name>.debug_abbrev</name>
         <load_address>0x1343</load_address>
         <run_address>0x1343</run_address>
         <size>0x53</size>
         <input_file_ref idref="fl-d4"/>
      </object_component>
      <object_component id="oc-16e">
         <name>.debug_abbrev</name>
         <load_address>0x1396</load_address>
         <run_address>0x1396</run_address>
         <size>0xf</size>
      </object_component>
      <object_component id="oc-140">
         <name>.debug_str</name>
         <load_address>0x0</load_address>
         <run_address>0x0</run_address>
         <size>0x486</size>
         <input_file_ref idref="fl-2"/>
      </object_component>
      <object_component id="oc-cc">
         <name>.debug_str</name>
         <load_address>0x486</load_address>
         <run_address>0x486</run_address>
         <size>0x15ca</size>
         <input_file_ref idref="fl-2"/>
      </object_component>
      <object_component id="oc-3a">
         <name>.debug_str</name>
         <load_address>0x1a50</load_address>
         <run_address>0x1a50</run_address>
         <size>0xfc</size>
         <input_file_ref idref="fl-2"/>
      </object_component>
      <object_component id="oc-117">
         <name>.debug_str</name>
         <load_address>0x1b4c</load_address>
         <run_address>0x1b4c</run_address>
         <size>0x220</size>
         <input_file_ref idref="fl-2"/>
      </object_component>
      <object_component id="oc-13b">
         <name>.debug_str</name>
         <load_address>0x1d6c</load_address>
         <run_address>0x1d6c</run_address>
         <size>0x114</size>
         <input_file_ref idref="fl-5"/>
      </object_component>
      <object_component id="oc-35">
         <name>.debug_str</name>
         <load_address>0x1e80</load_address>
         <run_address>0x1e80</run_address>
         <size>0x10d</size>
         <input_file_ref idref="fl-c2"/>
      </object_component>
      <object_component id="oc-88">
         <name>.debug_str</name>
         <load_address>0x1f8d</load_address>
         <run_address>0x1f8d</run_address>
         <size>0x14a</size>
         <input_file_ref idref="fl-c2"/>
      </object_component>
      <object_component id="oc-45">
         <name>.debug_str</name>
         <load_address>0x20d7</load_address>
         <run_address>0x20d7</run_address>
         <size>0x100</size>
         <input_file_ref idref="fl-c3"/>
      </object_component>
      <object_component id="oc-8f">
         <name>.debug_str</name>
         <load_address>0x21d7</load_address>
         <run_address>0x21d7</run_address>
         <size>0x12d</size>
         <input_file_ref idref="fl-c3"/>
      </object_component>
      <object_component id="oc-51">
         <name>.debug_str</name>
         <load_address>0x2304</load_address>
         <run_address>0x2304</run_address>
         <size>0xfa</size>
         <input_file_ref idref="fl-c4"/>
      </object_component>
      <object_component id="oc-97">
         <name>.debug_str</name>
         <load_address>0x23fe</load_address>
         <run_address>0x23fe</run_address>
         <size>0x12d</size>
         <input_file_ref idref="fl-c4"/>
      </object_component>
      <object_component id="oc-100">
         <name>.debug_str</name>
         <load_address>0x252b</load_address>
         <run_address>0x252b</run_address>
         <size>0xd6</size>
         <input_file_ref idref="fl-d1"/>
      </object_component>
      <object_component id="oc-da">
         <name>.debug_str</name>
         <load_address>0x2601</load_address>
         <run_address>0x2601</run_address>
         <size>0xe2</size>
         <input_file_ref idref="fl-d2"/>
      </object_component>
      <object_component id="oc-12a">
         <name>.debug_str</name>
         <load_address>0x26e3</load_address>
         <run_address>0x26e3</run_address>
         <size>0x138</size>
         <input_file_ref idref="fl-d2"/>
      </object_component>
      <object_component id="oc-df">
         <name>.debug_str</name>
         <load_address>0x281b</load_address>
         <run_address>0x281b</run_address>
         <size>0x184</size>
         <input_file_ref idref="fl-d2"/>
      </object_component>
      <object_component id="oc-125">
         <name>.debug_str</name>
         <load_address>0x299f</load_address>
         <run_address>0x299f</run_address>
         <size>0xd7</size>
         <input_file_ref idref="fl-d3"/>
      </object_component>
      <object_component id="oc-7d">
         <name>.debug_aranges</name>
         <load_address>0x0</load_address>
         <run_address>0x0</run_address>
         <size>0x30</size>
         <input_file_ref idref="fl-2"/>
      </object_component>
      <object_component id="oc-ac">
         <name>.debug_aranges</name>
         <load_address>0x30</load_address>
         <run_address>0x30</run_address>
         <size>0x20</size>
         <input_file_ref idref="fl-5"/>
      </object_component>
      <object_component id="oc-77">
         <name>.debug_aranges</name>
         <load_address>0x50</load_address>
         <run_address>0x50</run_address>
         <size>0x28</size>
         <input_file_ref idref="fl-6"/>
      </object_component>
      <object_component id="oc-bf">
         <name>.debug_aranges</name>
         <load_address>0x78</load_address>
         <run_address>0x78</run_address>
         <size>0x28</size>
         <input_file_ref idref="fl-7"/>
      </object_component>
      <object_component id="oc-28">
         <name>.debug_aranges</name>
         <load_address>0xa0</load_address>
         <run_address>0xa0</run_address>
         <size>0x20</size>
         <input_file_ref idref="fl-c1"/>
      </object_component>
      <object_component id="oc-16">
         <name>.debug_aranges</name>
         <load_address>0xc0</load_address>
         <run_address>0xc0</run_address>
         <size>0x20</size>
         <input_file_ref idref="fl-c2"/>
      </object_component>
      <object_component id="oc-1c">
         <name>.debug_aranges</name>
         <load_address>0xe0</load_address>
         <run_address>0xe0</run_address>
         <size>0x20</size>
         <input_file_ref idref="fl-c3"/>
      </object_component>
      <object_component id="oc-22">
         <name>.debug_aranges</name>
         <load_address>0x100</load_address>
         <run_address>0x100</run_address>
         <size>0x20</size>
         <input_file_ref idref="fl-c4"/>
      </object_component>
      <object_component id="oc-6e">
         <name>.debug_aranges</name>
         <load_address>0x120</load_address>
         <run_address>0x120</run_address>
         <size>0x30</size>
         <input_file_ref idref="fl-c5"/>
      </object_component>
      <object_component id="oc-f6">
         <name>.debug_aranges</name>
         <load_address>0x150</load_address>
         <run_address>0x150</run_address>
         <size>0x20</size>
         <input_file_ref idref="fl-c6"/>
      </object_component>
      <object_component id="oc-e7">
         <name>.debug_aranges</name>
         <load_address>0x170</load_address>
         <run_address>0x170</run_address>
         <size>0x20</size>
         <input_file_ref idref="fl-c7"/>
      </object_component>
      <object_component id="oc-f1">
         <name>.debug_aranges</name>
         <load_address>0x190</load_address>
         <run_address>0x190</run_address>
         <size>0x20</size>
         <input_file_ref idref="fl-c8"/>
      </object_component>
      <object_component id="oc-ec">
         <name>.debug_aranges</name>
         <load_address>0x1b0</load_address>
         <run_address>0x1b0</run_address>
         <size>0x20</size>
         <input_file_ref idref="fl-c9"/>
      </object_component>
      <object_component id="oc-e2">
         <name>.debug_aranges</name>
         <load_address>0x1d0</load_address>
         <run_address>0x1d0</run_address>
         <size>0x20</size>
         <input_file_ref idref="fl-ca"/>
      </object_component>
      <object_component id="oc-3d">
         <name>.debug_aranges</name>
         <load_address>0x1f0</load_address>
         <run_address>0x1f0</run_address>
         <size>0x20</size>
         <input_file_ref idref="fl-cb"/>
      </object_component>
      <object_component id="oc-49">
         <name>.debug_aranges</name>
         <load_address>0x210</load_address>
         <run_address>0x210</run_address>
         <size>0x28</size>
         <input_file_ref idref="fl-cc"/>
      </object_component>
      <object_component id="oc-55">
         <name>.debug_aranges</name>
         <load_address>0x238</load_address>
         <run_address>0x238</run_address>
         <size>0x20</size>
         <input_file_ref idref="fl-cd"/>
      </object_component>
      <object_component id="oc-5b">
         <name>.debug_aranges</name>
         <load_address>0x258</load_address>
         <run_address>0x258</run_address>
         <size>0x20</size>
         <input_file_ref idref="fl-ce"/>
      </object_component>
      <object_component id="oc-105">
         <name>.debug_aranges</name>
         <load_address>0x278</load_address>
         <run_address>0x278</run_address>
         <size>0x30</size>
         <input_file_ref idref="fl-d0"/>
      </object_component>
      <object_component id="oc-67">
         <name>.debug_aranges</name>
         <load_address>0x2a8</load_address>
         <run_address>0x2a8</run_address>
         <size>0x20</size>
         <input_file_ref idref="fl-d1"/>
      </object_component>
      <object_component id="oc-60">
         <name>.debug_aranges</name>
         <load_address>0x2c8</load_address>
         <run_address>0x2c8</run_address>
         <size>0x20</size>
         <input_file_ref idref="fl-d2"/>
      </object_component>
      <object_component id="oc-9e">
         <name>.debug_aranges</name>
         <load_address>0x2e8</load_address>
         <run_address>0x2e8</run_address>
         <size>0x20</size>
         <input_file_ref idref="fl-d3"/>
      </object_component>
      <object_component id="oc-a5">
         <name>.debug_aranges</name>
         <load_address>0x308</load_address>
         <run_address>0x308</run_address>
         <size>0x20</size>
         <input_file_ref idref="fl-d4"/>
      </object_component>
      <object_component id="oc-7e">
         <name>.debug_pubnames</name>
         <load_address>0x0</load_address>
         <run_address>0x0</run_address>
         <size>0x4e</size>
         <input_file_ref idref="fl-2"/>
      </object_component>
      <object_component id="oc-11a">
         <name>.debug_pubnames</name>
         <load_address>0x4e</load_address>
         <run_address>0x4e</run_address>
         <size>0x29</size>
         <input_file_ref idref="fl-5"/>
      </object_component>
      <object_component id="oc-c6">
         <name>.debug_pubnames</name>
         <load_address>0x77</load_address>
         <run_address>0x77</run_address>
         <size>0x66</size>
         <input_file_ref idref="fl-5"/>
      </object_component>
      <object_component id="oc-ad">
         <name>.debug_pubnames</name>
         <load_address>0xdd</load_address>
         <run_address>0xdd</run_address>
         <size>0x1b</size>
         <input_file_ref idref="fl-5"/>
      </object_component>
      <object_component id="oc-2e">
         <name>.debug_pubnames</name>
         <load_address>0xf8</load_address>
         <run_address>0xf8</run_address>
         <size>0x27</size>
         <input_file_ref idref="fl-6"/>
      </object_component>
      <object_component id="oc-78">
         <name>.debug_pubnames</name>
         <load_address>0x11f</load_address>
         <run_address>0x11f</run_address>
         <size>0x38</size>
         <input_file_ref idref="fl-6"/>
      </object_component>
      <object_component id="oc-111">
         <name>.debug_pubnames</name>
         <load_address>0x157</load_address>
         <run_address>0x157</run_address>
         <size>0x26</size>
         <input_file_ref idref="fl-7"/>
      </object_component>
      <object_component id="oc-c0">
         <name>.debug_pubnames</name>
         <load_address>0x17d</load_address>
         <run_address>0x17d</run_address>
         <size>0x3b</size>
         <input_file_ref idref="fl-7"/>
      </object_component>
      <object_component id="oc-29">
         <name>.debug_pubnames</name>
         <load_address>0x1b8</load_address>
         <run_address>0x1b8</run_address>
         <size>0x1f</size>
         <input_file_ref idref="fl-c1"/>
      </object_component>
      <object_component id="oc-17">
         <name>.debug_pubnames</name>
         <load_address>0x1d7</load_address>
         <run_address>0x1d7</run_address>
         <size>0x2b</size>
         <input_file_ref idref="fl-c2"/>
      </object_component>
      <object_component id="oc-1d">
         <name>.debug_pubnames</name>
         <load_address>0x202</load_address>
         <run_address>0x202</run_address>
         <size>0x2b</size>
         <input_file_ref idref="fl-c3"/>
      </object_component>
      <object_component id="oc-23">
         <name>.debug_pubnames</name>
         <load_address>0x22d</load_address>
         <run_address>0x22d</run_address>
         <size>0x25</size>
         <input_file_ref idref="fl-c4"/>
      </object_component>
      <object_component id="oc-b4">
         <name>.debug_pubnames</name>
         <load_address>0x252</load_address>
         <run_address>0x252</run_address>
         <size>0x5e</size>
         <input_file_ref idref="fl-c5"/>
      </object_component>
      <object_component id="oc-6d">
         <name>.debug_pubnames</name>
         <load_address>0x2b0</load_address>
         <run_address>0x2b0</run_address>
         <size>0x35</size>
         <input_file_ref idref="fl-c5"/>
      </object_component>
      <object_component id="oc-f7">
         <name>.debug_pubnames</name>
         <load_address>0x2e5</load_address>
         <run_address>0x2e5</run_address>
         <size>0x23</size>
         <input_file_ref idref="fl-c6"/>
      </object_component>
      <object_component id="oc-e8">
         <name>.debug_pubnames</name>
         <load_address>0x308</load_address>
         <run_address>0x308</run_address>
         <size>0x23</size>
         <input_file_ref idref="fl-c7"/>
      </object_component>
      <object_component id="oc-f2">
         <name>.debug_pubnames</name>
         <load_address>0x32b</load_address>
         <run_address>0x32b</run_address>
         <size>0x23</size>
         <input_file_ref idref="fl-c8"/>
      </object_component>
      <object_component id="oc-ed">
         <name>.debug_pubnames</name>
         <load_address>0x34e</load_address>
         <run_address>0x34e</run_address>
         <size>0x22</size>
         <input_file_ref idref="fl-c9"/>
      </object_component>
      <object_component id="oc-e3">
         <name>.debug_pubnames</name>
         <load_address>0x370</load_address>
         <run_address>0x370</run_address>
         <size>0x22</size>
         <input_file_ref idref="fl-ca"/>
      </object_component>
      <object_component id="oc-3e">
         <name>.debug_pubnames</name>
         <load_address>0x392</load_address>
         <run_address>0x392</run_address>
         <size>0x1d</size>
         <input_file_ref idref="fl-cb"/>
      </object_component>
      <object_component id="oc-4a">
         <name>.debug_pubnames</name>
         <load_address>0x3af</load_address>
         <run_address>0x3af</run_address>
         <size>0x37</size>
         <input_file_ref idref="fl-cc"/>
      </object_component>
      <object_component id="oc-56">
         <name>.debug_pubnames</name>
         <load_address>0x3e6</load_address>
         <run_address>0x3e6</run_address>
         <size>0x21</size>
         <input_file_ref idref="fl-cd"/>
      </object_component>
      <object_component id="oc-5c">
         <name>.debug_pubnames</name>
         <load_address>0x407</load_address>
         <run_address>0x407</run_address>
         <size>0x27</size>
         <input_file_ref idref="fl-ce"/>
      </object_component>
      <object_component id="oc-73">
         <name>.debug_pubnames</name>
         <load_address>0x42e</load_address>
         <run_address>0x42e</run_address>
         <size>0x23</size>
         <input_file_ref idref="fl-cf"/>
      </object_component>
      <object_component id="oc-b7">
         <name>.debug_pubnames</name>
         <load_address>0x451</load_address>
         <run_address>0x451</run_address>
         <size>0x28</size>
         <input_file_ref idref="fl-d0"/>
      </object_component>
      <object_component id="oc-106">
         <name>.debug_pubnames</name>
         <load_address>0x479</load_address>
         <run_address>0x479</run_address>
         <size>0x43</size>
         <input_file_ref idref="fl-d0"/>
      </object_component>
      <object_component id="oc-68">
         <name>.debug_pubnames</name>
         <load_address>0x4bc</load_address>
         <run_address>0x4bc</run_address>
         <size>0x21</size>
         <input_file_ref idref="fl-d1"/>
      </object_component>
      <object_component id="oc-62">
         <name>.debug_pubnames</name>
         <load_address>0x4dd</load_address>
         <run_address>0x4dd</run_address>
         <size>0x25</size>
         <input_file_ref idref="fl-d2"/>
      </object_component>
      <object_component id="oc-9f">
         <name>.debug_pubnames</name>
         <load_address>0x502</load_address>
         <run_address>0x502</run_address>
         <size>0x1e</size>
         <input_file_ref idref="fl-d3"/>
      </object_component>
      <object_component id="oc-a6">
         <name>.debug_pubnames</name>
         <load_address>0x520</load_address>
         <run_address>0x520</run_address>
         <size>0x29</size>
         <input_file_ref idref="fl-d4"/>
      </object_component>
      <object_component id="oc-13d">
         <name>.debug_pubtypes</name>
         <load_address>0x0</load_address>
         <run_address>0x0</run_address>
         <size>0xdd</size>
[...]
      </memory_area>
      <memory_area display="yes" color="green">
         <name>SRAM_CODE</name>
         <page_id>0x0</page_id>
         <origin>0x1000000</origin>
         <length>0x10000</length>
         <used_space>0x25c</used_space>
         <unused_space>0xfda4</unused_space>
         <attributes>RWX</attributes>
         <usage_details>
            <allocated_space>
               <start_address>0x1000000</start_address>
               <size>0x3c</size>
               <logical_group_ref idref="lg-e"/>
            </allocated_space>
            <allocated_space>
               <start_address>0x100003c</start_address>
               <size>0x20</size>
               <logical_group_ref idref="lg-f"/>
            </allocated_space>
            <available_space>
               <start_address>0x100005c</start_address>
               <size>0xfda4</size>
            </available_space>
            <allocated_space>
               <start_address>0x100fe00</start_address>
               <size>0x200</size>
               <logical_group_ref idref="lg-11"/>
            </allocated_space>
         </usage_details>
      </memory_area>
      <memory_area display="yes" color="green">
         <name>SRAM_DATA</name>
         <page_id>0x0</page_id>
         <origin>0x20000000</origin>
         <length>0x10000</length>
         <used_space>0x25c</used_space>
         <unused_space>0xfda4</unused_space>
         <attributes>RW</attributes>
         <usage_details>
            <allocated_space>
               <start_address>0x20000000</start_address>
               <size>0x3c</size>
               <logical_group_ref idref="lg-e"/>
            </allocated_space>
            <allocated_space>
               <start_address>0x2000003c</start_address>
               <size>0x20</size>
               <logical_group_ref idref="lg-f"/>
            </allocated_space>
            <available_space>
               <start_address>0x2000005c</start_address>
               <size>0xfda4</size>
            </available_space>
            <allocated_space>
               <start_address>0x2000fe00</start_address>
               <size>0x200</size>
               <logical_group_ref idref="lg-11"/>
            </allocated_space>
         </usage_details>
      </memory_area>
   </placement_map>
   <cptbl_list>
      <cptbl>
         <name>__TI_cinit_table</name>
         <cprec>
            <name>.data</name>
            <load_address>0xdd0</load_address>
            <load_size>0x20</load_size>
            <run_address>0x20000000</run_address>
            <run_size>0x3c</run_size>
            <compression>lzss</compression>
         </cprec>
         <cprec>
            <name>.bss</name>
            <load_address>0xe00</load_address>
            <load_size>0x8</load_size>
            <run_address>0x2000003c</run_address>
            <run_size>0x20</run_size>
            <compression>zero_init</compression>
         </cprec>
      </cptbl>
   </cptbl_list>
   <handler_table>
      <handler_table_name>__TI_handler_table</handler_table_name>
      <handler>
         <index>0x0</index>
         <name>__TI_decompress_lzss</name>
      </handler>
      <handler>
         <index>0x1</index>
         <name>__TI_decompress_none</name>
      </handler>
      <handler>
         <index>0x2</index>
         <name>__TI_zero_init</name>
      </handler>
   </handler_table>
   <symbol_table>
      <symbol id="sm-1">
         <name>WDTCTL_SYM</name>
         <value>0x4000480c</value>
      </symbol>
      <symbol id="sm-2">
         <name>__TI_CINIT_Base</name>
         <value>0xe08</value>
      </symbol>
      <symbol id="sm-3">
         <name>__TI_CINIT_Limit</name>
         <value>0xe18</value>
      </symbol>
      <symbol id="sm-4">
         <name>__TI_Handler_Table_Base</name>
         <value>0xdf0</value>
      </symbol>
      <symbol id="sm-5">
         <name>__TI_Handler_Table_Limit</name>
         <value>0xdfc</value>
      </symbol>
      <symbol id="sm-6">
         <name>binit</name>
         <value>0xffffffff</value>
      </symbol>
      <symbol id="sm-7">
         <name>__binit__</name>
         <value>0xffffffff</value>
      </symbol>
      <symbol id="sm-8">
         <name>__STACK_SIZE</name>
         <value>0x200</value>
      </symbol>
      <symbol id="sm-9">
         <name>__STACK_END</name>
         <value>0x20010000</value>
      </symbol>
      <symbol id="sm-a">
         <name>__c_args__</name>
         <value>0xffffffff</value>
      </symbol>
      <symbol id="sm-b">
         <name>__TI_pprof_out_hndl</name>
         <value>0xffffffff</value>
      </symbol>
      <symbol id="sm-c">
         <name>__TI_prof_data_start</name>
         <value>0xffffffff</value>
      </symbol>
      <symbol id="sm-d">
         <name>__TI_prof_data_size</name>
         <value>0xffffffff</value>
      </symbol>
      <symbol id="sm-5a">
         <name>ADC14_IRQHandler</name>
         <value>0x9a3</value>
         <object_component_ref idref="oc-7b"/>
      </symbol>
      <symbol id="sm-5b">
         <name>configure_ADC</name>
         <value>0x939</value>
         <object_component_ref idref="oc-7b"/>
      </symbol>
      <symbol id="sm-8f">
         <name>buffer</name>
         <value>0x2000003c</value>
      </symbol>
      <symbol id="sm-90">
         <name>buffer2</name>
         <value>0x2000004c</value>
      </symbol>
      <symbol id="sm-91">
         <name>vadc</name>
         <value>0x20000004</value>
         <object_component_ref idref="oc-c4"/>
      </symbol>
      <symbol id="sm-92">
         <name>nadc</name>
         <value>0x20000000</value>
         <object_component_ref idref="oc-c4"/>
      </symbol>
      <symbol id="sm-93">
         <name>main</name>
         <value>0x6fd</value>
         <object_component_ref idref="oc-aa"/>
      </symbol>
      <symbol id="sm-94">
         <name>pointer1</name>
         <value>0x20000018</value>
         <object_component_ref idref="oc-c4"/>
      </symbol>
      <symbol id="sm-95">
         <name>pointer2</name>
         <value>0x2000001c</value>
         <object_component_ref idref="oc-c4"/>
      </symbol>
      <symbol id="sm-96">
         <name>vsens</name>
         <value>0x20000008</value>
         <object_component_ref idref="oc-c4"/>
      </symbol>
      <symbol id="sm-97">
         <name>tempk</name>
         <value>0x20000014</value>
         <object_component_ref idref="oc-c4"/>
      </symbol>
      <symbol id="sm-98">
         <name>tempc</name>
         <value>0x2000000c</value>
         <object_component_ref idref="oc-c4"/>
      </symbol>
      <symbol id="sm-99">
         <name>tempf</name>
         <value>0x20000010</value>
         <object_component_ref idref="oc-c4"/>
      </symbol>
      <symbol id="sm-ae">
         <name>Reset_Handler</name>
         <value>0xdaf</value>
         <object_component_ref idref="oc-75"/>
      </symbol>
      <symbol id="sm-af">
         <name>Default_Handler</name>
         <value>0xdbb</value>
         <object_component_ref idref="oc-75"/>
      </symbol>
      <symbol id="sm-b0">
         <name>interruptVectors</name>
         <value>0x0</value>
         <object_component_ref idref="oc-2c"/>
      </symbol>
      <symbol id="sm-f6">
         <name>SystemInit</name>
         <value>0x359</value>
         <object_component_ref idref="oc-bd"/>
      </symbol>
      <symbol id="sm-f7">
         <name>SystemCoreClockUpdate</name>
         <value>0xe5</value>
         <object_component_ref idref="oc-bd"/>
      </symbol>
      <symbol id="sm-f8">
         <name>SystemCoreClock</name>
         <value>0x20000038</value>
         <object_component_ref idref="oc-10f"/>
      </symbol>
      <symbol id="sm-109">
         <name>_c_int00</name>
         <value>0xc49</value>
         <object_component_ref idref="oc-26"/>
      </symbol>
      <symbol id="sm-10a">
         <name>__stack</name>
         <value>0x2000fe00</value>
         <object_component_ref idref="oc-2f"/>
      </symbol>
      <symbol id="sm-128">
         <name>__TI_decompress_lzss</name>
         <value>0xbdf</value>
         <object_component_ref idref="oc-14"/>
      </symbol>
      <symbol id="sm-13f">
         <name>__TI_decompress_none</name>
         <value>0xda1</value>
         <object_component_ref idref="oc-1a"/>
      </symbol>
      <symbol id="sm-156">
         <name>__TI_zero_init</name>
         <value>0xdbd</value>
         <object_component_ref idref="oc-20"/>
      </symbol>
      <symbol id="sm-177">
         <name>C$$EXIT</name>
         <value>0xc9d</value>
         <object_component_ref idref="oc-6b"/>
      </symbol>
      <symbol id="sm-178">
         <name>abort</name>
         <value>0xca1</value>
         <object_component_ref idref="oc-6b"/>
      </symbol>
      <symbol id="sm-179">
         <name>exit</name>
         <value>0xca9</value>
         <object_component_ref idref="oc-6b"/>
      </symbol>
      <symbol id="sm-17a">
         <name>__TI_dtors_ptr</name>
         <value>0x20000024</value>
         <object_component_ref idref="oc-b2"/>
      </symbol>
      <symbol id="sm-17b">
         <name>__TI_cleanup_ptr</name>
         <value>0x20000020</value>
         <object_component_ref idref="oc-b2"/>
      </symbol>
      <symbol id="sm-17c">
         <name>__TI_enable_exit_profile_output</name>
         <value>0x20000028</value>
         <object_component_ref idref="oc-b2"/>
      </symbol>
      <symbol id="sm-193">
         <name>__aeabi_dsub</name>
         <value>0x411</value>
         <object_component_ref idref="oc-f4"/>
      </symbol>
      <symbol id="sm-194">
         <name>__aeabi_dadd</name>
         <value>0x41b</value>
         <object_component_ref idref="oc-f4"/>
      </symbol>
      <symbol id="sm-1a8">
         <name>__aeabi_ddiv</name>
         <value>0x5c7</value>
         <object_component_ref idref="oc-e5"/>
      </symbol>
      <symbol id="sm-1b3">
         <name>__aeabi_dmul</name>
         <value>0x811</value>
         <object_component_ref idref="oc-ef"/>
      </symbol>
      <symbol id="sm-1bf">
         <name>__aeabi_d2f</name>
         <value>0xb71</value>
         <object_component_ref idref="oc-ea"/>
      </symbol>
      <symbol id="sm-1ca">
         <name>__aeabi_f2d</name>
         <value>0xd3d</value>
         <object_component_ref idref="oc-e0"/>
      </symbol>
      <symbol id="sm-1e5">
         <name>memcpy</name>
         <value>0x9e9</value>
         <object_component_ref idref="oc-3b"/>
      </symbol>
      <symbol id="sm-1e6">
         <name>__aeabi_memcpy</name>
         <value>0x9e9</value>
         <object_component_ref idref="oc-3b"/>
      </symbol>
      <symbol id="sm-1e7">
         <name>__aeabi_memcpy8</name>
         <value>0x9e9</value>
         <object_component_ref idref="oc-3b"/>
      </symbol>
      <symbol id="sm-1e8">
         <name>__aeabi_memcpy4</name>
         <value>0x9e9</value>
         <object_component_ref idref="oc-3b"/>
      </symbol>
      <symbol id="sm-1f7">
         <name>__aeabi_memset</name>
         <value>0xa87</value>
         <object_component_ref idref="oc-47"/>
      </symbol>
      <symbol id="sm-1f8">
         <name>memset</name>
         <value>0xa8d</value>
         <object_component_ref idref="oc-47"/>
      </symbol>
      <symbol id="sm-1f9">
         <name>__aeabi_memset8</name>
         <value>0xa87</value>
         <object_component_ref idref="oc-47"/>
      </symbol>
      <symbol id="sm-1fa">
         <name>__aeabi_memset4</name>
         <value>0xa87</value>
         <object_component_ref idref="oc-47"/>
      </symbol>
      <symbol id="sm-1fb">
         <name>__aeabi_memclr8</name>
         <value>0xa85</value>
         <object_component_ref idref="oc-47"/>
      </symbol>
      <symbol id="sm-1fc">
         <name>__aeabi_memclr4</name>
         <value>0xa85</value>
         <object_component_ref idref="oc-47"/>
      </symbol>
      <symbol id="sm-1fd">
         <name>__aeabi_memclr</name>
         <value>0xa85</value>
         <object_component_ref idref="oc-47"/>
      </symbol>
      <symbol id="sm-207">
         <name>__mpu_init</name>
         <value>0xaff</value>
         <object_component_ref idref="oc-53"/>
      </symbol>
      <symbol id="sm-211">
         <name>_system_pre_init</name>
         <value>0xdc9</value>
         <object_component_ref idref="oc-59"/>
      </symbol>
      <symbol id="sm-219">
         <name>main_func_sp</name>
         <value>0x20000034</value>
         <object_component_ref idref="oc-71"/>
      </symbol>
      <symbol id="sm-232">
         <name>_nop</name>
         <value>0xd9b</value>
         <object_component_ref idref="oc-103"/>
      </symbol>
      <symbol id="sm-233">
         <name>_lock</name>
         <value>0x2000002c</value>
         <object_component_ref idref="oc-b5"/>
      </symbol>
      <symbol id="sm-234">
         <name>_unlock</name>
         <value>0x20000030</value>
         <object_component_ref idref="oc-b5"/>
      </symbol>
      <symbol id="sm-235">
         <name>_register_lock</name>
         <value>0xd93</value>
         <object_component_ref idref="oc-103"/>
      </symbol>
      <symbol id="sm-236">
         <name>_register_unlock</name>
         <value>0xd8d</value>
         <object_component_ref idref="oc-103"/>
      </symbol>
      <symbol id="sm-24a">
         <name>_args_main</name>
         <value>0xd75</value>
         <object_component_ref idref="oc-65"/>
      </symbol>
      <symbol id="sm-274">
         <name>__TI_auto_init</name>
         <value>0xb01</value>
         <object_component_ref idref="oc-5f"/>
      </symbol>
      <symbol id="sm-28e">
         <name>copy_in</name>
         <value>0xcf1</value>
         <object_component_ref idref="oc-9c"/>
      </symbol>
      <symbol id="sm-298">
         <name>_system_post_cinit</name>
         <value>0xc47</value>
         <object_component_ref idref="oc-a2"/>
      </symbol>
      <symbol id="sm-299">
         <name>__TI_static_base__</name>
         <value>0x0</value>
      </symbol>
      <symbol id="sm-29c">
         <name>SHT$$INIT_ARRAY$$Limit</name>
         <value>0x0</value>
      </symbol>
      <symbol id="sm-29d">
         <name>SHT$$INIT_ARRAY$$Base</name>
         <value>0x0</value>
      </symbol>
      <symbol id="sm-29e">
         <name>NMI_Handler</name>
         <value>0xdbb</value>
      </symbol>
      <symbol id="sm-29f">
         <name>HardFault_Handler</name>
         <value>0xdbb</value>
      </symbol>
      <symbol id="sm-2a0">
         <name>MemManage_Handler</name>
         <value>0xdbb</value>
      </symbol>
      <symbol id="sm-2a1">
         <name>BusFault_Handler</name>
         <value>0xdbb</value>
      </symbol>
      <symbol id="sm-2a2">
         <name>UsageFault_Handler</name>
         <value>0xdbb</value>
      </symbol>
      <symbol id="sm-2a3">
         <name>SVC_Handler</name>
         <value>0xdbb</value>
      </symbol>
      <symbol id="sm-2a4">
         <name>DebugMon_Handler</name>
         <value>0xdbb</value>
      </symbol>
      <symbol id="sm-2a5">
         <name>PendSV_Handler</name>
         <value>0xdbb</value>
      </symbol>
      <symbol id="sm-2a6">
         <name>SysTick_Handler</name>
         <value>0xdbb</value>
      </symbol>
      <symbol id="sm-2a7">
         <name>PSS_IRQHandler</name>
         <value>0xdbb</value>
      </symbol>
      <symbol id="sm-2a8">
         <name>CS_IRQHandler</name>
         <value>0xdbb</value>
      </symbol>
      <symbol id="sm-2a9">
         <name>PCM_IRQHandler</name>
         <value>0xdbb</value>
      </symbol>
      <symbol id="sm-2aa">
         <name>WDT_A_IRQHandler</name>
         <value>0xdbb</value>
      </symbol>
      <symbol id="sm-2ab">
         <name>FPU_IRQHandler</name>
         <value>0xdbb</value>
      </symbol>
      <symbol id="sm-2ac">
         <name>FLCTL_IRQHandler</name>
         <value>0xdbb</value>
      </symbol>
      <symbol id="sm-2ad">
         <name>COMP_E0_IRQHandler</name>
         <value>0xdbb</value>
      </symbol>
      <symbol id="sm-2ae">
         <name>COMP_E1_IRQHandler</name>
         <value>0xdbb</value>
      </symbol>
      <symbol id="sm-2af">
         <name>TA0_0_IRQHandler</name>
         <value>0xdbb</value>
      </symbol>
      <symbol id="sm-2b0">
         <name>TA0_N_IRQHandler</name>
         <value>0xdbb</value>
      </symbol>
      <symbol id="sm-2b1">
         <name>TA1_0_IRQHandler</name>
         <value>0xdbb</value>
      </symbol>
      <symbol id="sm-2b2">
         <name>TA1_N_IRQHandler</name>
         <value>0xdbb</value>
      </symbol>
      <symbol id="sm-2b3">
         <name>TA2_0_IRQHandler</name>
         <value>0xdbb</value>
      </symbol>
      <symbol id="sm-2b4">
         <name>TA2_N_IRQHandler</name>
         <value>0xdbb</value>
      </symbol>
      <symbol id="sm-2b5">
         <name>TA3_0_IRQHandler</name>
         <value>0xdbb</value>
      </symbol>
      <symbol id="sm-2b6">
         <name>TA3_N_IRQHandler</name>
         <value>0xdbb</value>
      </symbol>
      <symbol id="sm-2b7">
         <name>EUSCIA0_IRQHandler</name>
         <value>0xdbb</value>
      </symbol>
      <symbol id="sm-2b8">
         <name>EUSCIA1_IRQHandler</name>
         <value>0xdbb</value>
      </symbol>
      <symbol id="sm-2b9">
         <name>EUSCIA2_IRQHandler</name>
         <value>0xdbb</value>
      </symbol>
      <symbol id="sm-2ba">
         <name>EUSCIA3_IRQHandler</name>
         <value>0xdbb</value>
      </symbol>
      <symbol id="sm-2bb">
         <name>EUSCIB0_IRQHandler</name>
         <value>0xdbb</value>
      </symbol>
      <symbol id="sm-2bc">
         <name>EUSCIB1_IRQHandler</name>
         <value>0xdbb</value>
      </symbol>
      <symbol id="sm-2bd">
         <name>EUSCIB2_IRQHandler</name>
         <value>0xdbb</value>
      </symbol>
      <symbol id="sm-2be">
         <name>EUSCIB3_IRQHandler</name>
         <value>0xdbb</value>
      </symbol>
      <symbol id="sm-2bf">
         <name>ADC14_IRQHandler</name>
         <value>0x9a3</value>
      </symbol>
      <symbol id="sm-2c0">
         <name>T32_INT1_IRQHandler</name>
         <value>0xdbb</value>
      </symbol>
      <symbol id="sm-2c1">
         <name>T32_INT2_IRQHandler</name>
         <value>0xdbb</value>
      </symbol>
      <symbol id="sm-2c2">
         <name>T32_INTC_IRQHandler</name>
         <value>0xdbb</value>
      </symbol>
      <symbol id="sm-2c3">
         <name>AES256_IRQHandler</name>
         <value>0xdbb</value>
      </symbol>
      <symbol id="sm-2c4">
         <name>RTC_C_IRQHandler</name>
         <value>0xdbb</value>
      </symbol>
      <symbol id="sm-2c5">
         <name>DMA_ERR_IRQHandler</name>
         <value>0xdbb</value>
      </symbol>
      <symbol id="sm-2c6">
         <name>DMA_INT3_IRQHandler</name>
         <value>0xdbb</value>
      </symbol>
      <symbol id="sm-2c7">
         <name>DMA_INT2_IRQHandler</name>
         <value>0xdbb</value>
      </symbol>
      <symbol id="sm-2c8">
         <name>DMA_INT1_IRQHandler</name>
         <value>0xdbb</value>
      </symbol>
      <symbol id="sm-2c9">
         <name>DMA_INT0_IRQHandler</name>
         <value>0xdbb</value>
      </symbol>
      <symbol id="sm-2ca">
         <name>PORT1_IRQHandler</name>
         <value>0xdbb</value>
      </symbol>
      <symbol id="sm-2cb">
         <name>PORT2_IRQHandler</name>
         <value>0xdbb</value>
      </symbol>
      <symbol id="sm-2cc">
         <name>PORT3_IRQHandler</name>
         <value>0xdbb</value>
      </symbol>
      <symbol id="sm-2cd">
         <name>PORT4_IRQHandler</name>
         <value>0xdbb</value>
      </symbol>
      <symbol id="sm-2ce">
         <name>PORT5_IRQHandler</name>
         <value>0xdbb</value>
      </symbol>
      <symbol id="sm-2cf">
         <name>PORT6_IRQHandler</name>
         <value>0xdbb</value>
      </symbol>
   </symbol_table>
   <title>Link successful</title>
</link_info>
