<?xml version="1.0"?>
<link_info>
   <banner>TI ARM Linker Unix v16.9.3.LTS</banner>
   <copyright>Copyright (c) 1996-2017 Texas Instruments Incorporated</copyright>
   <link_time>0x59b1ea28</link_time>
   <link_errors>0x0</link_errors>
   <output_file>lab1.out</output_file>
   <entry_point>
      <name>_c_int00</name>
      <address>0x739</address>
   </entry_point>
   <input_file_list>
      <input_file id="fl-2">
         <path>./</path>
         <kind>object</kind>
         <file>lab12.obj</file>
         <name>lab12.obj</name>
      </input_file>
      <input_file id="fl-3">
         <path>./</path>
         <kind>object</kind>
         <file>main.obj</file>
         <name>main.obj</name>
      </input_file>
      <input_file id="fl-4">
         <path>./</path>
         <kind>object</kind>
         <file>startup_msp432p401r_ccs.obj</file>
         <name>startup_msp432p401r_ccs.obj</name>
      </input_file>
      <input_file id="fl-5">
         <path>./</path>
         <kind>object</kind>
         <file>system_msp432p401r.obj</file>
         <name>system_msp432p401r.obj</name>
      </input_file>
      <input_file id="fl-9">
         <kind>object</kind>
         <file>&lt;internal&gt;</file>
         <name>&lt;internal&gt;</name>
      </input_file>
      <input_file id="fl-bf">
         <path>/Applications/ti/ccsv7/tools/compiler/ti-cgt-arm_16.9.3.LTS/lib/</path>
         <kind>archive</kind>
         <file>rtsv7M4_T_le_v4SPD16_eabi.lib</file>
         <name>boot.obj</name>
      </input_file>
      <input_file id="fl-c0">
         <path>/Applications/ti/ccsv7/tools/compiler/ti-cgt-arm_16.9.3.LTS/lib/</path>
         <kind>archive</kind>
         <file>rtsv7M4_T_le_v4SPD16_eabi.lib</file>
         <name>copy_decompress_lzss.obj</name>
      </input_file>
      <input_file id="fl-c1">
         <path>/Applications/ti/ccsv7/tools/compiler/ti-cgt-arm_16.9.3.LTS/lib/</path>
         <kind>archive</kind>
         <file>rtsv7M4_T_le_v4SPD16_eabi.lib</file>
         <name>copy_decompress_none.obj</name>
      </input_file>
      <input_file id="fl-c2">
         <path>/Applications/ti/ccsv7/tools/compiler/ti-cgt-arm_16.9.3.LTS/lib/</path>
         <kind>archive</kind>
         <file>rtsv7M4_T_le_v4SPD16_eabi.lib</file>
         <name>copy_zero_init.obj</name>
      </input_file>
      <input_file id="fl-c3">
         <path>/Applications/ti/ccsv7/tools/compiler/ti-cgt-arm_16.9.3.LTS/lib/</path>
         <kind>archive</kind>
         <file>rtsv7M4_T_le_v4SPD16_eabi.lib</file>
         <name>exit.obj</name>
      </input_file>
      <input_file id="fl-c4">
         <path>/Applications/ti/ccsv7/tools/compiler/ti-cgt-arm_16.9.3.LTS/lib/</path>
         <kind>archive</kind>
         <file>rtsv7M4_T_le_v4SPD16_eabi.lib</file>
         <name>memcpy_t2.obj</name>
      </input_file>
      <input_file id="fl-c5">
         <path>/Applications/ti/ccsv7/tools/compiler/ti-cgt-arm_16.9.3.LTS/lib/</path>
         <kind>archive</kind>
         <file>rtsv7M4_T_le_v4SPD16_eabi.lib</file>
         <name>memset_t2.obj</name>
      </input_file>
      <input_file id="fl-c6">
         <path>/Applications/ti/ccsv7/tools/compiler/ti-cgt-arm_16.9.3.LTS/lib/</path>
         <kind>archive</kind>
         <file>rtsv7M4_T_le_v4SPD16_eabi.lib</file>
         <name>mpu_init.obj</name>
      </input_file>
      <input_file id="fl-c7">
         <path>/Applications/ti/ccsv7/tools/compiler/ti-cgt-arm_16.9.3.LTS/lib/</path>
         <kind>archive</kind>
         <file>rtsv7M4_T_le_v4SPD16_eabi.lib</file>
         <name>pre_init.obj</name>
      </input_file>
      <input_file id="fl-c8">
         <path>/Applications/ti/ccsv7/tools/compiler/ti-cgt-arm_16.9.3.LTS/lib/</path>
         <kind>archive</kind>
         <file>rtsv7M4_T_le_v4SPD16_eabi.lib</file>
         <name>stkdepth_vars.obj</name>
      </input_file>
      <input_file id="fl-c9">
         <path>/Applications/ti/ccsv7/tools/compiler/ti-cgt-arm_16.9.3.LTS/lib/</path>
         <kind>archive</kind>
         <file>rtsv7M4_T_le_v4SPD16_eabi.lib</file>
         <name>_lock.obj</name>
      </input_file>
      <input_file id="fl-ca">
         <path>/Applications/ti/ccsv7/tools/compiler/ti-cgt-arm_16.9.3.LTS/lib/</path>
         <kind>archive</kind>
         <file>rtsv7M4_T_le_v4SPD16_eabi.lib</file>
         <name>args_main.obj</name>
      </input_file>
      <input_file id="fl-cb">
         <path>/Applications/ti/ccsv7/tools/compiler/ti-cgt-arm_16.9.3.LTS/lib/</path>
         <kind>archive</kind>
         <file>rtsv7M4_T_le_v4SPD16_eabi.lib</file>
         <name>autoinit.obj</name>
      </input_file>
      <input_file id="fl-cc">
         <path>/Applications/ti/ccsv7/tools/compiler/ti-cgt-arm_16.9.3.LTS/lib/</path>
         <kind>archive</kind>
         <file>rtsv7M4_T_le_v4SPD16_eabi.lib</file>
         <name>cpy_tbl.obj</name>
      </input_file>
      <input_file id="fl-cd">
         <path>/Applications/ti/ccsv7/tools/compiler/ti-cgt-arm_16.9.3.LTS/lib/</path>
         <kind>archive</kind>
         <file>rtsv7M4_T_le_v4SPD16_eabi.lib</file>
         <name>startup.obj</name>
      </input_file>
   </input_file_list>
   <object_component_list>
      <object_component id="oc-2c">
         <name>.intvecs:retain</name>
         <load_address>0x0</load_address>
         <run_address>0x0</run_address>
         <size>0xe4</size>
         <input_file_ref idref="fl-4"/>
      </object_component>
      <object_component id="oc-b7">
         <name>.text</name>
         <load_address>0xe4</load_address>
         <run_address>0xe4</run_address>
         <size>0x32c</size>
         <input_file_ref idref="fl-5"/>
      </object_component>
      <object_component id="oc-d1">
         <name>.text</name>
         <load_address>0x410</load_address>
         <run_address>0x410</run_address>
         <size>0x100</size>
         <input_file_ref idref="fl-2"/>
      </object_component>
      <object_component id="oc-a4">
         <name>.text</name>
         <load_address>0x510</load_address>
         <run_address>0x510</run_address>
         <size>0xb4</size>
         <input_file_ref idref="fl-3"/>
      </object_component>
      <object_component id="oc-3b">
         <name>.text</name>
         <load_address>0x5c4</load_address>
         <run_address>0x5c4</run_address>
         <size>0x9c</size>
         <input_file_ref idref="fl-c4"/>
      </object_component>
      <object_component id="oc-5f">
         <name>.text</name>
         <load_address>0x660</load_address>
         <run_address>0x660</run_address>
         <size>0x70</size>
         <input_file_ref idref="fl-cb"/>
      </object_component>
      <object_component id="oc-14">
         <name>.text:decompress:lzss</name>
         <load_address>0x6d0</load_address>
         <run_address>0x6d0</run_address>
         <size>0x68</size>
         <input_file_ref idref="fl-c0"/>
      </object_component>
      <object_component id="oc-26">
         <name>.text</name>
         <load_address>0x738</load_address>
         <run_address>0x738</run_address>
         <size>0x54</size>
         <input_file_ref idref="fl-bf"/>
      </object_component>
      <object_component id="oc-6b">
         <name>.text</name>
         <load_address>0x78c</load_address>
         <run_address>0x78c</run_address>
         <size>0x54</size>
         <input_file_ref idref="fl-c3"/>
      </object_component>
      <object_component id="oc-96">
         <name>.text</name>
         <load_address>0x7e0</load_address>
         <run_address>0x7e0</run_address>
         <size>0x4c</size>
         <input_file_ref idref="fl-cc"/>
      </object_component>
      <object_component id="oc-65">
         <name>.text</name>
         <load_address>0x82c</load_address>
         <run_address>0x82c</run_address>
         <size>0x18</size>
         <input_file_ref idref="fl-ca"/>
      </object_component>
      <object_component id="oc-e7">
         <name>.text</name>
         <load_address>0x844</load_address>
         <run_address>0x844</run_address>
         <size>0x14</size>
         <input_file_ref idref="fl-c9"/>
      </object_component>
      <object_component id="oc-1a">
         <name>.text:decompress:none</name>
         <load_address>0x858</load_address>
         <run_address>0x858</run_address>
         <size>0xe</size>
         <input_file_ref idref="fl-c1"/>
      </object_component>
      <object_component id="oc-75">
         <name>.text</name>
         <load_address>0x866</load_address>
         <run_address>0x866</run_address>
         <size>0xe</size>
         <input_file_ref idref="fl-4"/>
      </object_component>
      <object_component id="oc-59">
         <name>.text</name>
         <load_address>0x874</load_address>
         <run_address>0x874</run_address>
         <size>0x4</size>
         <input_file_ref idref="fl-c7"/>
      </object_component>
      <object_component id="oc-53">
         <name>.text</name>
         <load_address>0x878</load_address>
         <run_address>0x878</run_address>
         <size>0x2</size>
         <input_file_ref idref="fl-c6"/>
      </object_component>
      <object_component id="oc-9c">
         <name>.text</name>
         <load_address>0x87a</load_address>
         <run_address>0x87a</run_address>
         <size>0x2</size>
         <input_file_ref idref="fl-cd"/>
      </object_component>
      <object_component id="oc-13f">
         <name>.cinit..data.load</name>
         <load_address>0x880</load_address>
         <run_address>0x880</run_address>
         <size>0x15</size>
      </object_component>
      <object_component id="oc-13d">
         <name>__TI_handler_table</name>
         <load_address>0x898</load_address>
         <run_address>0x898</run_address>
         <size>0x8</size>
      </object_component>
      <object_component id="oc-13e">
         <name>__TI_cinit_table</name>
         <load_address>0x8a0</load_address>
         <run_address>0x8a0</run_address>
         <size>0x8</size>
      </object_component>
      <object_component id="oc-11a">
         <name>.binit</name>
         <load_address>0x0</load_address>
         <run_address>0x0</run_address>
         <size>0x0</size>
      </object_component>
      <object_component id="oc-f3">
         <name>.data</name>
         <load_address>0x20000018</load_address>
         <run_address>0x20000018</run_address>
         <size>0x4</size>
         <input_file_ref idref="fl-5"/>
      </object_component>
      <object_component id="oc-ac">
         <name>.data:$O1$$</name>
         <load_address>0x20000000</load_address>
         <run_address>0x20000000</run_address>
         <size>0xc</size>
         <input_file_ref idref="fl-c3"/>
      </object_component>
      <object_component id="oc-71">
         <name>.data</name>
         <load_address>0x20000014</load_address>
         <run_address>0x20000014</run_address>
         <size>0x4</size>
         <input_file_ref idref="fl-c8"/>
      </object_component>
      <object_component id="oc-af">
         <name>.data:$O1$$</name>
         <load_address>0x2000000c</load_address>
         <run_address>0x2000000c</run_address>
         <size>0x8</size>
         <input_file_ref idref="fl-c9"/>
      </object_component>
      <object_component id="oc-2f">
         <name>.stack</name>
         <uninitialized>true</uninitialized>
         <run_address>0x2000fe00</run_address>
         <size>0x0</size>
         <input_file_ref idref="fl-bf"/>
      </object_component>
      <object_component id="oc-140">
         <name>.stack</name>
         <uninitialized>true</uninitialized>
         <run_address>0x2000fe00</run_address>
         <size>0x0</size>
      </object_component>
      <object_component id="oc-115">
         <name>.debug_info</name>
         <load_address>0x0</load_address>
         <run_address>0x0</run_address>
         <size>0x512</size>
         <input_file_ref idref="fl-2"/>
      </object_component>
      <object_component id="oc-d2">
         <name>.debug_info</name>
         <load_address>0x512</load_address>
         <run_address>0x512</run_address>
         <size>0x182</size>
         <input_file_ref idref="fl-2"/>
      </object_component>
      <object_component id="oc-10b">
         <name>.debug_info</name>
         <load_address>0x694</load_address>
         <run_address>0x694</run_address>
         <size>0x1055</size>
         <input_file_ref idref="fl-2"/>
      </object_component>
      <object_component id="oc-106">
         <name>.debug_info</name>
         <load_address>0x16e9</load_address>
         <run_address>0x16e9</run_address>
         <size>0x37cd</size>
         <input_file_ref idref="fl-2"/>
      </object_component>
      <object_component id="oc-36">
         <name>.debug_info</name>
         <load_address>0x4eb6</load_address>
         <run_address>0x4eb6</run_address>
         <size>0x84</size>
         <input_file_ref idref="fl-2"/>
      </object_component>
      <object_component id="oc-d9">
         <name>.debug_info</name>
         <load_address>0x4f3a</load_address>
         <run_address>0x4f3a</run_address>
         <size>0x18b</size>
         <input_file_ref idref="fl-2"/>
      </object_component>
      <object_component id="oc-d8">
         <name>.debug_info</name>
         <load_address>0x50c5</load_address>
         <run_address>0x50c5</run_address>
         <size>0x567</size>
         <input_file_ref idref="fl-3"/>
      </object_component>
      <object_component id="oc-a5">
         <name>.debug_info</name>
         <load_address>0x562c</load_address>
         <run_address>0x562c</run_address>
         <size>0x1ae</size>
         <input_file_ref idref="fl-3"/>
      </object_component>
      <object_component id="oc-7d">
         <name>.debug_info</name>
         <load_address>0x57da</load_address>
         <run_address>0x57da</run_address>
         <size>0x2b1</size>
         <input_file_ref idref="fl-4"/>
      </object_component>
      <object_component id="oc-2d">
         <name>.debug_info</name>
         <load_address>0x5a8b</load_address>
         <run_address>0x5a8b</run_address>
         <size>0xef</size>
         <input_file_ref idref="fl-4"/>
      </object_component>
      <object_component id="oc-76">
         <name>.debug_info</name>
         <load_address>0x5b7a</load_address>
         <run_address>0x5b7a</run_address>
         <size>0x1b6</size>
         <input_file_ref idref="fl-4"/>
      </object_component>
      <object_component id="oc-f4">
         <name>.debug_info</name>
         <load_address>0x5d30</load_address>
         <run_address>0x5d30</run_address>
         <size>0xe8</size>
         <input_file_ref idref="fl-5"/>
      </object_component>
      <object_component id="oc-b8">
         <name>.debug_info</name>
         <load_address>0x5e18</load_address>
         <run_address>0x5e18</run_address>
         <size>0x25a</size>
         <input_file_ref idref="fl-5"/>
      </object_component>
      <object_component id="oc-27">
         <name>.debug_info</name>
         <load_address>0x6072</load_address>
         <run_address>0x6072</run_address>
         <size>0x160</size>
         <input_file_ref idref="fl-bf"/>
      </object_component>
      <object_component id="oc-83">
         <name>.debug_info</name>
         <load_address>0x61d2</load_address>
         <run_address>0x61d2</run_address>
         <size>0x293</size>
         <input_file_ref idref="fl-c0"/>
      </object_component>
      <object_component id="oc-15">
         <name>.debug_info</name>
         <load_address>0x6465</load_address>
         <run_address>0x6465</run_address>
         <size>0x245</size>
         <input_file_ref idref="fl-c0"/>
      </object_component>
      <object_component id="oc-31">
         <name>.debug_info</name>
         <load_address>0x66aa</load_address>
         <run_address>0x66aa</run_address>
         <size>0x60</size>
         <input_file_ref idref="fl-c0"/>
      </object_component>
      <object_component id="oc-7e">
         <name>.debug_info</name>
         <load_address>0x670a</load_address>
         <run_address>0x670a</run_address>
         <size>0x46</size>
         <input_file_ref idref="fl-c0"/>
      </object_component>
      <object_component id="oc-46">
         <name>.debug_info</name>
         <load_address>0x6750</load_address>
         <run_address>0x6750</run_address>
         <size>0x2da</size>
         <input_file_ref idref="fl-c1"/>
      </object_component>
      <object_component id="oc-1b">
         <name>.debug_info</name>
         <load_address>0x6a2a</load_address>
         <run_address>0x6a2a</run_address>
         <size>0x1df</size>
         <input_file_ref idref="fl-c1"/>
      </object_component>
      <object_component id="oc-41">
         <name>.debug_info</name>
         <load_address>0x6c09</load_address>
         <run_address>0x6c09</run_address>
         <size>0x46</size>
         <input_file_ref idref="fl-c1"/>
      </object_component>
      <object_component id="oc-85">
         <name>.debug_info</name>
         <load_address>0x6c4f</load_address>
         <run_address>0x6c4f</run_address>
         <size>0x2c</size>
         <input_file_ref idref="fl-c1"/>
      </object_component>
      <object_component id="oc-8d">
         <name>.debug_info</name>
         <load_address>0x6c7b</load_address>
         <run_address>0x6c7b</run_address>
         <size>0x2c</size>
         <input_file_ref idref="fl-c2"/>
      </object_component>
      <object_component id="oc-b3">
         <name>.debug_info</name>
         <load_address>0x6ca7</load_address>
         <run_address>0x6ca7</run_address>
         <size>0x3ce</size>
         <input_file_ref idref="fl-c3"/>
      </object_component>
      <object_component id="oc-ad">
         <name>.debug_info</name>
         <load_address>0x7075</load_address>
         <run_address>0x7075</run_address>
         <size>0x185</size>
         <input_file_ref idref="fl-c3"/>
      </object_component>
      <object_component id="oc-6c">
         <name>.debug_info</name>
         <load_address>0x71fa</load_address>
         <run_address>0x71fa</run_address>
         <size>0x214</size>
         <input_file_ref idref="fl-c3"/>
      </object_component>
      <object_component id="oc-3c">
         <name>.debug_info</name>
         <load_address>0x740e</load_address>
         <run_address>0x740e</run_address>
         <size>0x111</size>
         <input_file_ref idref="fl-c4"/>
      </object_component>
      <object_component id="oc-54">
         <name>.debug_info</name>
         <load_address>0x751f</load_address>
         <run_address>0x751f</run_address>
         <size>0x138</size>
         <input_file_ref idref="fl-c6"/>
      </object_component>
      <object_component id="oc-5a">
         <name>.debug_info</name>
         <load_address>0x7657</load_address>
         <run_address>0x7657</run_address>
         <size>0x148</size>
         <input_file_ref idref="fl-c7"/>
      </object_component>
      <object_component id="oc-72">
         <name>.debug_info</name>
         <load_address>0x779f</load_address>
         <run_address>0x779f</run_address>
         <size>0x109</size>
         <input_file_ref idref="fl-c8"/>
      </object_component>
      <object_component id="oc-ef">
         <name>.debug_info</name>
         <load_address>0x78a8</load_address>
         <run_address>0x78a8</run_address>
         <size>0x2be</size>
         <input_file_ref idref="fl-c9"/>
      </object_component>
      <object_component id="oc-b0">
         <name>.debug_info</name>
         <load_address>0x7b66</load_address>
         <run_address>0x7b66</run_address>
         <size>0x113</size>
         <input_file_ref idref="fl-c9"/>
      </object_component>
      <object_component id="oc-e8">
         <name>.debug_info</name>
         <load_address>0x7c79</load_address>
         <run_address>0x7c79</run_address>
         <size>0x21f</size>
         <input_file_ref idref="fl-c9"/>
      </object_component>
      <object_component id="oc-ab">
         <name>.debug_info</name>
         <load_address>0x7e98</load_address>
         <run_address>0x7e98</run_address>
         <size>0x300</size>
         <input_file_ref idref="fl-ca"/>
      </object_component>
      <object_component id="oc-67">
         <name>.debug_info</name>
         <load_address>0x8198</load_address>
         <run_address>0x8198</run_address>
         <size>0x167</size>
         <input_file_ref idref="fl-ca"/>
      </object_component>
      <object_component id="oc-e0">
         <name>.debug_info</name>
         <load_address>0x82ff</load_address>
         <run_address>0x82ff</run_address>
         <size>0x5e</size>
         <input_file_ref idref="fl-ca"/>
      </object_component>
      <object_component id="oc-a3">
         <name>.debug_info</name>
         <load_address>0x835d</load_address>
         <run_address>0x835d</run_address>
         <size>0x483</size>
         <input_file_ref idref="fl-cb"/>
      </object_component>
      <object_component id="oc-60">
         <name>.debug_info</name>
         <load_address>0x87e0</load_address>
         <run_address>0x87e0</run_address>
         <size>0x190</size>
         <input_file_ref idref="fl-cb"/>
      </object_component>
      <object_component id="oc-c7">
         <name>.debug_info</name>
         <load_address>0x8970</load_address>
         <run_address>0x8970</run_address>
         <size>0x39</size>
         <input_file_ref idref="fl-cb"/>
      </object_component>
      <object_component id="oc-fe">
         <name>.debug_info</name>
         <load_address>0x89a9</load_address>
         <run_address>0x89a9</run_address>
         <size>0x39</size>
         <input_file_ref idref="fl-cb"/>
      </object_component>
      <object_component id="oc-cc">
         <name>.debug_info</name>
         <load_address>0x89e2</load_address>
         <run_address>0x89e2</run_address>
         <size>0xcd</size>
         <input_file_ref idref="fl-cb"/>
      </object_component>
      <object_component id="oc-c3">
         <name>.debug_info</name>
         <load_address>0x8aaf</load_address>
         <run_address>0x8aaf</run_address>
         <size>0x37a</size>
         <input_file_ref idref="fl-cc"/>
      </object_component>
      <object_component id="oc-97">
         <name>.debug_info</name>
         <load_address>0x8e29</load_address>
         <run_address>0x8e29</run_address>
         <size>0x183</size>
         <input_file_ref idref="fl-cc"/>
      </object_component>
      <object_component id="oc-f9">
         <name>.debug_info</name>
         <load_address>0x8fac</load_address>
         <run_address>0x8fac</run_address>
         <size>0x2c</size>
         <input_file_ref idref="fl-cc"/>
      </object_component>
      <object_component id="oc-9f">
         <name>.debug_info</name>
         <load_address>0x8fd8</load_address>
         <run_address>0x8fd8</run_address>
         <size>0x145</size>
         <input_file_ref idref="fl-cd"/>
      </object_component>
      <object_component id="oc-141">
         <name>.debug_info</name>
         <load_address>0x911d</load_address>
         <run_address>0x911d</run_address>
         <size>0x9e</size>
      </object_component>
      <object_component id="oc-117">
         <name>.debug_line</name>
         <load_address>0x0</load_address>
         <run_address>0x0</run_address>
         <size>0x20</size>
         <input_file_ref idref="fl-2"/>
      </object_component>
      <object_component id="oc-d5">
         <name>.debug_line</name>
         <load_address>0x20</load_address>
         <run_address>0x20</run_address>
         <size>0x83</size>
         <input_file_ref idref="fl-2"/>
      </object_component>
      <object_component id="oc-10e">
         <name>.debug_line</name>
         <load_address>0xa3</load_address>
         <run_address>0xa3</run_address>
         <size>0x60</size>
         <input_file_ref idref="fl-2"/>
      </object_component>
      <object_component id="oc-109">
         <name>.debug_line</name>
         <load_address>0x103</load_address>
         <run_address>0x103</run_address>
         <size>0x5d</size>
         <input_file_ref idref="fl-2"/>
      </object_component>
      <object_component id="oc-39">
         <name>.debug_line</name>
         <load_address>0x160</load_address>
         <run_address>0x160</run_address>
         <size>0x20</size>
         <input_file_ref idref="fl-2"/>
      </object_component>
      <object_component id="oc-dc">
         <name>.debug_line</name>
         <load_address>0x180</load_address>
         <run_address>0x180</run_address>
         <size>0x70</size>
         <input_file_ref idref="fl-2"/>
      </object_component>
      <object_component id="oc-105">
         <name>.debug_line</name>
         <load_address>0x1f0</load_address>
         <run_address>0x1f0</run_address>
         <size>0x2d</size>
         <input_file_ref idref="fl-3"/>
      </object_component>
      <object_component id="oc-a8">
         <name>.debug_line</name>
         <load_address>0x21d</load_address>
         <run_address>0x21d</run_address>
         <size>0x76</size>
         <input_file_ref idref="fl-3"/>
      </object_component>
      <object_component id="oc-bf">
         <name>.debug_line</name>
         <load_address>0x293</load_address>
         <run_address>0x293</run_address>
         <size>0x40</size>
         <input_file_ref idref="fl-4"/>
      </object_component>
      <object_component id="oc-7c">
         <name>.debug_line</name>
         <load_address>0x2d3</load_address>
         <run_address>0x2d3</run_address>
         <size>0x40</size>
         <input_file_ref idref="fl-4"/>
      </object_component>
      <object_component id="oc-79">
         <name>.debug_line</name>
         <load_address>0x313</load_address>
         <run_address>0x313</run_address>
         <size>0x71</size>
         <input_file_ref idref="fl-4"/>
      </object_component>
      <object_component id="oc-114">
         <name>.debug_line</name>
         <load_address>0x384</load_address>
         <run_address>0x384</run_address>
         <size>0x3b</size>
         <input_file_ref idref="fl-5"/>
      </object_component>
      <object_component id="oc-bb">
         <name>.debug_line</name>
         <load_address>0x3bf</load_address>
         <run_address>0x3bf</run_address>
         <size>0x146</size>
         <input_file_ref idref="fl-5"/>
      </object_component>
      <object_component id="oc-2a">
         <name>.debug_line</name>
         <load_address>0x505</load_address>
         <run_address>0x505</run_address>
         <size>0x53</size>
         <input_file_ref idref="fl-bf"/>
      </object_component>
      <object_component id="oc-c1">
         <name>.debug_line</name>
         <load_address>0x558</load_address>
         <run_address>0x558</run_address>
         <size>0x20</size>
         <input_file_ref idref="fl-c0"/>
      </object_component>
      <object_component id="oc-18">
         <name>.debug_line</name>
         <load_address>0x578</load_address>
         <run_address>0x578</run_address>
         <size>0xa9</size>
         <input_file_ref idref="fl-c0"/>
      </object_component>
      <object_component id="oc-34">
         <name>.debug_line</name>
         <load_address>0x621</load_address>
         <run_address>0x621</run_address>
         <size>0x3a</size>
         <input_file_ref idref="fl-c0"/>
      </object_component>
      <object_component id="oc-81">
         <name>.debug_line</name>
         <load_address>0x65b</load_address>
         <run_address>0x65b</run_address>
         <size>0x8a</size>
         <input_file_ref idref="fl-c0"/>
      </object_component>
      <object_component id="oc-8b">
         <name>.debug_line</name>
         <load_address>0x6e5</load_address>
         <run_address>0x6e5</run_address>
         <size>0x8a</size>
         <input_file_ref idref="fl-c1"/>
      </object_component>
      <object_component id="oc-1e">
         <name>.debug_line</name>
         <load_address>0x76f</load_address>
         <run_address>0x76f</run_address>
         <size>0x55</size>
         <input_file_ref idref="fl-c1"/>
      </object_component>
      <object_component id="oc-44">
         <name>.debug_line</name>
         <load_address>0x7c4</load_address>
         <run_address>0x7c4</run_address>
         <size>0x3a</size>
         <input_file_ref idref="fl-c1"/>
      </object_component>
      <object_component id="oc-88">
         <name>.debug_line</name>
         <load_address>0x7fe</load_address>
         <run_address>0x7fe</run_address>
         <size>0x8a</size>
         <input_file_ref idref="fl-c1"/>
      </object_component>
      <object_component id="oc-90">
         <name>.debug_line</name>
         <load_address>0x888</load_address>
         <run_address>0x888</run_address>
         <size>0x8a</size>
         <input_file_ref idref="fl-c2"/>
      </object_component>
      <object_component id="oc-f2">
         <name>.debug_line</name>
         <load_address>0x912</load_address>
         <run_address>0x912</run_address>
         <size>0xf2</size>
         <input_file_ref idref="fl-c3"/>
      </object_component>
      <object_component id="oc-e6">
         <name>.debug_line</name>
         <load_address>0xa04</load_address>
         <run_address>0xa04</run_address>
         <size>0x2a</size>
         <input_file_ref idref="fl-c3"/>
      </object_component>
      <object_component id="oc-6f">
         <name>.debug_line</name>
         <load_address>0xa2e</load_address>
         <run_address>0xa2e</run_address>
         <size>0x86</size>
         <input_file_ref idref="fl-c3"/>
      </object_component>
      <object_component id="oc-3f">
         <name>.debug_line</name>
         <load_address>0xab4</load_address>
         <run_address>0xab4</run_address>
         <size>0x88</size>
         <input_file_ref idref="fl-c4"/>
      </object_component>
      <object_component id="oc-57">
         <name>.debug_line</name>
         <load_address>0xb3c</load_address>
         <run_address>0xb3c</run_address>
         <size>0x3d</size>
         <input_file_ref idref="fl-c6"/>
      </object_component>
      <object_component id="oc-5d">
         <name>.debug_line</name>
         <load_address>0xb79</load_address>
         <run_address>0xb79</run_address>
         <size>0x40</size>
         <input_file_ref idref="fl-c7"/>
      </object_component>
      <object_component id="oc-b6">
         <name>.debug_line</name>
         <load_address>0xbb9</load_address>
         <run_address>0xbb9</run_address>
         <size>0x33</size>
         <input_file_ref idref="fl-c8"/>
      </object_component>
      <object_component id="oc-112">
         <name>.debug_line</name>
         <load_address>0xbec</load_address>
         <run_address>0xbec</run_address>
         <size>0x20</size>
         <input_file_ref idref="fl-c9"/>
      </object_component>
      <object_component id="oc-ee">
         <name>.debug_line</name>
         <load_address>0xc0c</load_address>
         <run_address>0xc0c</run_address>
         <size>0x2b</size>
         <input_file_ref idref="fl-c9"/>
      </object_component>
      <object_component id="oc-eb">
         <name>.debug_line</name>
         <load_address>0xc37</load_address>
         <run_address>0xc37</run_address>
         <size>0x68</size>
         <input_file_ref idref="fl-c9"/>
      </object_component>
      <object_component id="oc-df">
         <name>.debug_line</name>
         <load_address>0xc9f</load_address>
         <run_address>0xc9f</run_address>
         <size>0x2b</size>
         <input_file_ref idref="fl-ca"/>
      </object_component>
      <object_component id="oc-69">
         <name>.debug_line</name>
         <load_address>0xcca</load_address>
         <run_address>0xcca</run_address>
         <size>0x4a</size>
         <input_file_ref idref="fl-ca"/>
      </object_component>
      <object_component id="oc-e3">
         <name>.debug_line</name>
         <load_address>0xd14</load_address>
         <run_address>0xd14</run_address>
         <size>0x2b</size>
         <input_file_ref idref="fl-ca"/>
      </object_component>
      <object_component id="oc-c6">
         <name>.debug_line</name>
         <load_address>0xd3f</load_address>
         <run_address>0xd3f</run_address>
         <size>0xa9</size>
         <input_file_ref idref="fl-cb"/>
      </object_component>
      <object_component id="oc-63">
         <name>.debug_line</name>
         <load_address>0xde8</load_address>
         <run_address>0xde8</run_address>
         <size>0x8b</size>
         <input_file_ref idref="fl-cb"/>
      </object_component>
      <object_component id="oc-ca">
         <name>.debug_line</name>
         <load_address>0xe73</load_address>
         <run_address>0xe73</run_address>
         <size>0x2e</size>
         <input_file_ref idref="fl-cb"/>
      </object_component>
      <object_component id="oc-101">
         <name>.debug_line</name>
         <load_address>0xea1</load_address>
         <run_address>0xea1</run_address>
         <size>0x8a</size>
         <input_file_ref idref="fl-cb"/>
      </object_component>
      <object_component id="oc-cf">
         <name>.debug_line</name>
         <load_address>0xf2b</load_address>
         <run_address>0xf2b</run_address>
         <size>0x8b</size>
         <input_file_ref idref="fl-cb"/>
      </object_component>
      <object_component id="oc-f8">
         <name>.debug_line</name>
         <load_address>0xfb6</load_address>
         <run_address>0xfb6</run_address>
         <size>0x98</size>
         <input_file_ref idref="fl-cc"/>
      </object_component>
      <object_component id="oc-9a">
         <name>.debug_line</name>
         <load_address>0x104e</load_address>
         <run_address>0x104e</run_address>
         <size>0x68</size>
         <input_file_ref idref="fl-cc"/>
      </object_component>
      <object_component id="oc-fc">
         <name>.debug_line</name>
         <load_address>0x10b6</load_address>
         <run_address>0x10b6</run_address>
         <size>0x2e</size>
         <input_file_ref idref="fl-cc"/>
      </object_component>
      <object_component id="oc-9e">
         <name>.debug_line</name>
         <load_address>0x10e4</load_address>
         <run_address>0x10e4</run_address>
         <size>0x3c</size>
         <input_file_ref idref="fl-cd"/>
      </object_component>
      <object_component id="oc-d6">
         <name>.debug_frame</name>
         <load_address>0x0</load_address>
         <run_address>0x0</run_address>
         <size>0x6e</size>
         <input_file_ref idref="fl-2"/>
      </object_component>
      <object_component id="oc-a9">
         <name>.debug_frame</name>
         <load_address>0x6e</load_address>
         <run_address>0x6e</run_address>
         <size>0x5a</size>
         <input_file_ref idref="fl-3"/>
      </object_component>
      <object_component id="oc-7a">
         <name>.debug_frame</name>
         <load_address>0xc8</load_address>
         <run_address>0xc8</run_address>
         <size>0x69</size>
         <input_file_ref idref="fl-4"/>
      </object_component>
      <object_component id="oc-bc">
         <name>.debug_frame</name>
         <load_address>0x131</load_address>
         <run_address>0x131</run_address>
         <size>0x6a</size>
         <input_file_ref idref="fl-5"/>
      </object_component>
      <object_component id="oc-19">
         <name>.debug_frame</name>
         <load_address>0x19b</load_address>
         <run_address>0x19b</run_address>
         <size>0x60</size>
         <input_file_ref idref="fl-c0"/>
      </object_component>
      <object_component id="oc-1f">
         <name>.debug_frame</name>
         <load_address>0x1fb</load_address>
         <run_address>0x1fb</run_address>
         <size>0x51</size>
         <input_file_ref idref="fl-c1"/>
      </object_component>
      <object_component id="oc-70">
         <name>.debug_frame</name>
         <load_address>0x24c</load_address>
         <run_address>0x24c</run_address>
         <size>0x85</size>
         <input_file_ref idref="fl-c3"/>
      </object_component>
      <object_component id="oc-58">
         <name>.debug_frame</name>
         <load_address>0x2d1</load_address>
         <run_address>0x2d1</run_address>
         <size>0x51</size>
         <input_file_ref idref="fl-c6"/>
      </object_component>
      <object_component id="oc-5e">
         <name>.debug_frame</name>
         <load_address>0x322</load_address>
         <run_address>0x322</run_address>
         <size>0x51</size>
         <input_file_ref idref="fl-c7"/>
      </object_component>
      <object_component id="oc-ec">
         <name>.debug_frame</name>
         <load_address>0x373</load_address>
         <run_address>0x373</run_address>
         <size>0x73</size>
         <input_file_ref idref="fl-c9"/>
      </object_component>
      <object_component id="oc-6a">
         <name>.debug_frame</name>
         <load_address>0x3e6</load_address>
         <run_address>0x3e6</run_address>
         <size>0x51</size>
         <input_file_ref idref="fl-ca"/>
      </object_component>
      <object_component id="oc-64">
         <name>.debug_frame</name>
         <load_address>0x437</load_address>
         <run_address>0x437</run_address>
         <size>0x5c</size>
         <input_file_ref idref="fl-cb"/>
      </object_component>
      <object_component id="oc-9b">
         <name>.debug_frame</name>
         <load_address>0x493</load_address>
         <run_address>0x493</run_address>
         <size>0x60</size>
         <input_file_ref idref="fl-cc"/>
      </object_component>
      <object_component id="oc-9d">
         <name>.debug_frame</name>
         <load_address>0x4f3</load_address>
         <run_address>0x4f3</run_address>
         <size>0x51</size>
         <input_file_ref idref="fl-cd"/>
      </object_component>
      <object_component id="oc-116">
         <name>.debug_abbrev</name>
         <load_address>0x0</load_address>
         <run_address>0x0</run_address>
         <size>0x68</size>
         <input_file_ref idref="fl-2"/>
      </object_component>
      <object_component id="oc-103">
         <name>.debug_abbrev</name>
         <load_address>0x68</load_address>
         <run_address>0x68</run_address>
         <size>0x5e</size>
         <input_file_ref idref="fl-2"/>
      </object_component>
      <object_component id="oc-10d">
         <name>.debug_abbrev</name>
         <load_address>0xc6</load_address>
         <run_address>0xc6</run_address>
         <size>0x97</size>
         <input_file_ref idref="fl-2"/>
      </object_component>
      <object_component id="oc-108">
         <name>.debug_abbrev</name>
         <load_address>0x15d</load_address>
         <run_address>0x15d</run_address>
         <size>0xbd</size>
         <input_file_ref idref="fl-2"/>
      </object_component>
      <object_component id="oc-38">
         <name>.debug_abbrev</name>
         <load_address>0x21a</load_address>
         <run_address>0x21a</run_address>
         <size>0x1f</size>
         <input_file_ref idref="fl-2"/>
      </object_component>
      <object_component id="oc-db">
         <name>.debug_abbrev</name>
         <load_address>0x239</load_address>
         <run_address>0x239</run_address>
         <size>0x35</size>
         <input_file_ref idref="fl-2"/>
      </object_component>
      <object_component id="oc-104">
         <name>.debug_abbrev</name>
         <load_address>0x26e</load_address>
         <run_address>0x26e</run_address>
         <size>0x85</size>
         <input_file_ref idref="fl-3"/>
      </object_component>
      <object_component id="oc-d7">
         <name>.debug_abbrev</name>
         <load_address>0x2f3</load_address>
         <run_address>0x2f3</run_address>
         <size>0x60</size>
         <input_file_ref idref="fl-3"/>
      </object_component>
      <object_component id="oc-be">
         <name>.debug_abbrev</name>
         <load_address>0x353</load_address>
         <run_address>0x353</run_address>
         <size>0x73</size>
         <input_file_ref idref="fl-4"/>
      </object_component>
      <object_component id="oc-7b">
         <name>.debug_abbrev</name>
         <load_address>0x3c6</load_address>
         <run_address>0x3c6</run_address>
         <size>0x29</size>
         <input_file_ref idref="fl-4"/>
      </object_component>
      <object_component id="oc-bd">
         <name>.debug_abbrev</name>
         <load_address>0x3ef</load_address>
         <run_address>0x3ef</run_address>
         <size>0x89</size>
         <input_file_ref idref="fl-4"/>
      </object_component>
      <object_component id="oc-113">
         <name>.debug_abbrev</name>
         <load_address>0x478</load_address>
         <run_address>0x478</run_address>
         <size>0x29</size>
         <input_file_ref idref="fl-5"/>
      </object_component>
      <object_component id="oc-f6">
         <name>.debug_abbrev</name>
         <load_address>0x4a1</load_address>
         <run_address>0x4a1</run_address>
         <size>0x8b</size>
         <input_file_ref idref="fl-5"/>
      </object_component>
      <object_component id="oc-74">
         <name>.debug_abbrev</name>
         <load_address>0x52c</load_address>
         <run_address>0x52c</run_address>
         <size>0x3e</size>
         <input_file_ref idref="fl-bf"/>
      </object_component>
      <object_component id="oc-c0">
         <name>.debug_abbrev</name>
         <load_address>0x56a</load_address>
         <run_address>0x56a</run_address>
         <size>0x37</size>
         <input_file_ref idref="fl-c0"/>
      </object_component>
      <object_component id="oc-30">
         <name>.debug_abbrev</name>
         <load_address>0x5a1</load_address>
         <run_address>0x5a1</run_address>
         <size>0x6f</size>
         <input_file_ref idref="fl-c0"/>
      </object_component>
      <object_component id="oc-33">
         <name>.debug_abbrev</name>
         <load_address>0x610</load_address>
         <run_address>0x610</run_address>
         <size>0x24</size>
         <input_file_ref idref="fl-c0"/>
      </object_component>
      <object_component id="oc-80">
         <name>.debug_abbrev</name>
         <load_address>0x634</load_address>
         <run_address>0x634</run_address>
         <size>0x35</size>
         <input_file_ref idref="fl-c0"/>
      </object_component>
      <object_component id="oc-8a">
         <name>.debug_abbrev</name>
         <load_address>0x669</load_address>
         <run_address>0x669</run_address>
         <size>0x5d</size>
         <input_file_ref idref="fl-c1"/>
      </object_component>
      <object_component id="oc-40">
         <name>.debug_abbrev</name>
         <load_address>0x6c6</load_address>
         <run_address>0x6c6</run_address>
         <size>0x74</size>
         <input_file_ref idref="fl-c1"/>
      </object_component>
      <object_component id="oc-43">
         <name>.debug_abbrev</name>
         <load_address>0x73a</load_address>
         <run_address>0x73a</run_address>
         <size>0x24</size>
         <input_file_ref idref="fl-c1"/>
      </object_component>
      <object_component id="oc-87">
         <name>.debug_abbrev</name>
         <load_address>0x75e</load_address>
         <run_address>0x75e</run_address>
         <size>0x24</size>
         <input_file_ref idref="fl-c1"/>
      </object_component>
      <object_component id="oc-8f">
         <name>.debug_abbrev</name>
         <load_address>0x782</load_address>
         <run_address>0x782</run_address>
         <size>0x24</size>
         <input_file_ref idref="fl-c2"/>
      </object_component>
      <object_component id="oc-f1">
         <name>.debug_abbrev</name>
         <load_address>0x7a6</load_address>
         <run_address>0x7a6</run_address>
         <size>0xb3</size>
         <input_file_ref idref="fl-c3"/>
      </object_component>
      <object_component id="oc-e5">
         <name>.debug_abbrev</name>
         <load_address>0x859</load_address>
         <run_address>0x859</run_address>
         <size>0x29</size>
         <input_file_ref idref="fl-c3"/>
      </object_component>
      <object_component id="oc-b2">
         <name>.debug_abbrev</name>
         <load_address>0x882</load_address>
         <run_address>0x882</run_address>
         <size>0xba</size>
         <input_file_ref idref="fl-c3"/>
      </object_component>
      <object_component id="oc-84">
         <name>.debug_abbrev</name>
         <load_address>0x93c</load_address>
         <run_address>0x93c</run_address>
         <size>0x3e</size>
         <input_file_ref idref="fl-c4"/>
      </object_component>
      <object_component id="oc-94">
         <name>.debug_abbrev</name>
         <load_address>0x97a</load_address>
         <run_address>0x97a</run_address>
         <size>0x53</size>
         <input_file_ref idref="fl-c6"/>
      </object_component>
      <object_component id="oc-95">
         <name>.debug_abbrev</name>
         <load_address>0x9cd</load_address>
         <run_address>0x9cd</run_address>
         <size>0x55</size>
         <input_file_ref idref="fl-c7"/>
      </object_component>
      <object_component id="oc-b5">
         <name>.debug_abbrev</name>
         <load_address>0xa22</load_address>
         <run_address>0xa22</run_address>
         <size>0x27</size>
         <input_file_ref idref="fl-c8"/>
      </object_component>
      <object_component id="oc-111">
         <name>.debug_abbrev</name>
         <load_address>0xa49</load_address>
         <run_address>0xa49</run_address>
         <size>0x50</size>
         <input_file_ref idref="fl-c9"/>
      </object_component>
      <object_component id="oc-ed">
         <name>.debug_abbrev</name>
         <load_address>0xa99</load_address>
         <run_address>0xa99</run_address>
         <size>0x29</size>
         <input_file_ref idref="fl-c9"/>
      </object_component>
      <object_component id="oc-110">
         <name>.debug_abbrev</name>
         <load_address>0xac2</load_address>
         <run_address>0xac2</run_address>
         <size>0x6f</size>
         <input_file_ref idref="fl-c9"/>
      </object_component>
      <object_component id="oc-de">
         <name>.debug_abbrev</name>
         <load_address>0xb31</load_address>
         <run_address>0xb31</run_address>
         <size>0x99</size>
         <input_file_ref idref="fl-ca"/>
      </object_component>
      <object_component id="oc-aa">
         <name>.debug_abbrev</name>
         <load_address>0xbca</load_address>
         <run_address>0xbca</run_address>
         <size>0x68</size>
         <input_file_ref idref="fl-ca"/>
      </object_component>
      <object_component id="oc-e2">
         <name>.debug_abbrev</name>
         <load_address>0xc32</load_address>
         <run_address>0xc32</run_address>
         <size>0x49</size>
         <input_file_ref idref="fl-ca"/>
      </object_component>
      <object_component id="oc-c5">
         <name>.debug_abbrev</name>
         <load_address>0xc7b</load_address>
         <run_address>0xc7b</run_address>
         <size>0xb9</size>
         <input_file_ref idref="fl-cb"/>
      </object_component>
      <object_component id="oc-a2">
         <name>.debug_abbrev</name>
         <load_address>0xd34</load_address>
         <run_address>0xd34</run_address>
         <size>0x7e</size>
         <input_file_ref idref="fl-cb"/>
      </object_component>
      <object_component id="oc-c9">
         <name>.debug_abbrev</name>
         <load_address>0xdb2</load_address>
         <run_address>0xdb2</run_address>
         <size>0x24</size>
         <input_file_ref idref="fl-cb"/>
      </object_component>
      <object_component id="oc-100">
         <name>.debug_abbrev</name>
         <load_address>0xdd6</load_address>
         <run_address>0xdd6</run_address>
         <size>0x24</size>
         <input_file_ref idref="fl-cb"/>
      </object_component>
      <object_component id="oc-ce">
         <name>.debug_abbrev</name>
         <load_address>0xdfa</load_address>
         <run_address>0xdfa</run_address>
         <size>0x4b</size>
         <input_file_ref idref="fl-cb"/>
      </object_component>
      <object_component id="oc-f7">
         <name>.debug_abbrev</name>
         <load_address>0xe45</load_address>
         <run_address>0xe45</run_address>
         <size>0xa7</size>
         <input_file_ref idref="fl-cc"/>
      </object_component>
      <object_component id="oc-c2">
         <name>.debug_abbrev</name>
         <load_address>0xeec</load_address>
         <run_address>0xeec</run_address>
         <size>0x8c</size>
         <input_file_ref idref="fl-cc"/>
      </object_component>
      <object_component id="oc-fb">
         <name>.debug_abbrev</name>
         <load_address>0xf78</load_address>
         <run_address>0xf78</run_address>
         <size>0x24</size>
         <input_file_ref idref="fl-cc"/>
      </object_component>
      <object_component id="oc-c4">
         <name>.debug_abbrev</name>
         <load_address>0xf9c</load_address>
         <run_address>0xf9c</run_address>
         <size>0x53</size>
         <input_file_ref idref="fl-cd"/>
      </object_component>
      <object_component id="oc-142">
         <name>.debug_abbrev</name>
         <load_address>0xfef</load_address>
         <run_address>0xfef</run_address>
         <size>0xf</size>
      </object_component>
      <object_component id="oc-10f">
         <name>.debug_str</name>
         <load_address>0x0</load_address>
         <run_address>0x0</run_address>
         <size>0x486</size>
         <input_file_ref idref="fl-2"/>
      </object_component>
      <object_component id="oc-10a">
         <name>.debug_str</name>
         <load_address>0x486</load_address>
         <run_address>0x486</run_address>
         <size>0x15ca</size>
         <input_file_ref idref="fl-2"/>
      </object_component>
      <object_component id="oc-3a">
         <name>.debug_str</name>
         <load_address>0x1a50</load_address>
         <run_address>0x1a50</run_address>
         <size>0xfc</size>
         <input_file_ref idref="fl-2"/>
      </object_component>
      <object_component id="oc-dd">
         <name>.debug_str</name>
         <load_address>0x1b4c</load_address>
         <run_address>0x1b4c</run_address>
         <size>0x220</size>
         <input_file_ref idref="fl-2"/>
      </object_component>
      <object_component id="oc-35">
         <name>.debug_str</name>
         <load_address>0x1d6c</load_address>
         <run_address>0x1d6c</run_address>
         <size>0x10d</size>
         <input_file_ref idref="fl-c0"/>
      </object_component>
      <object_component id="oc-82">
         <name>.debug_str</name>
         <load_address>0x1e79</load_address>
         <run_address>0x1e79</run_address>
         <size>0x14a</size>
         <input_file_ref idref="fl-c0"/>
      </object_component>
      <object_component id="oc-45">
         <name>.debug_str</name>
         <load_address>0x1fc3</load_address>
         <run_address>0x1fc3</run_address>
         <size>0x100</size>
         <input_file_ref idref="fl-c1"/>
      </object_component>
      <object_component id="oc-89">
         <name>.debug_str</name>
         <load_address>0x20c3</load_address>
         <run_address>0x20c3</run_address>
         <size>0x12d</size>
         <input_file_ref idref="fl-c1"/>
      </object_component>
      <object_component id="oc-91">
         <name>.debug_str</name>
         <load_address>0x21f0</load_address>
         <run_address>0x21f0</run_address>
         <size>0x12d</size>
         <input_file_ref idref="fl-c2"/>
      </object_component>
      <object_component id="oc-e4">
         <name>.debug_str</name>
         <load_address>0x231d</load_address>
         <run_address>0x231d</run_address>
         <size>0xd6</size>
         <input_file_ref idref="fl-ca"/>
      </object_component>
      <object_component id="oc-cb">
         <name>.debug_str</name>
         <load_address>0x23f3</load_address>
         <run_address>0x23f3</run_address>
         <size>0xe2</size>
         <input_file_ref idref="fl-cb"/>
      </object_component>
      <object_component id="oc-102">
         <name>.debug_str</name>
         <load_address>0x24d5</load_address>
         <run_address>0x24d5</run_address>
         <size>0x138</size>
         <input_file_ref idref="fl-cb"/>
      </object_component>
      <object_component id="oc-d0">
         <name>.debug_str</name>
         <load_address>0x260d</load_address>
         <run_address>0x260d</run_address>
         <size>0x184</size>
         <input_file_ref idref="fl-cb"/>
      </object_component>
      <object_component id="oc-fd">
         <name>.debug_str</name>
         <load_address>0x2791</load_address>
         <run_address>0x2791</run_address>
         <size>0xd7</size>
         <input_file_ref idref="fl-cc"/>
      </object_component>
      <object_component id="oc-d3">
         <name>.debug_aranges</name>
         <load_address>0x0</load_address>
         <run_address>0x0</run_address>
         <size>0x28</size>
         <input_file_ref idref="fl-2"/>
      </object_component>
      <object_component id="oc-a6">
         <name>.debug_aranges</name>
         <load_address>0x28</load_address>
         <run_address>0x28</run_address>
         <size>0x20</size>
         <input_file_ref idref="fl-3"/>
      </object_component>
      <object_component id="oc-77">
         <name>.debug_aranges</name>
         <load_address>0x48</load_address>
         <run_address>0x48</run_address>
         <size>0x28</size>
         <input_file_ref idref="fl-4"/>
      </object_component>
      <object_component id="oc-b9">
         <name>.debug_aranges</name>
         <load_address>0x70</load_address>
         <run_address>0x70</run_address>
         <size>0x28</size>
         <input_file_ref idref="fl-5"/>
      </object_component>
      <object_component id="oc-28">
         <name>.debug_aranges</name>
         <load_address>0x98</load_address>
         <run_address>0x98</run_address>
         <size>0x20</size>
         <input_file_ref idref="fl-bf"/>
      </object_component>
      <object_component id="oc-16">
         <name>.debug_aranges</name>
         <load_address>0xb8</load_address>
         <run_address>0xb8</run_address>
         <size>0x20</size>
         <input_file_ref idref="fl-c0"/>
      </object_component>
      <object_component id="oc-1c">
         <name>.debug_aranges</name>
         <load_address>0xd8</load_address>
         <run_address>0xd8</run_address>
         <size>0x20</size>
         <input_file_ref idref="fl-c1"/>
      </object_component>
      <object_component id="oc-6d">
         <name>.debug_aranges</name>
         <load_address>0xf8</load_address>
         <run_address>0xf8</run_address>
         <size>0x30</size>
         <input_file_ref idref="fl-c3"/>
      </object_component>
      <object_component id="oc-3d">
         <name>.debug_aranges</name>
         <load_address>0x128</load_address>
         <run_address>0x128</run_address>
         <size>0x20</size>
         <input_file_ref idref="fl-c4"/>
      </object_component>
      <object_component id="oc-55">
         <name>.debug_aranges</name>
         <load_address>0x148</load_address>
         <run_address>0x148</run_address>
         <size>0x20</size>
         <input_file_ref idref="fl-c6"/>
      </object_component>
      <object_component id="oc-5b">
         <name>.debug_aranges</name>
         <load_address>0x168</load_address>
         <run_address>0x168</run_address>
         <size>0x20</size>
         <input_file_ref idref="fl-c7"/>
      </object_component>
      <object_component id="oc-ea">
         <name>.debug_aranges</name>
         <load_address>0x188</load_address>
         <run_address>0x188</run_address>
         <size>0x30</size>
         <input_file_ref idref="fl-c9"/>
      </object_component>
      <object_component id="oc-66">
         <name>.debug_aranges</name>
         <load_address>0x1b8</load_address>
         <run_address>0x1b8</run_address>
         <size>0x20</size>
         <input_file_ref idref="fl-ca"/>
      </object_component>
      <object_component id="oc-61">
         <name>.debug_aranges</name>
         <load_address>0x1d8</load_address>
         <run_address>0x1d8</run_address>
         <size>0x20</size>
         <input_file_ref idref="fl-cb"/>
      </object_component>
      <object_component id="oc-98">
         <name>.debug_aranges</name>
         <load_address>0x1f8</load_address>
         <run_address>0x1f8</run_address>
         <size>0x20</size>
         <input_file_ref idref="fl-cc"/>
      </object_component>
      <object_component id="oc-a0">
         <name>.debug_aranges</name>
         <load_address>0x218</load_address>
         <run_address>0x218</run_address>
         <size>0x20</size>
         <input_file_ref idref="fl-cd"/>
      </object_component>
      <object_component id="oc-d4">
         <name>.debug_pubnames</name>
         <load_address>0x0</load_address>
         <run_address>0x0</run_address>
         <size>0x3c</size>
         <input_file_ref idref="fl-2"/>
      </object_component>
      <object_component id="oc-a7">
         <name>.debug_pubnames</name>
         <load_address>0x3c</load_address>
         <run_address>0x3c</run_address>
         <size>0x1b</size>
         <input_file_ref idref="fl-3"/>
      </object_component>
      <object_component id="oc-2e">
         <name>.debug_pubnames</name>
         <load_address>0x57</load_address>
         <run_address>0x57</run_address>
         <size>0x27</size>
         <input_file_ref idref="fl-4"/>
      </object_component>
      <object_component id="oc-78">
         <name>.debug_pubnames</name>
         <load_address>0x7e</load_address>
         <run_address>0x7e</run_address>
         <size>0x38</size>
         <input_file_ref idref="fl-4"/>
      </object_component>
      <object_component id="oc-f5">
         <name>.debug_pubnames</name>
         <load_address>0xb6</load_address>
         <run_address>0xb6</run_address>
         <size>0x26</size>
         <input_file_ref idref="fl-5"/>
      </object_component>
      <object_component id="oc-ba">
         <name>.debug_pubnames</name>
         <load_address>0xdc</load_address>
         <run_address>0xdc</run_address>
         <size>0x3b</size>
         <input_file_ref idref="fl-5"/>
      </object_component>
      <object_component id="oc-29">
         <name>.debug_pubnames</name>
         <load_address>0x117</load_address>
         <run_address>0x117</run_address>
         <size>0x1f</size>
         <input_file_ref idref="fl-bf"/>
      </object_component>
      <object_component id="oc-17">
         <name>.debug_pubnames</name>
         <load_address>0x136</load_address>
         <run_address>0x136</run_address>
         <size>0x2b</size>
         <input_file_ref idref="fl-c0"/>
      </object_component>
      <object_component id="oc-1d">
         <name>.debug_pubnames</name>
         <load_address>0x161</load_address>
         <run_address>0x161</run_address>
         <size>0x2b</size>
         <input_file_ref idref="fl-c1"/>
      </object_component>
      <object_component id="oc-ae">
         <name>.debug_pubnames</name>
         <load_address>0x18c</load_address>
         <run_address>0x18c</run_address>
         <size>0x5e</size>
         <input_file_ref idref="fl-c3"/>
      </object_component>
      <object_component id="oc-6e">
         <name>.debug_pubnames</name>
         <load_address>0x1ea</load_address>
         <run_address>0x1ea</run_address>
         <size>0x35</size>
         <input_file_ref idref="fl-c3"/>
      </object_component>
      <object_component id="oc-3e">
         <name>.debug_pubnames</name>
         <load_address>0x21f</load_address>
         <run_address>0x21f</run_address>
         <size>0x1d</size>
         <input_file_ref idref="fl-c4"/>
      </object_component>
      <object_component id="oc-56">
         <name>.debug_pubnames</name>
         <load_address>0x23c</load_address>
         <run_address>0x23c</run_address>
         <size>0x21</size>
         <input_file_ref idref="fl-c6"/>
      </object_component>
      <object_component id="oc-5c">
         <name>.debug_pubnames</name>
         <load_address>0x25d</load_address>
         <run_address>0x25d</run_address>
         <size>0x27</size>
         <input_file_ref idref="fl-c7"/>
      </object_component>
      <object_component id="oc-73">
         <name>.debug_pubnames</name>
         <load_address>0x284</load_address>
         <run_address>0x284</run_address>
         <size>0x23</size>
         <input_file_ref idref="fl-c8"/>
      </object_component>
      <object_component id="oc-b1">
         <name>.debug_pubnames</name>
         <load_address>0x2a7</load_address>
         <run_address>0x2a7</run_address>
         <size>0x28</size>
         <input_file_ref idref="fl-c9"/>
      </object_component>
      <object_component id="oc-e9">
         <name>.debug_pubnames</name>
         <load_address>0x2cf</load_address>
         <run_address>0x2cf</run_address>
         <size>0x43</size>
         <input_file_ref idref="fl-c9"/>
      </object_component>
      <object_component id="oc-68">
         <name>.debug_pubnames</name>
         <load_address>0x312</load_address>
         <run_address>0x312</run_address>
         <size>0x21</size>
         <input_file_ref idref="fl-ca"/>
      </object_component>
      <object_component id="oc-62">
         <name>.debug_pubnames</name>
         <load_address>0x333</load_address>
         <run_address>0x333</run_address>
         <size>0x25</size>
         <input_file_ref idref="fl-cb"/>
      </object_component>
      <object_component id="oc-99">
         <name>.debug_pubnames</name>
         <load_address>0x358</load_address>
         <run_address>0x358</run_address>
         <size>0x1e</size>
         <input_file_ref idref="fl-cc"/>
      </object_component>
      <object_component id="oc-a1">
         <name>.debug_pubnames</name>
         <load_address>0x376</load_address>
         <run_address>0x376</run_address>
         <size>0x29</size>
         <input_file_ref idref="fl-cd"/>
      </object_component>
      <object_component id="oc-10c">
         <name>.debug_pubtypes</name>
         <load_address>0x0</load_address>
         <run_address>0x0</run_address>
         <size>0xdd</size>
         <input_file_ref idref="fl-2"/>
      </object_component>
      <object_component id="oc-107">
         <name>.debug_pubtypes</name>
         <load_address>0xdd</load_address>
         <run_address>0xdd</run_address>
         <size>0x2ce</size>
         <input_file_ref idref="fl-2"/>
      </object_component>
      <object_component id="oc-37">
         <name>.debug_pubtypes</name>
         <load_address>0x3ab</load_address>
         <run_address>0x3ab</run_address>
         <size>0xed</size>
         <input_file_ref idref="fl-2"/>
      </object_component>
      <object_component id="oc-da">
         <name>.debug_pubtypes</name>
         <load_address>0x498</load_address>
         <run_address>0x498</run_address>
         <size>0x1c6</size>
         <input_file_ref idref="fl-2"/>
      </object_component>
      <object_component id="oc-32">
         <name>.debug_pubtypes</name>
         <load_address>0x65e</load_address>
         <run_address>0x65e</run_address>
         <size>0x5d</size>
         <input_file_ref idref="fl-c0"/>
      </object_component>
      <object_component id="oc-7f">
         <name>.debug_pubtypes</name>
         <load_address>0x6bb</load_address>
         <run_address>0x6bb</run_address>
         <size>0x42</size>
         <input_file_ref idref="fl-c0"/>
      </object_component>
      <object_component id="oc-42">
         <name>.debug_pubtypes</name>
         <load_address>0x6fd</load_address>
         <run_address>0x6fd</run_address>
         <size>0x48</size>
         <input_file_ref idref="fl-c1"/>
      </object_component>
      <object_component id="oc-86">
         <name>.debug_pubtypes</name>
         <load_address>0x745</load_address>
         <run_address>0x745</run_address>
         <size>0x1d</size>
         <input_file_ref idref="fl-c1"/>
      </object_component>
      <object_component id="oc-8e">
         <name>.debug_pubtypes</name>
         <load_address>0x762</load_address>
         <run_address>0x762</run_address>
         <size>0x1d</size>
         <input_file_ref idref="fl-c2"/>
      </object_component>
      <object_component id="oc-b4">
         <name>.debug_pubtypes</name>
         <load_address>0x77f</load_address>
         <run_address>0x77f</run_address>
         <size>0x1f</size>
         <input_file_ref idref="fl-c3"/>
      </object_component>
      <object_component id="oc-f0">
         <name>.debug_pubtypes</name>
         <load_address>0x79e</load_address>
         <run_address>0x79e</run_address>
         <size>0x1f</size>
         <input_file_ref idref="fl-c9"/>
      </object_component>
      <object_component id="oc-e1">
         <name>.debug_pubtypes</name>
         <load_address>0x7bd</load_address>
         <run_address>0x7bd</run_address>
         <size>0x1b</size>
         <input_file_ref idref="fl-ca"/>
      </object_component>
      <object_component id="oc-c8">
         <name>.debug_pubtypes</name>
         <load_address>0x7d8</load_address>
         <run_address>0x7d8</run_address>
         <size>0x32</size>
         <input_file_ref idref="fl-cb"/>
      </object_component>
      <object_component id="oc-ff">
         <name>.debug_pubtypes</name>
         <load_address>0x80a</load_address>
         <run_address>0x80a</run_address>
         <size>0x2c</size>
         <input_file_ref idref="fl-cb"/>
      </object_component>
      <object_component id="oc-cd">
         <name>.debug_pubtypes</name>
         <load_address>0x836</load_address>
         <run_address>0x836</run_address>
         <size>0x50</size>
         <input_file_ref idref="fl-cb"/>
      </object_component>
      <object_component id="oc-fa">
         <name>.debug_pubtypes</name>
         <load_address>0x886</load_address>
         <run_address>0x886</run_address>
         <size>0x23</size>
         <input_file_ref idref="fl-cc"/>
      </object_component>
   </object_component_list>
   <logical_group_list>
      <logical_group id="lg-3" display="no" color="cyan">
         <name>.intvecs</name>
         <load_address>0x0</load_address>
         <run_address>0x0</run_address>
         <size>0xe4</size>
         <contents>
            <object_component_ref idref="oc-2c"/>
         </contents>
      </logical_group>
      <logical_group id="lg-4" display="no" color="cyan">
         <name>.text</name>
         <load_address>0xe4</load_address>
         <run_address>0xe4</run_address>
         <size>0x798</size>
         <contents>
            <object_component_ref idref="oc-b7"/>
            <object_component_ref idref="oc-d1"/>
            <object_component_ref idref="oc-a4"/>
            <object_component_ref idref="oc-3b"/>
            <object_component_ref idref="oc-5f"/>
            <object_component_ref idref="oc-14"/>
            <object_component_ref idref="oc-26"/>
            <object_component_ref idref="oc-6b"/>
            <object_component_ref idref="oc-96"/>
            <object_component_ref idref="oc-65"/>
            <object_component_ref idref="oc-e7"/>
            <object_component_ref idref="oc-1a"/>
            <object_component_ref idref="oc-75"/>
            <object_component_ref idref="oc-59"/>
            <object_component_ref idref="oc-53"/>
            <object_component_ref idref="oc-9c"/>
         </contents>
      </logical_group>
      <logical_group id="lg-5" display="no" color="cyan">
         <name>.const</name>
         <run_address>0x0</run_address>
         <size>0x0</size>
         <contents>
         </contents>
      </logical_group>
      <logical_group id="lg-6" display="no" color="cyan">
         <name>.cinit</name>
         <load_address>0x880</load_address>
         <run_address>0x880</run_address>
         <size>0x28</size>
         <contents>
            <object_component_ref idref="oc-13f"/>
            <object_component_ref idref="oc-13d"/>
            <object_component_ref idref="oc-13e"/>
         </contents>
      </logical_group>
      <logical_group id="lg-7" display="no" color="cyan">
         <name>.pinit</name>
         <run_address>0x0</run_address>
         <size>0x0</size>
         <contents>
         </contents>
      </logical_group>
      <logical_group id="lg-8" display="no" color="cyan">
         <name>.init_array</name>
         <run_address>0x0</run_address>
         <size>0x0</size>
         <contents>
         </contents>
      </logical_group>
      <logical_group id="lg-9" display="no" color="cyan">
         <name>.binit</name>
         <load_address>0x0</load_address>
         <run_address>0x0</run_address>
         <size>0x0</size>
         <contents>
            <object_component_ref idref="oc-11a"/>
         </contents>
      </logical_group>
      <logical_group id="lg-a" display="no" color="cyan">
         <name>.flashMailbox</name>
         <run_address>0x0</run_address>
         <size>0x0</size>
         <contents>
         </contents>
      </logical_group>
      <logical_group id="lg-b" display="no" color="cyan">
         <name>.tlvTable</name>
         <run_address>0x0</run_address>
         <size>0x0</size>
         <contents>
         </contents>
      </logical_group>
      <logical_group id="lg-c" display="no" color="cyan">
         <name>.bslArea</name>
         <run_address>0x0</run_address>
         <size>0x0</size>
         <contents>
         </contents>
      </logical_group>
      <logical_group id="lg-d" display="no" color="cyan">
         <name>.vtable</name>
         <run_address>0x0</run_address>
         <size>0x0</size>
         <contents>
         </contents>
      </logical_group>
      <logical_group id="lg-e" display="no" color="cyan">
         <name>.data</name>
         <run_address>0x20000000</run_address>
         <size>0x1c</size>
         <contents>
            <object_component_ref idref="oc-f3"/>
            <object_component_ref idref="oc-ac"/>
            <object_component_ref idref="oc-71"/>
            <object_component_ref idref="oc-af"/>
         </contents>
      </logical_group>
      <logical_group id="lg-f" display="no" color="cyan">
         <name>.bss</name>
         <run_address>0x0</run_address>
         <size>0x0</size>
         <contents>
         </contents>
      </logical_group>
      <logical_group id="lg-10" display="no" color="cyan">
         <name>.sysmem</name>
         <run_address>0x0</run_address>
         <size>0x0</size>
         <contents>
         </contents>
      </logical_group>
      <logical_group id="lg-11" display="no" color="cyan">
         <name>.stack</name>
         <run_address>0x2000fe00</run_address>
         <size>0x200</size>
         <contents>
            <object_component_ref idref="oc-2f"/>
            <object_component_ref idref="oc-140"/>
         </contents>
      </logical_group>
      <logical_group id="lg-12" display="no" color="cyan">
         <name>.TI.ramfunc</name>
         <run_address>0x0</run_address>
         <size>0x0</size>
         <contents>
         </contents>
      </logical_group>
      <logical_group id="lg-118" display="no" color="cyan">
         <name>.TI.noinit</name>
         <run_address>0x0</run_address>
         <size>0x0</size>
         <contents>
         </contents>
      </logical_group>
      <logical_group id="lg-119" display="no" color="cyan">
         <name>.TI.persistent</name>
         <run_address>0x0</run_address>
         <size>0x0</size>
         <contents>
         </contents>
      </logical_group>
      <logical_group id="lg-12d" display="never" color="cyan">
         <name>.debug_info</name>
         <load_address>0x0</load_address>
         <run_address>0x0</run_address>
         <size>0x91bb</size>
         <contents>
            <object_component_ref idref="oc-115"/>
            <object_component_ref idref="oc-d2"/>
            <object_component_ref idref="oc-10b"/>
            <object_component_ref idref="oc-106"/>
            <object_component_ref idref="oc-36"/>
            <object_component_ref idref="oc-d9"/>
            <object_component_ref idref="oc-d8"/>
            <object_component_ref idref="oc-a5"/>
            <object_component_ref idref="oc-7d"/>
            <object_component_ref idref="oc-2d"/>
            <object_component_ref idref="oc-76"/>
            <object_component_ref idref="oc-f4"/>
            <object_component_ref idref="oc-b8"/>
            <object_component_ref idref="oc-27"/>
            <object_component_ref idref="oc-83"/>
            <object_component_ref idref="oc-15"/>
            <object_component_ref idref="oc-31"/>
            <object_component_ref idref="oc-7e"/>
            <object_component_ref idref="oc-46"/>
            <object_component_ref idref="oc-1b"/>
            <object_component_ref idref="oc-41"/>
            <object_component_ref idref="oc-85"/>
            <object_component_ref idref="oc-8d"/>
            <object_component_ref idref="oc-b3"/>
            <object_component_ref idref="oc-ad"/>
            <object_component_ref idref="oc-6c"/>
            <object_component_ref idref="oc-3c"/>
            <object_component_ref idref="oc-54"/>
            <object_component_ref idref="oc-5a"/>
            <object_component_ref idref="oc-72"/>
            <object_component_ref idref="oc-ef"/>
            <object_component_ref idref="oc-b0"/>
            <object_component_ref idref="oc-e8"/>
            <object_component_ref idref="oc-ab"/>
            <object_component_ref idref="oc-67"/>
            <object_component_ref idref="oc-e0"/>
            <object_component_ref idref="oc-a3"/>
            <object_component_ref idref="oc-60"/>
            <object_component_ref idref="oc-c7"/>
            <object_component_ref idref="oc-fe"/>
            <object_component_ref idref="oc-cc"/>
            <object_component_ref idref="oc-c3"/>
            <object_component_ref idref="oc-97"/>
            <object_component_ref idref="oc-f9"/>
            <object_component_ref idref="oc-9f"/>
            <object_component_ref idref="oc-141"/>
         </contents>
      </logical_group>
      <logical_group id="lg-12f" display="never" color="cyan">
         <name>.debug_line</name>
         <load_address>0x0</load_address>
         <run_address>0x0</run_address>
         <size>0x1120</size>
         <contents>
            <object_component_ref idref="oc-117"/>
            <object_component_ref idref="oc-d5"/>
            <object_component_ref idref="oc-10e"/>
            <object_component_ref idref="oc-109"/>
            <object_component_ref idref="oc-39"/>
            <object_component_ref idref="oc-dc"/>
            <object_component_ref idref="oc-105"/>
            <object_component_ref idref="oc-a8"/>
            <object_component_ref idref="oc-bf"/>
            <object_component_ref idref="oc-7c"/>
            <object_component_ref idref="oc-79"/>
            <object_component_ref idref="oc-114"/>
            <object_component_ref idref="oc-bb"/>
            <object_component_ref idref="oc-2a"/>
            <object_component_ref idref="oc-c1"/>
            <object_component_ref idref="oc-18"/>
            <object_component_ref idref="oc-34"/>
            <object_component_ref idref="oc-81"/>
            <object_component_ref idref="oc-8b"/>
            <object_component_ref idref="oc-1e"/>
            <object_component_ref idref="oc-44"/>
            <object_component_ref idref="oc-88"/>
            <object_component_ref idref="oc-90"/>
            <object_component_ref idref="oc-f2"/>
            <object_component_ref idref="oc-e6"/>
            <object_component_ref idref="oc-6f"/>
            <object_component_ref idref="oc-3f"/>
            <object_component_ref idref="oc-57"/>
            <object_component_ref idref="oc-5d"/>
            <object_component_ref idref="oc-b6"/>
            <object_component_ref idref="oc-112"/>
            <object_component_ref idref="oc-ee"/>
            <object_component_ref idref="oc-eb"/>
            <object_component_ref idref="oc-df"/>
            <object_component_ref idref="oc-69"/>
            <object_component_ref idref="oc-e3"/>
            <object_component_ref idref="oc-c6"/>
            <object_component_ref idref="oc-63"/>
            <object_component_ref idref="oc-ca"/>
            <object_component_ref idref="oc-101"/>
            <object_component_ref idref="oc-cf"/>
            <object_component_ref idref="oc-f8"/>
            <object_component_ref idref="oc-9a"/>
            <object_component_ref idref="oc-fc"/>
            <object_component_ref idref="oc-9e"/>
         </contents>
      </logical_group>
      <logical_group id="lg-131" display="never" color="cyan">
         <name>.debug_frame</name>
         <load_address>0x0</load_address>
         <run_address>0x0</run_address>
         <size>0x544</size>
         <contents>
            <object_component_ref idref="oc-d6"/>
            <object_component_ref idref="oc-a9"/>
            <object_component_ref idref="oc-7a"/>
            <object_component_ref idref="oc-bc"/>
            <object_component_ref idref="oc-19"/>
            <object_component_ref idref="oc-1f"/>
            <object_component_ref idref="oc-70"/>
            <object_component_ref idref="oc-58"/>
            <object_component_ref idref="oc-5e"/>
            <object_component_ref idref="oc-ec"/>
            <object_component_ref idref="oc-6a"/>
            <object_component_ref idref="oc-64"/>
            <object_component_ref idref="oc-9b"/>
            <object_component_ref idref="oc-9d"/>
         </contents>
      </logical_group>
      <logical_group id="lg-133" display="never" color="cyan">
         <name>.debug_abbrev</name>
         <load_address>0x0</load_address>
         <run_address>0x0</run_address>
         <size>0xffe</size>
         <contents>
            <object_component_ref idref="oc-116"/>
            <object_component_ref idref="oc-103"/>
            <object_component_ref idref="oc-10d"/>
            <object_component_ref idref="oc-108"/>
            <object_component_ref idref="oc-38"/>
            <object_component_ref idref="oc-db"/>
            <object_component_ref idref="oc-104"/>
            <object_component_ref idref="oc-d7"/>
            <object_component_ref idref="oc-be"/>
            <object_component_ref idref="oc-7b"/>
            <object_component_ref idref="oc-bd"/>
            <object_component_ref idref="oc-113"/>
            <object_component_ref idref="oc-f6"/>
            <object_component_ref idref="oc-74"/>
            <object_component_ref idref="oc-c0"/>
            <object_component_ref idref="oc-30"/>
            <object_component_ref idref="oc-33"/>
            <object_component_ref idref="oc-80"/>
            <object_component_ref idref="oc-8a"/>
            <object_component_ref idref="oc-40"/>
            <object_component_ref idref="oc-43"/>
            <object_component_ref idref="oc-87"/>
            <object_component_ref idref="oc-8f"/>
            <object_component_ref idref="oc-f1"/>
            <object_component_ref idref="oc-e5"/>
            <object_component_ref idref="oc-b2"/>
            <object_component_ref idref="oc-84"/>
            <object_component_ref idref="oc-94"/>
            <object_component_ref idref="oc-95"/>
            <object_component_ref idref="oc-b5"/>
            <object_component_ref idref="oc-111"/>
            <object_component_ref idref="oc-ed"/>
            <object_component_ref idref="oc-110"/>
            <object_component_ref idref="oc-de"/>
[...]
            <object_component_ref idref="oc-5c"/>
            <object_component_ref idref="oc-73"/>
            <object_component_ref idref="oc-b1"/>
            <object_component_ref idref="oc-e9"/>
            <object_component_ref idref="oc-68"/>
            <object_component_ref idref="oc-62"/>
            <object_component_ref idref="oc-99"/>
            <object_component_ref idref="oc-a1"/>
         </contents>
      </logical_group>
      <logical_group id="lg-13b" display="never" color="cyan">
         <name>.debug_pubtypes</name>
         <load_address>0x0</load_address>
         <run_address>0x0</run_address>
         <size>0x8a9</size>
         <contents>
            <object_component_ref idref="oc-10c"/>
            <object_component_ref idref="oc-107"/>
            <object_component_ref idref="oc-37"/>
            <object_component_ref idref="oc-da"/>
            <object_component_ref idref="oc-32"/>
            <object_component_ref idref="oc-7f"/>
            <object_component_ref idref="oc-42"/>
            <object_component_ref idref="oc-86"/>
            <object_component_ref idref="oc-8e"/>
            <object_component_ref idref="oc-b4"/>
            <object_component_ref idref="oc-f0"/>
            <object_component_ref idref="oc-e1"/>
            <object_component_ref idref="oc-c8"/>
            <object_component_ref idref="oc-ff"/>
            <object_component_ref idref="oc-cd"/>
            <object_component_ref idref="oc-fa"/>
         </contents>
      </logical_group>
      <load_segment id="lg-144" display="no" color="cyan">
         <name>SEGMENT_0</name>
         <load_address>0x0</load_address>
         <run_address>0x0</run_address>
         <size>0x8a8</size>
         <flags>0x5</flags>
         <contents>
            <logical_group_ref idref="lg-3"/>
            <logical_group_ref idref="lg-4"/>
            <logical_group_ref idref="lg-6"/>
         </contents>
      </load_segment>
      <load_segment id="lg-145" display="no" color="cyan">
         <name>SEGMENT_1</name>
         <run_address>0x20000000</run_address>
         <size>0x1c</size>
         <flags>0x6</flags>
         <contents>
            <logical_group_ref idref="lg-e"/>
         </contents>
      </load_segment>
      <load_segment id="lg-146" display="no" color="cyan">
         <name>SEGMENT_2</name>
         <run_address>0x2000fe00</run_address>
         <size>0x200</size>
         <flags>0x6</flags>
         <contents>
            <logical_group_ref idref="lg-11"/>
         </contents>
      </load_segment>
   </logical_group_list>
   <placement_map>
      <memory_area display="yes" color="green">
         <name>MAIN</name>
         <page_id>0x0</page_id>
         <origin>0x0</origin>
         <length>0x40000</length>
         <used_space>0x8a4</used_space>
         <unused_space>0x3f75c</unused_space>
         <attributes>RX</attributes>
         <usage_details>
            <allocated_space>
               <start_address>0x0</start_address>
               <size>0x0</size>
               <logical_group_ref idref="lg-9"/>
            </allocated_space>
            <allocated_space>
               <start_address>0x0</start_address>
               <size>0xe4</size>
               <logical_group_ref idref="lg-3"/>
            </allocated_space>
            <allocated_space>
               <start_address>0xe4</start_address>
               <size>0x798</size>
               <logical_group_ref idref="lg-4"/>
            </allocated_space>
            <available_space>
               <start_address>0x87c</start_address>
               <size>0x4</size>
            </available_space>
            <allocated_space>
               <start_address>0x880</start_address>
               <size>0x28</size>
               <logical_group_ref idref="lg-6"/>
            </allocated_space>
            <available_space>
               <start_address>0x8a8</start_address>
               <size>0x3f758</size>
            </available_space>
         </usage_details>
      </memory_area>
      <memory_area display="yes" color="green">
         <name>INFO</name>
         <page_id>0x0</page_id>
         <origin>0x200000</origin>
         <length>0x4000</length>
         <used_space>0x0</used_space>
         <unused_space>0x4000</unused_space>
         <attributes>RX</attributes>
         <usage_details>
         </usage_details>
      </memory_area>
      <memory_area display="yes" color="green">
         <name>SRAM_CODE</name>
         <page_id>0x0</page_id>
         <origin>0x1000000</origin>
         <length>0x10000</length>
         <used_space>0x21c</used_space>
         <unused_space>0xfde4</unused_space>
         <attributes>RWX</attributes>
         <usage_details>
            <allocated_space>
               <start_address>0x1000000</start_address>
               <size>0x1c</size>
               <logical_group_ref idref="lg-e"/>
            </allocated_space>
            <available_space>
               <start_address>0x100001c</start_address>
               <size>0xfde4</size>
            </available_space>
            <allocated_space>
               <start_address>0x100fe00</start_address>
               <size>0x200</size>
               <logical_group_ref idref="lg-11"/>
            </allocated_space>
         </usage_details>
      </memory_area>
      <memory_area display="yes" color="green">
         <name>SRAM_DATA</name>
         <page_id>0x0</page_id>
         <origin>0x20000000</origin>
         <length>0x10000</length>
         <used_space>0x21c</used_space>
         <unused_space>0xfde4</unused_space>
         <attributes>RW</attributes>
         <usage_details>
            <allocated_space>
               <start_address>0x20000000</start_address>
               <size>0x1c</size>
               <logical_group_ref idref="lg-e"/>
            </allocated_space>
            <available_space>
               <start_address>0x2000001c</start_address>
               <size>0xfde4</size>
            </available_space>
            <allocated_space>
               <start_address>0x2000fe00</start_address>
               <size>0x200</size>
               <logical_group_ref idref="lg-11"/>
            </allocated_space>
         </usage_details>
      </memory_area>
   </placement_map>
   <cptbl_list>
      <cptbl>
         <name>__TI_cinit_table</name>
         <cprec>
            <name>.data</name>
            <load_address>0x880</load_address>
            <load_size>0x15</load_size>
            <run_address>0x20000000</run_address>
            <run_size>0x1c</run_size>
            <compression>lzss</compression>
         </cprec>
      </cptbl>
   </cptbl_list>
   <handler_table>
      <handler_table_name>__TI_handler_table</handler_table_name>
      <handler>
         <index>0x0</index>
         <name>__TI_decompress_lzss</name>
      </handler>
      <handler>
         <index>0x1</index>
         <name>__TI_decompress_none</name>
      </handler>
   </handler_table>
   <symbol_table>
      <symbol id="sm-1">
         <name>WDTCTL_SYM</name>
         <value>0x4000480c</value>
      </symbol>
      <symbol id="sm-2">
         <name>__TI_CINIT_Base</name>
         <value>0x8a0</value>
      </symbol>
      <symbol id="sm-3">
         <name>__TI_CINIT_Limit</name>
         <value>0x8a8</value>
      </symbol>
      <symbol id="sm-4">
         <name>__TI_Handler_Table_Base</name>
         <value>0x898</value>
      </symbol>
      <symbol id="sm-5">
         <name>__TI_Handler_Table_Limit</name>
         <value>0x8a0</value>
      </symbol>
      <symbol id="sm-6">
         <name>binit</name>
         <value>0xffffffff</value>
      </symbol>
      <symbol id="sm-7">
         <name>__binit__</name>
         <value>0xffffffff</value>
      </symbol>
      <symbol id="sm-8">
         <name>__STACK_SIZE</name>
         <value>0x200</value>
      </symbol>
      <symbol id="sm-9">
         <name>__STACK_END</name>
         <value>0x20010000</value>
      </symbol>
      <symbol id="sm-a">
         <name>__c_args__</name>
         <value>0xffffffff</value>
      </symbol>
      <symbol id="sm-b">
         <name>__TI_pprof_out_hndl</name>
         <value>0xffffffff</value>
      </symbol>
      <symbol id="sm-c">
         <name>__TI_prof_data_start</name>
         <value>0xffffffff</value>
      </symbol>
      <symbol id="sm-d">
         <name>__TI_prof_data_size</name>
         <value>0xffffffff</value>
      </symbol>
      <symbol id="sm-49">
         <name>report_pointer_types</name>
         <value>0x491</value>
         <object_component_ref idref="oc-d1"/>
      </symbol>
      <symbol id="sm-4a">
         <name>report_types</name>
         <value>0x411</value>
         <object_component_ref idref="oc-d1"/>
      </symbol>
      <symbol id="sm-60">
         <name>main</name>
         <value>0x511</value>
         <object_component_ref idref="oc-a4"/>
      </symbol>
      <symbol id="sm-75">
         <name>Reset_Handler</name>
         <value>0x867</value>
         <object_component_ref idref="oc-75"/>
      </symbol>
      <symbol id="sm-76">
         <name>Default_Handler</name>
         <value>0x873</value>
         <object_component_ref idref="oc-75"/>
      </symbol>
      <symbol id="sm-77">
         <name>interruptVectors</name>
         <value>0x0</value>
         <object_component_ref idref="oc-2c"/>
      </symbol>
      <symbol id="sm-bd">
         <name>SystemInit</name>
         <value>0x359</value>
         <object_component_ref idref="oc-b7"/>
      </symbol>
      <symbol id="sm-be">
         <name>SystemCoreClockUpdate</name>
         <value>0xe5</value>
         <object_component_ref idref="oc-b7"/>
      </symbol>
      <symbol id="sm-bf">
         <name>SystemCoreClock</name>
         <value>0x20000018</value>
         <object_component_ref idref="oc-f3"/>
      </symbol>
      <symbol id="sm-d0">
         <name>_c_int00</name>
         <value>0x739</value>
         <object_component_ref idref="oc-26"/>
      </symbol>
      <symbol id="sm-d1">
         <name>__stack</name>
         <value>0x2000fe00</value>
         <object_component_ref idref="oc-2f"/>
      </symbol>
      <symbol id="sm-ef">
         <name>__TI_decompress_lzss</name>
         <value>0x6d1</value>
         <object_component_ref idref="oc-14"/>
      </symbol>
      <symbol id="sm-106">
         <name>__TI_decompress_none</name>
         <value>0x859</value>
         <object_component_ref idref="oc-1a"/>
      </symbol>
      <symbol id="sm-12d">
         <name>C$$EXIT</name>
         <value>0x78d</value>
         <object_component_ref idref="oc-6b"/>
      </symbol>
      <symbol id="sm-12e">
         <name>abort</name>
         <value>0x791</value>
         <object_component_ref idref="oc-6b"/>
      </symbol>
      <symbol id="sm-12f">
         <name>exit</name>
         <value>0x799</value>
         <object_component_ref idref="oc-6b"/>
      </symbol>
      <symbol id="sm-130">
         <name>__TI_dtors_ptr</name>
         <value>0x20000004</value>
         <object_component_ref idref="oc-ac"/>
      </symbol>
      <symbol id="sm-131">
         <name>__TI_cleanup_ptr</name>
         <value>0x20000000</value>
         <object_component_ref idref="oc-ac"/>
      </symbol>
      <symbol id="sm-132">
         <name>__TI_enable_exit_profile_output</name>
         <value>0x20000008</value>
         <object_component_ref idref="oc-ac"/>
      </symbol>
      <symbol id="sm-14d">
         <name>memcpy</name>
         <value>0x5c5</value>
         <object_component_ref idref="oc-3b"/>
      </symbol>
      <symbol id="sm-14e">
         <name>__aeabi_memcpy</name>
         <value>0x5c5</value>
         <object_component_ref idref="oc-3b"/>
      </symbol>
      <symbol id="sm-14f">
         <name>__aeabi_memcpy8</name>
         <value>0x5c5</value>
         <object_component_ref idref="oc-3b"/>
      </symbol>
      <symbol id="sm-150">
         <name>__aeabi_memcpy4</name>
         <value>0x5c5</value>
         <object_component_ref idref="oc-3b"/>
      </symbol>
      <symbol id="sm-15b">
         <name>__mpu_init</name>
         <value>0x879</value>
         <object_component_ref idref="oc-53"/>
      </symbol>
      <symbol id="sm-165">
         <name>_system_pre_init</name>
         <value>0x875</value>
         <object_component_ref idref="oc-59"/>
      </symbol>
      <symbol id="sm-16d">
         <name>main_func_sp</name>
         <value>0x20000014</value>
         <object_component_ref idref="oc-71"/>
      </symbol>
      <symbol id="sm-186">
         <name>_nop</name>
         <value>0x853</value>
         <object_component_ref idref="oc-e7"/>
      </symbol>
      <symbol id="sm-187">
         <name>_lock</name>
         <value>0x2000000c</value>
         <object_component_ref idref="oc-af"/>
      </symbol>
      <symbol id="sm-188">
         <name>_unlock</name>
         <value>0x20000010</value>
         <object_component_ref idref="oc-af"/>
      </symbol>
      <symbol id="sm-189">
         <name>_register_lock</name>
         <value>0x84b</value>
         <object_component_ref idref="oc-e7"/>
      </symbol>
      <symbol id="sm-18a">
         <name>_register_unlock</name>
         <value>0x845</value>
         <object_component_ref idref="oc-e7"/>
      </symbol>
      <symbol id="sm-19e">
         <name>_args_main</name>
         <value>0x82d</value>
         <object_component_ref idref="oc-65"/>
      </symbol>
      <symbol id="sm-1c8">
         <name>__TI_auto_init</name>
         <value>0x661</value>
         <object_component_ref idref="oc-5f"/>
      </symbol>
      <symbol id="sm-1e2">
         <name>copy_in</name>
         <value>0x7e1</value>
         <object_component_ref idref="oc-96"/>
      </symbol>
      <symbol id="sm-1ec">
         <name>_system_post_cinit</name>
         <value>0x87b</value>
         <object_component_ref idref="oc-9c"/>
      </symbol>
      <symbol id="sm-1ed">
         <name>__TI_static_base__</name>
         <value>0x0</value>
      </symbol>
      <symbol id="sm-1f0">
         <name>SHT$$INIT_ARRAY$$Limit</name>
         <value>0x0</value>
      </symbol>
      <symbol id="sm-1f1">
         <name>SHT$$INIT_ARRAY$$Base</name>
         <value>0x0</value>
      </symbol>
      <symbol id="sm-1f2">
         <name>NMI_Handler</name>
         <value>0x873</value>
      </symbol>
      <symbol id="sm-1f3">
         <name>HardFault_Handler</name>
         <value>0x873</value>
      </symbol>
      <symbol id="sm-1f4">
         <name>MemManage_Handler</name>
         <value>0x873</value>
      </symbol>
      <symbol id="sm-1f5">
         <name>BusFault_Handler</name>
         <value>0x873</value>
      </symbol>
      <symbol id="sm-1f6">
         <name>UsageFault_Handler</name>
         <value>0x873</value>
      </symbol>
      <symbol id="sm-1f7">
         <name>SVC_Handler</name>
         <value>0x873</value>
      </symbol>
      <symbol id="sm-1f8">
         <name>DebugMon_Handler</name>
         <value>0x873</value>
      </symbol>
      <symbol id="sm-1f9">
         <name>PendSV_Handler</name>
         <value>0x873</value>
      </symbol>
      <symbol id="sm-1fa">
         <name>SysTick_Handler</name>
         <value>0x873</value>
      </symbol>
      <symbol id="sm-1fb">
         <name>PSS_IRQHandler</name>
         <value>0x873</value>
      </symbol>
      <symbol id="sm-1fc">
         <name>CS_IRQHandler</name>
         <value>0x873</value>
      </symbol>
      <symbol id="sm-1fd">
         <name>PCM_IRQHandler</name>
         <value>0x873</value>
      </symbol>
      <symbol id="sm-1fe">
         <name>WDT_A_IRQHandler</name>
         <value>0x873</value>
      </symbol>
      <symbol id="sm-1ff">
         <name>FPU_IRQHandler</name>
         <value>0x873</value>
      </symbol>
      <symbol id="sm-200">
         <name>FLCTL_IRQHandler</name>
         <value>0x873</value>
      </symbol>
      <symbol id="sm-201">
         <name>COMP_E0_IRQHandler</name>
         <value>0x873</value>
      </symbol>
      <symbol id="sm-202">
         <name>COMP_E1_IRQHandler</name>
         <value>0x873</value>
      </symbol>
      <symbol id="sm-203">
         <name>TA0_0_IRQHandler</name>
         <value>0x873</value>
      </symbol>
      <symbol id="sm-204">
         <name>TA0_N_IRQHandler</name>
         <value>0x873</value>
      </symbol>
      <symbol id="sm-205">
         <name>TA1_0_IRQHandler</name>
         <value>0x873</value>
      </symbol>
      <symbol id="sm-206">
         <name>TA1_N_IRQHandler</name>
         <value>0x873</value>
      </symbol>
      <symbol id="sm-207">
         <name>TA2_0_IRQHandler</name>
         <value>0x873</value>
      </symbol>
      <symbol id="sm-208">
         <name>TA2_N_IRQHandler</name>
         <value>0x873</value>
      </symbol>
      <symbol id="sm-209">
         <name>TA3_0_IRQHandler</name>
         <value>0x873</value>
      </symbol>
      <symbol id="sm-20a">
         <name>TA3_N_IRQHandler</name>
         <value>0x873</value>
      </symbol>
      <symbol id="sm-20b">
         <name>EUSCIA0_IRQHandler</name>
         <value>0x873</value>
      </symbol>
      <symbol id="sm-20c">
         <name>EUSCIA1_IRQHandler</name>
         <value>0x873</value>
      </symbol>
      <symbol id="sm-20d">
         <name>EUSCIA2_IRQHandler</name>
         <value>0x873</value>
      </symbol>
      <symbol id="sm-20e">
         <name>EUSCIA3_IRQHandler</name>
         <value>0x873</value>
      </symbol>
      <symbol id="sm-20f">
         <name>EUSCIB0_IRQHandler</name>
         <value>0x873</value>
      </symbol>
      <symbol id="sm-210">
         <name>EUSCIB1_IRQHandler</name>
         <value>0x873</value>
      </symbol>
      <symbol id="sm-211">
         <name>EUSCIB2_IRQHandler</name>
         <value>0x873</value>
      </symbol>
      <symbol id="sm-212">
         <name>EUSCIB3_IRQHandler</name>
         <value>0x873</value>
      </symbol>
      <symbol id="sm-213">
         <name>ADC14_IRQHandler</name>
         <value>0x873</value>
      </symbol>
      <symbol id="sm-214">
         <name>T32_INT1_IRQHandler</name>
         <value>0x873</value>
      </symbol>
      <symbol id="sm-215">
         <name>T32_INT2_IRQHandler</name>
         <value>0x873</value>
      </symbol>
      <symbol id="sm-216">
         <name>T32_INTC_IRQHandler</name>
         <value>0x873</value>
      </symbol>
      <symbol id="sm-217">
         <name>AES256_IRQHandler</name>
         <value>0x873</value>
      </symbol>
      <symbol id="sm-218">
         <name>RTC_C_IRQHandler</name>
         <value>0x873</value>
      </symbol>
      <symbol id="sm-219">
         <name>DMA_ERR_IRQHandler</name>
         <value>0x873</value>
      </symbol>
      <symbol id="sm-21a">
         <name>DMA_INT3_IRQHandler</name>
         <value>0x873</value>
      </symbol>
      <symbol id="sm-21b">
         <name>DMA_INT2_IRQHandler</name>
         <value>0x873</value>
      </symbol>
      <symbol id="sm-21c">
         <name>DMA_INT1_IRQHandler</name>
         <value>0x873</value>
      </symbol>
      <symbol id="sm-21d">
         <name>DMA_INT0_IRQHandler</name>
         <value>0x873</value>
      </symbol>
      <symbol id="sm-21e">
         <name>PORT1_IRQHandler</name>
         <value>0x873</value>
      </symbol>
      <symbol id="sm-21f">
         <name>PORT2_IRQHandler</name>
         <value>0x873</value>
      </symbol>
      <symbol id="sm-220">
         <name>PORT3_IRQHandler</name>
         <value>0x873</value>
      </symbol>
      <symbol id="sm-221">
         <name>PORT4_IRQHandler</name>
         <value>0x873</value>
      </symbol>
      <symbol id="sm-222">
         <name>PORT5_IRQHandler</name>
         <value>0x873</value>
      </symbol>
      <symbol id="sm-223">
         <name>PORT6_IRQHandler</name>
         <value>0x873</value>
      </symbol>
   </symbol_table>
   <title>Link successful</title>
</link_info>
