******************************************************************************
                  TI ARM Linker Unix v16.9.3                   
******************************************************************************
>> Linked Sun Nov  5 18:02:36 2017

OUTPUT FILE NAME:   <escoot.out>
ENTRY POINT SYMBOL: "_c_int00"  address: 00000859


MEMORY CONFIGURATION

         name            origin    length      used     unused   attr    fill
----------------------  --------  ---------  --------  --------  ----  --------
  MAIN                  00000000   00040000  00000a1e  0003f5e2  R  X
  INFO                  00200000   00004000  00000000  00004000  R  X
  SRAM_CODE             01000000   00010000  00000624  0000f9dc  RW X
  SRAM_DATA             20000000   00010000  00000624  0000f9dc  RW  


SEGMENT ALLOCATION MAP

run origin  load origin   length   init length attrs members
----------  ----------- ---------- ----------- ----- -------
00000000    00000000    00000a20   00000a20    r-x
  00000000    00000000    000000e4   000000e4    r-- .intvecs
  000000e4    000000e4    000008fa   000008fa    r-x .text
  000009e0    000009e0    00000040   00000040    r-- .cinit
20000000    20000000    00000424   00000000    rw-
  20000000    20000000    00000400   00000000    rw- .sysmem
  20000400    20000400    0000001c   00000000    rw- .data
  2000041c    2000041c    00000008   00000000    rw- .bss
2000fe00    2000fe00    00000200   00000000    rw-
  2000fe00    2000fe00    00000200   00000000    rw- .stack


SECTION ALLOCATION MAP

 output                                  attributes/
section   page    origin      length       input sections
--------  ----  ----------  ----------   ----------------
.intvecs   0    00000000    000000e4     
                  00000000    000000e4     startup_msp432p401r_ccs.obj (.intvecs:retain)

.text      0    000000e4    000008fa     
                  000000e4    0000032c     system_msp432p401r.obj (.text)
                  00000410    00000158     uart.obj (.text)
                  00000568    00000100     scoot.obj (.text)
                  00000668    0000009c     rtsv7M4_T_le_v4SPD16_eabi.lib : memcpy_t2.obj (.text)
                  00000704    0000007a                                   : memset_t2.obj (.text)
                  0000077e    00000002                                   : mpu_init.obj (.text)
                  00000780    00000070                                   : autoinit.obj (.text)
                  000007f0    00000068                                   : copy_decompress_lzss.obj (.text:decompress:lzss)
                  00000858    00000054                                   : boot.obj (.text)
                  000008ac    00000054                                   : exit.obj (.text)
                  00000900    0000004c                                   : cpy_tbl.obj (.text)
                  0000094c    00000038     main.obj (.text)
                  00000984    00000018     rtsv7M4_T_le_v4SPD16_eabi.lib : args_main.obj (.text)
                  0000099c    00000014                                   : _lock.obj (.text)
                  000009b0    0000000e                                   : copy_decompress_none.obj (.text:decompress:none)
                  000009be    0000000e     startup_msp432p401r_ccs.obj (.text)
                  000009cc    0000000c     rtsv7M4_T_le_v4SPD16_eabi.lib : copy_zero_init.obj (.text:decompress:ZI)
                  000009d8    00000004                                   : pre_init.obj (.text)
                  000009dc    00000002                                   : startup.obj (.text)

.cinit     0    000009e0    00000040     
                  000009e0    00000015     (.cinit..data.load) [load image, compression = lzss]
                  000009f5    00000003     --HOLE-- [fill = 0]
                  000009f8    0000000c     (__TI_handler_table)
                  00000a04    00000004     --HOLE-- [fill = 0]
                  00000a08    00000008     (.cinit..bss.load) [load image, compression = zero_init]
                  00000a10    00000010     (__TI_cinit_table)

.init_array 
*          0    00000000    00000000     UNINITIALIZED

.binit     0    00000000    00000000     

.sysmem    0    20000000    00000400     UNINITIALIZED
                  20000000    00000008     rtsv7M4_T_le_v4SPD16_eabi.lib : memory.obj (.sysmem)
                  20000008    000003f8     --HOLE--

.data      0    20000400    0000001c     UNINITIALIZED
                  20000400    0000000c     rtsv7M4_T_le_v4SPD16_eabi.lib : exit.obj (.data:$O1$$)
                  2000040c    00000008                                   : _lock.obj (.data:$O1$$)
                  20000414    00000004                                   : stkdepth_vars.obj (.data)
                  20000418    00000004     system_msp432p401r.obj (.data)

.bss       0    2000041c    00000008     UNINITIALIZED
                  2000041c    00000004     (.common:Nadc)
                  20000420    00000002     (.common:yacc)
                  20000422    00000001     (.common:data)
                  20000423    00000001     (.common:receive)

.stack     0    2000fe00    00000200     UNINITIALIZED
                  2000fe00    00000200     --HOLE--

MODULE SUMMARY

       Module                        code   ro data   rw data
       ------                        ----   -------   -------
    ./
       system_msp432p401r.obj        812    0         8      
       uart.obj                      344    0         0      
       scoot.obj                     256    0         0      
       startup_msp432p401r_ccs.obj   14     228       0      
       main.obj                      56     0         16     
    +--+-----------------------------+------+---------+---------+
       Total:                        1482   228       24     
                                                             
    /Applications/ti/ccsv7/tools/compiler/ti-cgt-arm_16.9.3.LTS/lib/rtsv7M4_T_le_v4SPD16_eabi.lib
       memcpy_t2.obj                 156    0         0      
       memset_t2.obj                 122    0         0      
       autoinit.obj                  112    0         0      
       exit.obj                      84     0         24     
       copy_decompress_lzss.obj      104    0         0      
       boot.obj                      84     0         0      
       cpy_tbl.obj                   76     0         0      
       _lock.obj                     20     0         16     
       args_main.obj                 24     0         0      
       copy_decompress_none.obj      14     0         0      
       copy_zero_init.obj            12     0         0      
       stkdepth_vars.obj             0      0         8      
       pre_init.obj                  4      0         0      
       mpu_init.obj                  2      0         0      
       startup.obj                   2      0         0      
    +--+-----------------------------+------+---------+---------+
       Total:                        816    0         48     
                                                             
       Heap:                         0      0         2048   
       Stack:                        0      0         1024   
       Linker Generated:             0      57        0      
    +--+-----------------------------+------+---------+---------+
       Grand Total:                  2298   285       3144   


LINKER GENERATED COPY TABLES

__TI_cinit_table @ 00000a10 records: 2, size/record: 8, table size: 16
	.data: load addr=000009e0, load size=00000015 bytes, run addr=20000400, run size=0000001c bytes, compression=lzss
	.bss: load addr=00000a08, load size=00000008 bytes, run addr=2000041c, run size=00000008 bytes, compression=zero_init


LINKER GENERATED HANDLER TABLE

__TI_handler_table @ 000009f8 records: 3, size/record: 4, table size: 12
	index: 0, handler: __TI_decompress_lzss
	index: 1, handler: __TI_decompress_none
	index: 2, handler: __TI_zero_init


GLOBAL SYMBOLS: SORTED ALPHABETICALLY BY Name 

address   name                           
-------   ----                           
00000603  ADC14_IRQHandler               
00000603  ADC14_IRQHandler               
000009cb  AES256_IRQHandler              
000009cb  BusFault_Handler               
000008ad  C$$EXIT                        
000009cb  COMP_E0_IRQHandler             
000009cb  COMP_E1_IRQHandler             
000009cb  CS_IRQHandler                  
000009cb  DMA_ERR_IRQHandler             
000009cb  DMA_INT0_IRQHandler            
000009cb  DMA_INT1_IRQHandler            
000009cb  DMA_INT2_IRQHandler            
000009cb  DMA_INT3_IRQHandler            
000009cb  DebugMon_Handler               
000009cb  Default_Handler                
0000051b  EUSCIA0_IRQHandler             
0000051b  EUSCIA0_IRQHandler             
000009cb  EUSCIA1_IRQHandler             
000009cb  EUSCIA2_IRQHandler             
000009cb  EUSCIA3_IRQHandler             
000009cb  EUSCIB0_IRQHandler             
000009cb  EUSCIB1_IRQHandler             
000009cb  EUSCIB2_IRQHandler             
000009cb  EUSCIB3_IRQHandler             
000009cb  FLCTL_IRQHandler               
000009cb  FPU_IRQHandler                 
000009cb  HardFault_Handler              
000009cb  MemManage_Handler              
000009cb  NMI_Handler                    
2000041c  Nadc                           
000009cb  PCM_IRQHandler                 
000009cb  PORT1_IRQHandler               
000009cb  PORT2_IRQHandler               
000009cb  PORT3_IRQHandler               
000009cb  PORT4_IRQHandler               
000009cb  PORT5_IRQHandler               
000009cb  PORT6_IRQHandler               
000009cb  PSS_IRQHandler                 
000009cb  PendSV_Handler                 
000009cb  RTC_C_IRQHandler               
000009bf  Reset_Handler                  
UNDEFED   SHT$$INIT_ARRAY$$Base          
UNDEFED   SHT$$INIT_ARRAY$$Limit         
000009cb  SVC_Handler                    
000009cb  SysTick_Handler                
20000418  SystemCoreClock                
000000e5  SystemCoreClockUpdate          
00000359  SystemInit                     
000009cb  T32_INT1_IRQHandler            
000009cb  T32_INT2_IRQHandler            
000009cb  T32_INTC_IRQHandler            
000009cb  TA0_0_IRQHandler               
000009cb  TA0_N_IRQHandler               
000009cb  TA1_0_IRQHandler               
000009cb  TA1_N_IRQHandler               
000009cb  TA2_0_IRQHandler               
000009cb  TA2_N_IRQHandler               
000009cb  TA3_0_IRQHandler               
000009cb  TA3_N_IRQHandler               
0000043d  UART_Configure                 
000004cf  UART_send_byte                 
000004eb  UART_send_n                    
000009cb  UsageFault_Handler             
4000480c  WDTCTL_SYM                     
000009cb  WDT_A_IRQHandler               
20010000  __STACK_END                    
00000200  __STACK_SIZE                   
00000400  __SYSMEM_SIZE                  
00000a10  __TI_CINIT_Base                
00000a20  __TI_CINIT_Limit               
000009f8  __TI_Handler_Table_Base        
00000a04  __TI_Handler_Table_Limit       
00000781  __TI_auto_init                 
20000400  __TI_cleanup_ptr               
000007f1  __TI_decompress_lzss           
000009b1  __TI_decompress_none           
20000404  __TI_dtors_ptr                 
20000408  __TI_enable_exit_profile_output
ffffffff  __TI_pprof_out_hndl            
ffffffff  __TI_prof_data_size            
ffffffff  __TI_prof_data_start           
00000000  __TI_static_base__             
000009cd  __TI_zero_init                 
00000705  __aeabi_memclr                 
00000705  __aeabi_memclr4                
00000705  __aeabi_memclr8                
00000669  __aeabi_memcpy                 
00000669  __aeabi_memcpy4                
00000669  __aeabi_memcpy8                
00000707  __aeabi_memset                 
00000707  __aeabi_memset4                
00000707  __aeabi_memset8                
ffffffff  __binit__                      
ffffffff  __c_args__                     
0000077f  __mpu_init                     
2000fe00  __stack                        
00000985  _args_main                     
00000859  _c_int00                       
2000040c  _lock                          
000009ab  _nop                           
000009a3  _register_lock                 
0000099d  _register_unlock               
20000000  _sys_memory                    
000009dd  _system_post_cinit             
000009d9  _system_pre_init               
20000410  _unlock                        
000008b1  abort                          
ffffffff  binit                          
00000595  configure_ADC_Accelerometer    
00000901  copy_in                        
20000422  data                           
000008b9  exit                           
00000000  interruptVectors               
0000094d  main                           
20000414  main_func_sp                   
00000669  memcpy                         
0000070d  memset                         
20000423  receive                        
20000420  yacc                           


GLOBAL SYMBOLS: SORTED BY Symbol Address 

address   name                           
-------   ----                           
00000000  __TI_static_base__             
00000000  interruptVectors               
000000e5  SystemCoreClockUpdate          
00000200  __STACK_SIZE                   
00000359  SystemInit                     
00000400  __SYSMEM_SIZE                  
0000043d  UART_Configure                 
000004cf  UART_send_byte                 
000004eb  UART_send_n                    
0000051b  EUSCIA0_IRQHandler             
0000051b  EUSCIA0_IRQHandler             
00000595  configure_ADC_Accelerometer    
00000603  ADC14_IRQHandler               
00000603  ADC14_IRQHandler               
00000669  __aeabi_memcpy                 
00000669  __aeabi_memcpy4                
00000669  __aeabi_memcpy8                
00000669  memcpy                         
00000705  __aeabi_memclr                 
00000705  __aeabi_memclr4                
00000705  __aeabi_memclr8                
00000707  __aeabi_memset                 
00000707  __aeabi_memset4                
00000707  __aeabi_memset8                
0000070d  memset                         
0000077f  __mpu_init                     
00000781  __TI_auto_init                 
000007f1  __TI_decompress_lzss           
00000859  _c_int00                       
000008ad  C$$EXIT                        
000008b1  abort                          
000008b9  exit                           
00000901  copy_in                        
0000094d  main                           
00000985  _args_main                     
0000099d  _register_unlock               
000009a3  _register_lock                 
000009ab  _nop                           
000009b1  __TI_decompress_none           
000009bf  Reset_Handler                  
000009cb  AES256_IRQHandler              
000009cb  BusFault_Handler               
000009cb  COMP_E0_IRQHandler             
000009cb  COMP_E1_IRQHandler             
000009cb  CS_IRQHandler                  
000009cb  DMA_ERR_IRQHandler             
000009cb  DMA_INT0_IRQHandler            
000009cb  DMA_INT1_IRQHandler            
000009cb  DMA_INT2_IRQHandler            
000009cb  DMA_INT3_IRQHandler            
000009cb  DebugMon_Handler               
000009cb  Default_Handler                
000009cb  EUSCIA1_IRQHandler             
000009cb  EUSCIA2_IRQHandler             
000009cb  EUSCIA3_IRQHandler             
000009cb  EUSCIB0_IRQHandler             
000009cb  EUSCIB1_IRQHandler             
000009cb  EUSCIB2_IRQHandler             
000009cb  EUSCIB3_IRQHandler             
000009cb  FLCTL_IRQHandler               
000009cb  FPU_IRQHandler                 
000009cb  HardFault_Handler              
000009cb  MemManage_Handler              
000009cb  NMI_Handler                    
000009cb  PCM_IRQHandler                 
000009cb  PORT1_IRQHandler               
000009cb  PORT2_IRQHandler               
000009cb  PORT3_IRQHandler               
000009cb  PORT4_IRQHandler               
000009cb  PORT5_IRQHandler               
000009cb  PORT6_IRQHandler               
000009cb  PSS_IRQHandler                 
000009cb  PendSV_Handler                 
000009cb  RTC_C_IRQHandler               
000009cb  SVC_Handler                    
000009cb  SysTick_Handler                
000009cb  T32_INT1_IRQHandler            
000009cb  T32_INT2_IRQHandler            
000009cb  T32_INTC_IRQHandler            
000009cb  TA0_0_IRQHandler               
000009cb  TA0_N_IRQHandler               
000009cb  TA1_0_IRQHandler               
000009cb  TA1_N_IRQHandler               
000009cb  TA2_0_IRQHandler               
000009cb  TA2_N_IRQHandler               
000009cb  TA3_0_IRQHandler               
000009cb  TA3_N_IRQHandler               
000009cb  UsageFault_Handler             
000009cb  WDT_A_IRQHandler               
000009cd  __TI_zero_init                 
000009d9  _system_pre_init               
000009dd  _system_post_cinit             
000009f8  __TI_Handler_Table_Base        
00000a04  __TI_Handler_Table_Limit       
00000a10  __TI_CINIT_Base                
00000a20  __TI_CINIT_Limit               
20000000  _sys_memory                    
20000400  __TI_cleanup_ptr               
20000404  __TI_dtors_ptr                 
20000408  __TI_enable_exit_profile_output
2000040c  _lock                          
20000410  _unlock                        
20000414  main_func_sp                   
20000418  SystemCoreClock                
2000041c  Nadc                           
20000420  yacc                           
20000422  data                           
20000423  receive                        
2000fe00  __stack                        
20010000  __STACK_END                    
4000480c  WDTCTL_SYM                     
ffffffff  __TI_pprof_out_hndl            
ffffffff  __TI_prof_data_size            
ffffffff  __TI_prof_data_start           
ffffffff  __binit__                      
ffffffff  __c_args__                     
ffffffff  binit                          
UNDEFED   SHT$$INIT_ARRAY$$Base          
UNDEFED   SHT$$INIT_ARRAY$$Limit         

[119 symbols]
